../Drivers/STM32F1xx_HAL_Driver/Inc/stm32f1xx_ll_rtc.h:276:22:LL_RTC_SetAsynchPrescaler	16	static
../Drivers/STM32F1xx_HAL_Driver/Inc/stm32f1xx_ll_rtc.h:311:22:LL_RTC_SetOutputSource	16	static
../Drivers/STM32F1xx_HAL_Driver/Inc/stm32f1xx_ll_rtc.h:339:22:LL_RTC_EnableWriteProtection	16	static
../Drivers/STM32F1xx_HAL_Driver/Inc/stm32f1xx_ll_rtc.h:350:22:LL_RTC_DisableWriteProtection	16	static
../Drivers/STM32F1xx_HAL_Driver/Inc/stm32f1xx_ll_rtc.h:373:22:LL_RTC_TIME_Set	16	static
../Drivers/STM32F1xx_HAL_Driver/Inc/stm32f1xx_ll_rtc.h:414:22:LL_RTC_ALARM_Set	16	static
../Drivers/STM32F1xx_HAL_Driver/Inc/stm32f1xx_ll_rtc.h:463:22:LL_RTC_TAMPER_Disable	16	static
../Drivers/STM32F1xx_HAL_Driver/Inc/stm32f1xx_ll_rtc.h:724:22:LL_RTC_ClearFlag_ALR	16	static
../Drivers/STM32F1xx_HAL_Driver/Inc/stm32f1xx_ll_rtc.h:735:26:LL_RTC_IsActiveFlag_RS	16	static
../Drivers/STM32F1xx_HAL_Driver/Inc/stm32f1xx_ll_rtc.h:746:22:LL_RTC_ClearFlag_RS	16	static
../Drivers/STM32F1xx_HAL_Driver/Inc/stm32f1xx_ll_rtc.h:768:22:LL_RTC_ClearFlag_OW	16	static
../Drivers/STM32F1xx_HAL_Driver/Inc/stm32f1xx_ll_rtc.h:790:22:LL_RTC_ClearFlag_SEC	16	static
../Drivers/STM32F1xx_HAL_Driver/Inc/stm32f1xx_ll_rtc.h:801:26:LL_RTC_IsActiveFlag_RTOF	16	static
../Drivers/STM32F1xx_HAL_Driver/Inc/stm32f1xx_ll_cortex.h:230:26:LL_SYSTICK_IsActiveCounterFlag	4	static
../Drivers/STM32F1xx_HAL_Driver/Src/stm32f1xx_ll_rtc.c:95:13:LL_RTC_DeInit	24	static
../Drivers/STM32F1xx_HAL_Driver/Src/stm32f1xx_ll_rtc.c:156:13:LL_RTC_Init	24	static
../Drivers/STM32F1xx_HAL_Driver/Src/stm32f1xx_ll_rtc.c:200:6:LL_RTC_StructInit	16	static
../Drivers/STM32F1xx_HAL_Driver/Src/stm32f1xx_ll_rtc.c:221:13:LL_RTC_TIME_Init	32	static
../Drivers/STM32F1xx_HAL_Driver/Src/stm32f1xx_ll_rtc.c:274:6:LL_RTC_TIME_StructInit	16	static
../Drivers/STM32F1xx_HAL_Driver/Src/stm32f1xx_ll_rtc.c:296:13:LL_RTC_ALARM_Init	32	static
../Drivers/STM32F1xx_HAL_Driver/Src/stm32f1xx_ll_rtc.c:349:6:LL_RTC_ALARM_StructInit	16	static
../Drivers/STM32F1xx_HAL_Driver/Src/stm32f1xx_ll_rtc.c:364:13:LL_RTC_EnterInitMode	32	static
../Drivers/STM32F1xx_HAL_Driver/Src/stm32f1xx_ll_rtc.c:403:13:LL_RTC_ExitInitMode	32	static
../Drivers/STM32F1xx_HAL_Driver/Src/stm32f1xx_ll_rtc.c:440:13:LL_RTC_TIME_SetCounter	24	static
../Drivers/STM32F1xx_HAL_Driver/Src/stm32f1xx_ll_rtc.c:466:13:LL_RTC_ALARM_SetCounter	24	static
../Drivers/STM32F1xx_HAL_Driver/Src/stm32f1xx_ll_rtc.c:493:13:LL_RTC_WaitForSynchro	32	static
