Archive member included to satisfy reference by file (symbol)

C:/ST/STM32CubeIDE_1.12.1/STM32CubeIDE/plugins/com.st.stm32cube.ide.mcu.externaltools.gnu-tools-for-stm32.11.3.rel1.win32_1.1.0.202305231506/tools/bin/../lib/gcc/arm-none-eabi/11.3.1/../../../../arm-none-eabi/lib/thumb/v7-m/nofp\libc_nano.a(libc_a-exit.o)
                              C:/ST/STM32CubeIDE_1.12.1/STM32CubeIDE/plugins/com.st.stm32cube.ide.mcu.externaltools.gnu-tools-for-stm32.11.3.rel1.win32_1.1.0.202305231506/tools/bin/../lib/gcc/arm-none-eabi/11.3.1/../../../../arm-none-eabi/lib/thumb/v7-m/nofp/crt0.o (exit)
C:/ST/STM32CubeIDE_1.12.1/STM32CubeIDE/plugins/com.st.stm32cube.ide.mcu.externaltools.gnu-tools-for-stm32.11.3.rel1.win32_1.1.0.202305231506/tools/bin/../lib/gcc/arm-none-eabi/11.3.1/../../../../arm-none-eabi/lib/thumb/v7-m/nofp\libc_nano.a(libc_a-findfp.o)
                              C:/ST/STM32CubeIDE_1.12.1/STM32CubeIDE/plugins/com.st.stm32cube.ide.mcu.externaltools.gnu-tools-for-stm32.11.3.rel1.win32_1.1.0.202305231506/tools/bin/../lib/gcc/arm-none-eabi/11.3.1/../../../../arm-none-eabi/lib/thumb/v7-m/nofp\libc_nano.a(libc_a-exit.o) (__stdio_exit_handler)
C:/ST/STM32CubeIDE_1.12.1/STM32CubeIDE/plugins/com.st.stm32cube.ide.mcu.externaltools.gnu-tools-for-stm32.11.3.rel1.win32_1.1.0.202305231506/tools/bin/../lib/gcc/arm-none-eabi/11.3.1/../../../../arm-none-eabi/lib/thumb/v7-m/nofp\libc_nano.a(libc_a-fwalk.o)
                              C:/ST/STM32CubeIDE_1.12.1/STM32CubeIDE/plugins/com.st.stm32cube.ide.mcu.externaltools.gnu-tools-for-stm32.11.3.rel1.win32_1.1.0.202305231506/tools/bin/../lib/gcc/arm-none-eabi/11.3.1/../../../../arm-none-eabi/lib/thumb/v7-m/nofp\libc_nano.a(libc_a-findfp.o) (_fwalk_sglue)
C:/ST/STM32CubeIDE_1.12.1/STM32CubeIDE/plugins/com.st.stm32cube.ide.mcu.externaltools.gnu-tools-for-stm32.11.3.rel1.win32_1.1.0.202305231506/tools/bin/../lib/gcc/arm-none-eabi/11.3.1/../../../../arm-none-eabi/lib/thumb/v7-m/nofp\libc_nano.a(libc_a-stdio.o)
                              C:/ST/STM32CubeIDE_1.12.1/STM32CubeIDE/plugins/com.st.stm32cube.ide.mcu.externaltools.gnu-tools-for-stm32.11.3.rel1.win32_1.1.0.202305231506/tools/bin/../lib/gcc/arm-none-eabi/11.3.1/../../../../arm-none-eabi/lib/thumb/v7-m/nofp\libc_nano.a(libc_a-findfp.o) (__sread)
C:/ST/STM32CubeIDE_1.12.1/STM32CubeIDE/plugins/com.st.stm32cube.ide.mcu.externaltools.gnu-tools-for-stm32.11.3.rel1.win32_1.1.0.202305231506/tools/bin/../lib/gcc/arm-none-eabi/11.3.1/../../../../arm-none-eabi/lib/thumb/v7-m/nofp\libc_nano.a(libc_a-memset.o)
                              C:/ST/STM32CubeIDE_1.12.1/STM32CubeIDE/plugins/com.st.stm32cube.ide.mcu.externaltools.gnu-tools-for-stm32.11.3.rel1.win32_1.1.0.202305231506/tools/bin/../lib/gcc/arm-none-eabi/11.3.1/../../../../arm-none-eabi/lib/thumb/v7-m/nofp/crt0.o (memset)
C:/ST/STM32CubeIDE_1.12.1/STM32CubeIDE/plugins/com.st.stm32cube.ide.mcu.externaltools.gnu-tools-for-stm32.11.3.rel1.win32_1.1.0.202305231506/tools/bin/../lib/gcc/arm-none-eabi/11.3.1/../../../../arm-none-eabi/lib/thumb/v7-m/nofp\libc_nano.a(libc_a-closer.o)
                              C:/ST/STM32CubeIDE_1.12.1/STM32CubeIDE/plugins/com.st.stm32cube.ide.mcu.externaltools.gnu-tools-for-stm32.11.3.rel1.win32_1.1.0.202305231506/tools/bin/../lib/gcc/arm-none-eabi/11.3.1/../../../../arm-none-eabi/lib/thumb/v7-m/nofp\libc_nano.a(libc_a-stdio.o) (_close_r)
C:/ST/STM32CubeIDE_1.12.1/STM32CubeIDE/plugins/com.st.stm32cube.ide.mcu.externaltools.gnu-tools-for-stm32.11.3.rel1.win32_1.1.0.202305231506/tools/bin/../lib/gcc/arm-none-eabi/11.3.1/../../../../arm-none-eabi/lib/thumb/v7-m/nofp\libc_nano.a(libc_a-reent.o)
                              C:/ST/STM32CubeIDE_1.12.1/STM32CubeIDE/plugins/com.st.stm32cube.ide.mcu.externaltools.gnu-tools-for-stm32.11.3.rel1.win32_1.1.0.202305231506/tools/bin/../lib/gcc/arm-none-eabi/11.3.1/../../../../arm-none-eabi/lib/thumb/v7-m/nofp\libc_nano.a(libc_a-closer.o) (errno)
C:/ST/STM32CubeIDE_1.12.1/STM32CubeIDE/plugins/com.st.stm32cube.ide.mcu.externaltools.gnu-tools-for-stm32.11.3.rel1.win32_1.1.0.202305231506/tools/bin/../lib/gcc/arm-none-eabi/11.3.1/../../../../arm-none-eabi/lib/thumb/v7-m/nofp\libc_nano.a(libc_a-impure.o)
                              C:/ST/STM32CubeIDE_1.12.1/STM32CubeIDE/plugins/com.st.stm32cube.ide.mcu.externaltools.gnu-tools-for-stm32.11.3.rel1.win32_1.1.0.202305231506/tools/bin/../lib/gcc/arm-none-eabi/11.3.1/../../../../arm-none-eabi/lib/thumb/v7-m/nofp\libc_nano.a(libc_a-reent.o) (_impure_ptr)
C:/ST/STM32CubeIDE_1.12.1/STM32CubeIDE/plugins/com.st.stm32cube.ide.mcu.externaltools.gnu-tools-for-stm32.11.3.rel1.win32_1.1.0.202305231506/tools/bin/../lib/gcc/arm-none-eabi/11.3.1/../../../../arm-none-eabi/lib/thumb/v7-m/nofp\libc_nano.a(libc_a-lseekr.o)
[...]
Memory Configuration

Name             Origin             Length             Attributes
RAM              0x0000000020000000 0x000000000000c000 xrw
FLASH            0x000000000800c000 0x0000000000034000 xr
*default*        0x0000000000000000 0xffffffffffffffff

Linker script and memory map

LOAD C:/ST/STM32CubeIDE_1.12.1/STM32CubeIDE/plugins/com.st.stm32cube.ide.mcu.externaltools.gnu-tools-for-stm32.11.3.rel1.win32_1.1.0.202305231506/tools/bin/../lib/gcc/arm-none-eabi/11.3.1/thumb/v7-m/nofp/crti.o
LOAD C:/ST/STM32CubeIDE_1.12.1/STM32CubeIDE/plugins/com.st.stm32cube.ide.mcu.externaltools.gnu-tools-for-stm32.11.3.rel1.win32_1.1.0.202305231506/tools/bin/../lib/gcc/arm-none-eabi/11.3.1/thumb/v7-m/nofp/crtbegin.o
LOAD C:/ST/STM32CubeIDE_1.12.1/STM32CubeIDE/plugins/com.st.stm32cube.ide.mcu.externaltools.gnu-tools-for-stm32.11.3.rel1.win32_1.1.0.202305231506/tools/bin/../lib/gcc/arm-none-eabi/11.3.1/../../../../arm-none-eabi/lib/thumb/v7-m/nofp/crt0.o
LOAD ./Core/Src/font8sans.o
LOAD ./Core/Src/main.o
LOAD ./Core/Src/stm32f1xx_hal_msp.o
LOAD ./Core/Src/stm32f1xx_it.o
LOAD ./Core/Src/syscalls.o
LOAD ./Core/Src/sysmem.o
LOAD ./Core/Src/system_stm32f1xx.o
LOAD ./Core/Startup/startup_stm32f103rctx.o
LOAD ./Drivers/STM32F1xx_HAL_Driver/Src/stm32f1xx_hal.o
LOAD ./Drivers/STM32F1xx_HAL_Driver/Src/stm32f1xx_hal_cortex.o
LOAD ./Drivers/STM32F1xx_HAL_Driver/Src/stm32f1xx_hal_dma.o
LOAD ./Drivers/STM32F1xx_HAL_Driver/Src/stm32f1xx_hal_exti.o
LOAD ./Drivers/STM32F1xx_HAL_Driver/Src/stm32f1xx_hal_flash.o
LOAD ./Drivers/STM32F1xx_HAL_Driver/Src/stm32f1xx_hal_flash_ex.o
LOAD ./Drivers/STM32F1xx_HAL_Driver/Src/stm32f1xx_hal_gpio.o
LOAD ./Drivers/STM32F1xx_HAL_Driver/Src/stm32f1xx_hal_gpio_ex.o
LOAD ./Drivers/STM32F1xx_HAL_Driver/Src/stm32f1xx_hal_pcd.o
LOAD ./Drivers/STM32F1xx_HAL_Driver/Src/stm32f1xx_hal_pcd_ex.o
LOAD ./Drivers/STM32F1xx_HAL_Driver/Src/stm32f1xx_hal_pwr.o
LOAD ./Drivers/STM32F1xx_HAL_Driver/Src/stm32f1xx_hal_rcc.o
LOAD ./Drivers/STM32F1xx_HAL_Driver/Src/stm32f1xx_hal_rcc_ex.o
LOAD ./Drivers/STM32F1xx_HAL_Driver/Src/stm32f1xx_hal_tim.o
LOAD ./Drivers/STM32F1xx_HAL_Driver/Src/stm32f1xx_hal_tim_ex.o
LOAD ./Drivers/STM32F1xx_HAL_Driver/Src/stm32f1xx_ll_dma.o
LOAD ./Drivers/STM32F1xx_HAL_Driver/Src/stm32f1xx_ll_exti.o
LOAD ./Drivers/STM32F1xx_HAL_Driver/Src/stm32f1xx_ll_gpio.o
LOAD ./Drivers/STM32F1xx_HAL_Driver/Src/stm32f1xx_ll_rcc.o
LOAD ./Drivers/STM32F1xx_HAL_Driver/Src/stm32f1xx_ll_rtc.o
LOAD ./Drivers/STM32F1xx_HAL_Driver/Src/stm32f1xx_ll_spi.o
LOAD ./Drivers/STM32F1xx_HAL_Driver/Src/stm32f1xx_ll_tim.o
LOAD ./Drivers/STM32F1xx_HAL_Driver/Src/stm32f1xx_ll_usb.o
LOAD ./Drivers/STM32F1xx_HAL_Driver/Src/stm32f1xx_ll_utils.o
LOAD ./Middlewares/ST/STM32_USB_Device_Library/Class/MSC/Src/usbd_msc.o
LOAD ./Middlewares/ST/STM32_USB_Device_Library/Class/MSC/Src/usbd_msc_bot.o
LOAD ./Middlewares/ST/STM32_USB_Device_Library/Class/MSC/Src/usbd_msc_data.o
LOAD ./Middlewares/ST/STM32_USB_Device_Library/Class/MSC/Src/usbd_msc_scsi.o
LOAD ./Middlewares/ST/STM32_USB_Device_Library/Core/Src/usbd_core.o
LOAD ./Middlewares/ST/STM32_USB_Device_Library/Core/Src/usbd_ctlreq.o
LOAD ./Middlewares/ST/STM32_USB_Device_Library/Core/Src/usbd_ioreq.o
LOAD ./USB_DEVICE/App/usb_device.o
LOAD ./USB_DEVICE/App/usbd_desc.o
LOAD ./USB_DEVICE/App/usbd_storage_if.o
LOAD ./USB_DEVICE/Target/usbd_conf.o
START GROUP
LOAD C:/ST/STM32CubeIDE_1.12.1/STM32CubeIDE/plugins/com.st.stm32cube.ide.mcu.externaltools.gnu-tools-for-stm32.11.3.rel1.win32_1.1.0.202305231506/tools/bin/../lib/gcc/arm-none-eabi/11.3.1/../../../../arm-none-eabi/lib/thumb/v7-m/nofp\libc_nano.a
LOAD C:/ST/STM32CubeIDE_1.12.1/STM32CubeIDE/plugins/com.st.stm32cube.ide.mcu.externaltools.gnu-tools-for-stm32.11.3.rel1.win32_1.1.0.202305231506/tools/bin/../lib/gcc/arm-none-eabi/11.3.1/../../../../arm-none-eabi/lib/thumb/v7-m/nofp\libm.a
END GROUP
START GROUP
LOAD C:/ST/STM32CubeIDE_1.12.1/STM32CubeIDE/plugins/com.st.stm32cube.ide.mcu.externaltools.gnu-tools-for-stm32.11.3.rel1.win32_1.1.0.202305231506/tools/bin/../lib/gcc/arm-none-eabi/11.3.1/thumb/v7-m/nofp\libgcc.a
LOAD C:/ST/STM32CubeIDE_1.12.1/STM32CubeIDE/plugins/com.st.stm32cube.ide.mcu.externaltools.gnu-tools-for-stm32.11.3.rel1.win32_1.1.0.202305231506/tools/bin/../lib/gcc/arm-none-eabi/11.3.1/../../../../arm-none-eabi/lib/thumb/v7-m/nofp\libc_nano.a
END GROUP
START GROUP
LOAD C:/ST/STM32CubeIDE_1.12.1/STM32CubeIDE/plugins/com.st.stm32cube.ide.mcu.externaltools.gnu-tools-for-stm32.11.3.rel1.win32_1.1.0.202305231506/tools/bin/../lib/gcc/arm-none-eabi/11.3.1/thumb/v7-m/nofp\libgcc.a
LOAD C:/ST/STM32CubeIDE_1.12.1/STM32CubeIDE/plugins/com.st.stm32cube.ide.mcu.externaltools.gnu-tools-for-stm32.11.3.rel1.win32_1.1.0.202305231506/tools/bin/../lib/gcc/arm-none-eabi/11.3.1/../../../../arm-none-eabi/lib/thumb/v7-m/nofp\libc_nano.a
LOAD C:/ST/STM32CubeIDE_1.12.1/STM32CubeIDE/plugins/com.st.stm32cube.ide.mcu.externaltools.gnu-tools-for-stm32.11.3.rel1.win32_1.1.0.202305231506/tools/bin/../lib/gcc/arm-none-eabi/11.3.1/../../../../arm-none-eabi/lib/thumb/v7-m/nofp\libnosys.a
END GROUP
START GROUP
LOAD C:/ST/STM32CubeIDE_1.12.1/STM32CubeIDE/plugins/com.st.stm32cube.ide.mcu.externaltools.gnu-tools-for-stm32.11.3.rel1.win32_1.1.0.202305231506/tools/bin/../lib/gcc/arm-none-eabi/11.3.1/thumb/v7-m/nofp\libgcc.a
LOAD C:/ST/STM32CubeIDE_1.12.1/STM32CubeIDE/plugins/com.st.stm32cube.ide.mcu.externaltools.gnu-tools-for-stm32.11.3.rel1.win32_1.1.0.202305231506/tools/bin/../lib/gcc/arm-none-eabi/11.3.1/../../../../arm-none-eabi/lib/thumb/v7-m/nofp\libc_nano.a
LOAD C:/ST/STM32CubeIDE_1.12.1/STM32CubeIDE/plugins/com.st.stm32cube.ide.mcu.externaltools.gnu-tools-for-stm32.11.3.rel1.win32_1.1.0.202305231506/tools/bin/../lib/gcc/arm-none-eabi/11.3.1/../../../../arm-none-eabi/lib/thumb/v7-m/nofp\libnosys.a
END GROUP
LOAD C:/ST/STM32CubeIDE_1.12.1/STM32CubeIDE/plugins/com.st.stm32cube.ide.mcu.externaltools.gnu-tools-for-stm32.11.3.rel1.win32_1.1.0.202305231506/tools/bin/../lib/gcc/arm-none-eabi/11.3.1/thumb/v7-m/nofp/crtend.o
LOAD C:/ST/STM32CubeIDE_1.12.1/STM32CubeIDE/plugins/com.st.stm32cube.ide.mcu.externaltools.gnu-tools-for-stm32.11.3.rel1.win32_1.1.0.202305231506/tools/bin/../lib/gcc/arm-none-eabi/11.3.1/thumb/v7-m/nofp/crtn.o
                0x000000002000c000                _estack = (ORIGIN (RAM) + LENGTH (RAM))
                0x0000000000000200                _Min_Heap_Size = 0x200
                0x0000000000000400                _Min_Stack_Size = 0x400

.isr_vector     0x000000000800c000      0x1e4
                0x000000000800c000                . = ALIGN (0x4)
 *(.isr_vector)
 .isr_vector    0x000000000800c000      0x1e4 ./Core/Startup/startup_stm32f103rctx.o
                0x000000000800c000                g_pfnVectors
                0x000000000800c1e4                . = ALIGN (0x4)

.text           0x000000000800c1e4     0x94ac
                0x000000000800c1e4                . = ALIGN (0x4)
 *(.text)
 .text          0x000000000800c1e4       0x40 C:/ST/STM32CubeIDE_1.12.1/STM32CubeIDE/plugins/com.st.stm32cube.ide.mcu.externaltools.gnu-tools-for-stm32.11.3.rel1.win32_1.1.0.202305231506/tools/bin/../lib/gcc/arm-none-eabi/11.3.1/thumb/v7-m/nofp/crtbegin.o
 *(.text*)
 .text.__NVIC_GetPriorityGrouping
                0x000000000800c224       0x1c ./Core/Src/main.o
 .text.__NVIC_EnableIRQ
                0x000000000800c240       0x38 ./Core/Src/main.o
 .text.__NVIC_SetPriority
                0x000000000800c278       0x54 ./Core/Src/main.o
 .text.NVIC_EncodePriority
                0x000000000800c2cc       0x64 ./Core/Src/main.o
 .text.LL_DMA_SetDataTransferDirection
                0x000000000800c330       0x48 ./Core/Src/main.o
 .text.LL_DMA_SetMode
                0x000000000800c378       0x44 ./Core/Src/main.o
 .text.LL_DMA_SetPeriphIncMode
                0x000000000800c3bc       0x44 ./Core/Src/main.o
 .text.LL_DMA_SetMemoryIncMode
                0x000000000800c400       0x44 ./Core/Src/main.o
 .text.LL_DMA_SetPeriphSize
                0x000000000800c444       0x44 ./Core/Src/main.o
 .text.LL_DMA_SetMemorySize
                0x000000000800c488       0x44 ./Core/Src/main.o
 .text.LL_DMA_SetChannelPriorityLevel
                0x000000000800c4cc       0x44 ./Core/Src/main.o
 .text.LL_DMA_ConfigAddresses
                0x000000000800c510       0x74 ./Core/Src/main.o
 .text.LL_DMA_EnableIT_TC
                0x000000000800c584       0x3c ./Core/Src/main.o
 .text.LL_RCC_HSE_Enable
                0x000000000800c5c0       0x1c ./Core/Src/main.o
 .text.LL_RCC_HSE_IsReady
                0x000000000800c5dc       0x24 ./Core/Src/main.o
 .text.LL_RCC_LSI_Enable
                0x000000000800c600       0x1c ./Core/Src/main.o
 .text.LL_RCC_LSI_IsReady
                0x000000000800c61c       0x24 ./Core/Src/main.o
 .text.LL_RCC_SetSysClkSource
                0x000000000800c640       0x28 ./Core/Src/main.o
 .text.LL_RCC_GetSysClkSource
                0x000000000800c668       0x18 ./Core/Src/main.o
 .text.LL_RCC_SetAHBPrescaler
                0x000000000800c680       0x28 ./Core/Src/main.o
 .text.LL_RCC_SetAPB1Prescaler
                0x000000000800c6a8       0x28 ./Core/Src/main.o
 .text.LL_RCC_SetAPB2Prescaler
                0x000000000800c6d0       0x28 ./Core/Src/main.o
 .text.LL_RCC_SetUSBClockSource
                0x000000000800c6f8       0x28 ./Core/Src/main.o
 .text.LL_RCC_SetRTCClockSource
                0x000000000800c720       0x28 ./Core/Src/main.o
 .text.LL_RCC_GetRTCClockSource
                0x000000000800c748       0x18 ./Core/Src/main.o
 .text.LL_RCC_EnableRTC
                0x000000000800c760       0x1c ./Core/Src/main.o
 .text.LL_RCC_ForceBackupDomainReset
                0x000000000800c77c       0x1c ./Core/Src/main.o
 .text.LL_RCC_ReleaseBackupDomainReset
                0x000000000800c798       0x1c ./Core/Src/main.o
 .text.LL_RCC_PLL_Enable
                0x000000000800c7b4       0x1c ./Core/Src/main.o
 .text.LL_RCC_PLL_IsReady
                0x000000000800c7d0       0x24 ./Core/Src/main.o
 .text.LL_RCC_PLL_ConfigDomain_SYS
                0x000000000800c7f4       0x30 ./Core/Src/main.o
 .text.LL_AHB1_GRP1_EnableClock
                0x000000000800c824       0x30 ./Core/Src/main.o
 .text.LL_APB1_GRP1_EnableClock
                0x000000000800c854       0x30 ./Core/Src/main.o
 .text.LL_APB2_GRP1_EnableClock
                0x000000000800c884       0x30 ./Core/Src/main.o
 .text.LL_FLASH_SetLatency
                0x000000000800c8b4       0x28 ./Core/Src/main.o
 .text.LL_FLASH_GetLatency
                0x000000000800c8dc       0x18 ./Core/Src/main.o
 .text.LL_PWR_EnableBkUpAccess
                0x000000000800c8f4       0x1c ./Core/Src/main.o
 .text.LL_RTC_SetAsynchPrescaler
                0x000000000800c910       0x38 ./Core/Src/main.o
 .text.LL_SPI_Enable
                0x000000000800c948       0x1e ./Core/Src/main.o
 .text.LL_SPI_EnableDMAReq_TX
                0x000000000800c966       0x1e ./Core/Src/main.o
 .text.LL_SPI_DMA_GetRegAddr
                0x000000000800c984       0x16 ./Core/Src/main.o
 .text.LL_TIM_EnableCounter
                0x000000000800c99a       0x1e ./Core/Src/main.o
 .text.LL_TIM_EnableARRPreload
                0x000000000800c9b8       0x1e ./Core/Src/main.o
 .text.LL_TIM_CC_EnableChannel
                0x000000000800c9d6       0x20 ./Core/Src/main.o
 *fill*         0x000000000800c9f6        0x2 
 .text.LL_TIM_OC_DisableFast
                0x000000000800c9f8       0x88 ./Core/Src/main.o
 .text.LL_TIM_OC_EnablePreload
                0x000000000800ca80       0x88 ./Core/Src/main.o
 .text.LL_TIM_OC_SetCompareCH4
                0x000000000800cb08       0x1a ./Core/Src/main.o
 .text.LL_TIM_SetClockSource
                0x000000000800cb22       0x28 ./Core/Src/main.o
 .text.LL_TIM_SetTriggerOutput
                0x000000000800cb4a       0x24 ./Core/Src/main.o
 .text.LL_TIM_DisableMasterSlaveMode
                0x000000000800cb6e       0x1e ./Core/Src/main.o
 .text.LL_TIM_ClearFlag_UPDATE
                0x000000000800cb8c       0x1a ./Core/Src/main.o
 .text.LL_TIM_EnableIT_UPDATE
                0x000000000800cba6       0x1e ./Core/Src/main.o
 .text.LL_GPIO_ResetOutputPin
                0x000000000800cbc4       0x1e ./Core/Src/main.o
 .text.LL_GPIO_TogglePin
                0x000000000800cbe2       0x38 ./Core/Src/main.o
 *fill*         0x000000000800cc1a        0x2 
 .text.main     0x000000000800cc1c      0x174 ./Core/Src/main.o
                0x000000000800cc1c                main
 .text.SystemClock_Config
                0x000000000800cd90       0xc0 ./Core/Src/main.o
                0x000000000800cd90                SystemClock_Config
 .text.MX_RTC_Init
                0x000000000800ce50       0x44 ./Core/Src/main.o
 .text.MX_SPI1_Init
                0x000000000800ce94       0xe4 ./Core/Src/main.o
 .text.MX_TIM3_Init
                0x000000000800cf78      0x100 ./Core/Src/main.o
 .text.MX_TIM6_Init
                0x000000000800d078       0x74 ./Core/Src/main.o
 .text.MX_DMA_Init
                0x000000000800d0ec       0x2e ./Core/Src/main.o
 *fill*         0x000000000800d11a        0x2 
 .text.MX_GPIO_Init
                0x000000000800d11c       0x58 ./Core/Src/main.o
 .text.cpToLPBuffer
                0x000000000800d174       0x84 ./Core/Src/main.o
                0x000000000800d174                cpToLPBuffer
 .text.Error_Handler
                0x000000000800d1f8        0xa ./Core/Src/main.o
                0x000000000800d1f8                Error_Handler
 *fill*         0x000000000800d202        0x2 
 .text.HAL_MspInit
                0x000000000800d204       0x64 ./Core/Src/stm32f1xx_hal_msp.o
                0x000000000800d204                HAL_MspInit
 .text.LL_DMA_EnableChannel
                0x000000000800d268       0x3c ./Core/Src/stm32f1xx_it.o
 .text.LL_DMA_DisableChannel
                0x000000000800d2a4       0x3c ./Core/Src/stm32f1xx_it.o
 .text.LL_DMA_SetDataLength
                0x000000000800d2e0       0x44 ./Core/Src/stm32f1xx_it.o
 .text.LL_DMA_ConfigAddresses
                0x000000000800d324       0x74 ./Core/Src/stm32f1xx_it.o
 .text.LL_DMA_IsActiveFlag_TC3
                0x000000000800d398       0x26 ./Core/Src/stm32f1xx_it.o
 .text.LL_DMA_ClearFlag_TC3
                0x000000000800d3be       0x1a ./Core/Src/stm32f1xx_it.o
 .text.LL_SPI_IsActiveFlag_BSY
                0x000000000800d3d8       0x24 ./Core/Src/stm32f1xx_it.o
 .text.LL_SPI_DMA_GetRegAddr
                0x000000000800d3fc       0x16 ./Core/Src/stm32f1xx_it.o
 .text.LL_TIM_ClearFlag_UPDATE
                0x000000000800d412       0x1a ./Core/Src/stm32f1xx_it.o
 .text.LL_TIM_IsActiveFlag_UPDATE
                0x000000000800d42c       0x24 ./Core/Src/stm32f1xx_it.o
 .text.LL_TIM_ClearFlag_CC4
                0x000000000800d450       0x1a ./Core/Src/stm32f1xx_it.o
 .text.LL_TIM_IsActiveFlag_CC4
                0x000000000800d46a       0x24 ./Core/Src/stm32f1xx_it.o
 .text.LL_GPIO_SetOutputPin
                0x000000000800d48e       0x1e ./Core/Src/stm32f1xx_it.o
 .text.LL_GPIO_ResetOutputPin
                0x000000000800d4ac       0x1e ./Core/Src/stm32f1xx_it.o
 .text.NMI_Handler
                0x000000000800d4ca        0x6 ./Core/Src/stm32f1xx_it.o
                0x000000000800d4ca                NMI_Handler
 .text.HardFault_Handler
                0x000000000800d4d0        0x6 ./Core/Src/stm32f1xx_it.o
                0x000000000800d4d0                HardFault_Handler
 .text.MemManage_Handler
                0x000000000800d4d6        0x6 ./Core/Src/stm32f1xx_it.o
                0x000000000800d4d6                MemManage_Handler
 .text.BusFault_Handler
                0x000000000800d4dc        0x6 ./Core/Src/stm32f1xx_it.o
                0x000000000800d4dc                BusFault_Handler
 .text.UsageFault_Handler
                0x000000000800d4e2        0x6 ./Core/Src/stm32f1xx_it.o
                0x000000000800d4e2                UsageFault_Handler
 .text.SVC_Handler
                0x000000000800d4e8        0xc ./Core/Src/stm32f1xx_it.o
                0x000000000800d4e8                SVC_Handler
 .text.DebugMon_Handler
                0x000000000800d4f4        0xc ./Core/Src/stm32f1xx_it.o
                0x000000000800d4f4                DebugMon_Handler
 .text.PendSV_Handler
                0x000000000800d500        0xc ./Core/Src/stm32f1xx_it.o
                0x000000000800d500                PendSV_Handler
 .text.SysTick_Handler
                0x000000000800d50c        0xc ./Core/Src/stm32f1xx_it.o
                0x000000000800d50c                SysTick_Handler
 .text.DMA1_Channel3_IRQHandler
                0x000000000800d518       0x3c ./Core/Src/stm32f1xx_it.o
                0x000000000800d518                DMA1_Channel3_IRQHandler
 .text.USB_LP_CAN1_RX0_IRQHandler
                0x000000000800d554       0x14 ./Core/Src/stm32f1xx_it.o
                0x000000000800d554                USB_LP_CAN1_RX0_IRQHandler
 .text.TIM3_IRQHandler
                0x000000000800d568       0xdc ./Core/Src/stm32f1xx_it.o
                0x000000000800d568                TIM3_IRQHandler
 .text.TIM6_IRQHandler
                0x000000000800d644        0xc ./Core/Src/stm32f1xx_it.o
                0x000000000800d644                TIM6_IRQHandler
 .text.SystemInit
                0x000000000800d650       0x1c ./Core/Src/system_stm32f1xx.o
                0x000000000800d650                SystemInit
 .text.Reset_Handler
                0x000000000800d66c       0x48 ./Core/Startup/startup_stm32f103rctx.o
                0x000000000800d66c                Reset_Handler
 .text.Default_Handler
                0x000000000800d6b4        0x2 ./Core/Startup/startup_stm32f103rctx.o
                0x000000000800d6b4                RTC_Alarm_IRQHandler
                0x000000000800d6b4                EXTI2_IRQHandler
                0x000000000800d6b4                TIM8_TRG_COM_IRQHandler
                0x000000000800d6b4                TIM8_CC_IRQHandler
                0x000000000800d6b4                TIM1_CC_IRQHandler
                0x000000000800d6b4                PVD_IRQHandler
                0x000000000800d6b4                SDIO_IRQHandler
                0x000000000800d6b4                EXTI3_IRQHandler
                0x000000000800d6b4                EXTI0_IRQHandler
                0x000000000800d6b4                I2C2_EV_IRQHandler
                0x000000000800d6b4                ADC1_2_IRQHandler
                0x000000000800d6b4                SPI1_IRQHandler
                0x000000000800d6b4                TAMPER_IRQHandler
                0x000000000800d6b4                TIM8_UP_IRQHandler
                0x000000000800d6b4                DMA2_Channel2_IRQHandler
                0x000000000800d6b4                DMA1_Channel4_IRQHandler
                0x000000000800d6b4                USART3_IRQHandler
                0x000000000800d6b4                RTC_IRQHandler
                0x000000000800d6b4                DMA1_Channel7_IRQHandler
                0x000000000800d6b4                CAN1_RX1_IRQHandler
                0x000000000800d6b4                UART5_IRQHandler
                0x000000000800d6b4                ADC3_IRQHandler
                0x000000000800d6b4                TIM4_IRQHandler
                0x000000000800d6b4                DMA2_Channel1_IRQHandler
                0x000000000800d6b4                I2C1_EV_IRQHandler
                0x000000000800d6b4                DMA1_Channel6_IRQHandler
                0x000000000800d6b4                UART4_IRQHandler
                0x000000000800d6b4                RCC_IRQHandler
                0x000000000800d6b4                TIM1_TRG_COM_IRQHandler
                0x000000000800d6b4                DMA1_Channel1_IRQHandler
                0x000000000800d6b4                Default_Handler
                0x000000000800d6b4                EXTI15_10_IRQHandler
                0x000000000800d6b4                TIM7_IRQHandler
                0x000000000800d6b4                TIM5_IRQHandler
                0x000000000800d6b4                EXTI9_5_IRQHandler
                0x000000000800d6b4                SPI2_IRQHandler
                0x000000000800d6b4                DMA1_Channel5_IRQHandler
                0x000000000800d6b4                EXTI4_IRQHandler
                0x000000000800d6b4                USB_HP_CAN1_TX_IRQHandler
                0x000000000800d6b4                FSMC_IRQHandler
                0x000000000800d6b4                TIM1_UP_IRQHandler
                0x000000000800d6b4                WWDG_IRQHandler
                0x000000000800d6b4                TIM2_IRQHandler
                0x000000000800d6b4                TIM1_BRK_IRQHandler
                0x000000000800d6b4                EXTI1_IRQHandler
                0x000000000800d6b4                DMA2_Channel4_5_IRQHandler
                0x000000000800d6b4                USART2_IRQHandler
                0x000000000800d6b4                I2C2_ER_IRQHandler
                0x000000000800d6b4                DMA1_Channel2_IRQHandler
                0x000000000800d6b4                TIM8_BRK_IRQHandler
                0x000000000800d6b4                CAN1_SCE_IRQHandler
                0x000000000800d6b4                FLASH_IRQHandler
                0x000000000800d6b4                USART1_IRQHandler
                0x000000000800d6b4                SPI3_IRQHandler
                0x000000000800d6b4                I2C1_ER_IRQHandler
                0x000000000800d6b4                USBWakeUp_IRQHandler
                0x000000000800d6b4                DMA2_Channel3_IRQHandler
 *fill*         0x000000000800d6b6        0x2 
 .text.HAL_Init
                0x000000000800d6b8       0x2c ./Drivers/STM32F1xx_HAL_Driver/Src/stm32f1xx_hal.o
                0x000000000800d6b8                HAL_Init
 .text.HAL_InitTick
                0x000000000800d6e4       0x60 ./Drivers/STM32F1xx_HAL_Driver/Src/stm32f1xx_hal.o
                0x000000000800d6e4                HAL_InitTick
 .text.HAL_IncTick
                0x000000000800d744       0x24 ./Drivers/STM32F1xx_HAL_Driver/Src/stm32f1xx_hal.o
                0x000000000800d744                HAL_IncTick
 .text.__NVIC_SetPriorityGrouping
                0x000000000800d768       0x48 ./Drivers/STM32F1xx_HAL_Driver/Src/stm32f1xx_hal_cortex.o
 .text.__NVIC_GetPriorityGrouping
                0x000000000800d7b0       0x1c ./Drivers/STM32F1xx_HAL_Driver/Src/stm32f1xx_hal_cortex.o
 .text.__NVIC_EnableIRQ
                0x000000000800d7cc       0x38 ./Drivers/STM32F1xx_HAL_Driver/Src/stm32f1xx_hal_cortex.o
 .text.__NVIC_SetPriority
                0x000000000800d804       0x54 ./Drivers/STM32F1xx_HAL_Driver/Src/stm32f1xx_hal_cortex.o
 .text.NVIC_EncodePriority
                0x000000000800d858       0x64 ./Drivers/STM32F1xx_HAL_Driver/Src/stm32f1xx_hal_cortex.o
 .text.SysTick_Config
                0x000000000800d8bc       0x44 ./Drivers/STM32F1xx_HAL_Driver/Src/stm32f1xx_hal_cortex.o
 .text.HAL_NVIC_SetPriorityGrouping
                0x000000000800d900       0x16 ./Drivers/STM32F1xx_HAL_Driver/Src/stm32f1xx_hal_cortex.o
                0x000000000800d900                HAL_NVIC_SetPriorityGrouping
 .text.HAL_NVIC_SetPriority
                0x000000000800d916       0x38 ./Drivers/STM32F1xx_HAL_Driver/Src/stm32f1xx_hal_cortex.o
                0x000000000800d916                HAL_NVIC_SetPriority
 .text.HAL_NVIC_EnableIRQ
                0x000000000800d94e       0x1c ./Drivers/STM32F1xx_HAL_Driver/Src/stm32f1xx_hal_cortex.o
                0x000000000800d94e                HAL_NVIC_EnableIRQ
 .text.HAL_SYSTICK_Config
                0x000000000800d96a       0x18 ./Drivers/STM32F1xx_HAL_Driver/Src/stm32f1xx_hal_cortex.o
                0x000000000800d96a                HAL_SYSTICK_Config
 .text.HAL_PCD_Init
                0x000000000800d982      0x1fe ./Drivers/STM32F1xx_HAL_Driver/Src/stm32f1xx_hal_pcd.o
                0x000000000800d982                HAL_PCD_Init
 .text.HAL_PCD_Start
                0x000000000800db80       0x4c ./Drivers/STM32F1xx_HAL_Driver/Src/stm32f1xx_hal_pcd.o
                0x000000000800db80                HAL_PCD_Start
 .text.HAL_PCD_IRQHandler
                0x000000000800dbcc      0x260 ./Drivers/STM32F1xx_HAL_Driver/Src/stm32f1xx_hal_pcd.o
                0x000000000800dbcc                HAL_PCD_IRQHandler
 .text.HAL_PCD_SetAddress
                0x000000000800de2c       0x4a ./Drivers/STM32F1xx_HAL_Driver/Src/stm32f1xx_hal_pcd.o
                0x000000000800de2c                HAL_PCD_SetAddress
 .text.HAL_PCD_EP_Open
                0x000000000800de76       0xba ./Drivers/STM32F1xx_HAL_Driver/Src/stm32f1xx_hal_pcd.o
                0x000000000800de76                HAL_PCD_EP_Open
 .text.HAL_PCD_EP_Close
                0x000000000800df30       0x90 ./Drivers/STM32F1xx_HAL_Driver/Src/stm32f1xx_hal_pcd.o
                0x000000000800df30                HAL_PCD_EP_Close
 .text.HAL_PCD_EP_Receive
                0x000000000800dfc0       0x62 ./Drivers/STM32F1xx_HAL_Driver/Src/stm32f1xx_hal_pcd.o
                0x000000000800dfc0                HAL_PCD_EP_Receive
 .text.HAL_PCD_EP_GetRxCount
                0x000000000800e022       0x2e ./Drivers/STM32F1xx_HAL_Driver/Src/stm32f1xx_hal_pcd.o
                0x000000000800e022                HAL_PCD_EP_GetRxCount
 .text.HAL_PCD_EP_Transmit
                0x000000000800e050       0x6e ./Drivers/STM32F1xx_HAL_Driver/Src/stm32f1xx_hal_pcd.o
                0x000000000800e050                HAL_PCD_EP_Transmit
 .text.HAL_PCD_EP_SetStall
                0x000000000800e0be       0xc0 ./Drivers/STM32F1xx_HAL_Driver/Src/stm32f1xx_hal_pcd.o
                0x000000000800e0be                HAL_PCD_EP_SetStall
 .text.HAL_PCD_EP_ClrStall
                0x000000000800e17e       0xa8 ./Drivers/STM32F1xx_HAL_Driver/Src/stm32f1xx_hal_pcd.o
                0x000000000800e17e                HAL_PCD_EP_ClrStall
 .text.HAL_PCD_EP_Flush
                0x000000000800e226       0x5a ./Drivers/STM32F1xx_HAL_Driver/Src/stm32f1xx_hal_pcd.o
                0x000000000800e226                HAL_PCD_EP_Flush
 .text.PCD_EP_ISR_Handler
                0x000000000800e280      0x7a6 ./Drivers/STM32F1xx_HAL_Driver/Src/stm32f1xx_hal_pcd.o
 .text.HAL_PCD_EP_DB_Receive
                0x000000000800ea26      0x21a ./Drivers/STM32F1xx_HAL_Driver/Src/stm32f1xx_hal_pcd.o
 .text.HAL_PCD_EP_DB_Transmit
                0x000000000800ec40      0x7f4 ./Drivers/STM32F1xx_HAL_Driver/Src/stm32f1xx_hal_pcd.o
 .text.HAL_PCDEx_PMAConfig
                0x000000000800f434       0x84 ./Drivers/STM32F1xx_HAL_Driver/Src/stm32f1xx_hal_pcd_ex.o
                0x000000000800f434                HAL_PCDEx_PMAConfig
 .text.LL_GPIO_SetPinMode
                0x000000000800f4b8       0x64 ./Drivers/STM32F1xx_HAL_Driver/Src/stm32f1xx_ll_gpio.o
 .text.LL_GPIO_SetPinSpeed
                0x000000000800f51c       0x64 ./Drivers/STM32F1xx_HAL_Driver/Src/stm32f1xx_ll_gpio.o
 .text.LL_GPIO_SetPinOutputType
                0x000000000800f580       0x64 ./Drivers/STM32F1xx_HAL_Driver/Src/stm32f1xx_ll_gpio.o
 .text.LL_GPIO_SetPinPull
                0x000000000800f5e4       0x44 ./Drivers/STM32F1xx_HAL_Driver/Src/stm32f1xx_ll_gpio.o
 .text.LL_GPIO_Init
                0x000000000800f628       0xcc ./Drivers/STM32F1xx_HAL_Driver/Src/stm32f1xx_ll_gpio.o
                0x000000000800f628                LL_GPIO_Init
 .text.LL_RTC_SetAsynchPrescaler
                0x000000000800f6f4       0x38 ./Drivers/STM32F1xx_HAL_Driver/Src/stm32f1xx_ll_rtc.o
 .text.LL_RTC_SetOutputSource
                0x000000000800f72c       0x24 ./Drivers/STM32F1xx_HAL_Driver/Src/stm32f1xx_ll_rtc.o
 .text.LL_RTC_EnableWriteProtection
                0x000000000800f750       0x1e ./Drivers/STM32F1xx_HAL_Driver/Src/stm32f1xx_ll_rtc.o
 .text.LL_RTC_DisableWriteProtection
                0x000000000800f76e       0x1e ./Drivers/STM32F1xx_HAL_Driver/Src/stm32f1xx_ll_rtc.o
 .text.LL_RTC_TAMPER_Disable
                0x000000000800f78c       0x24 ./Drivers/STM32F1xx_HAL_Driver/Src/stm32f1xx_ll_rtc.o
 .text.LL_RTC_ClearFlag_ALR
                0x000000000800f7b0       0x1e ./Drivers/STM32F1xx_HAL_Driver/Src/stm32f1xx_ll_rtc.o
 .text.LL_RTC_IsActiveFlag_RS
                0x000000000800f7ce       0x24 ./Drivers/STM32F1xx_HAL_Driver/Src/stm32f1xx_ll_rtc.o
 .text.LL_RTC_ClearFlag_RS
                0x000000000800f7f2       0x1e ./Drivers/STM32F1xx_HAL_Driver/Src/stm32f1xx_ll_rtc.o
 .text.LL_RTC_ClearFlag_OW
                0x000000000800f810       0x1e ./Drivers/STM32F1xx_HAL_Driver/Src/stm32f1xx_ll_rtc.o
 .text.LL_RTC_ClearFlag_SEC
                0x000000000800f82e       0x1e ./Drivers/STM32F1xx_HAL_Driver/Src/stm32f1xx_ll_rtc.o
 .text.LL_RTC_IsActiveFlag_RTOF
                0x000000000800f84c       0x24 ./Drivers/STM32F1xx_HAL_Driver/Src/stm32f1xx_ll_rtc.o
 .text.LL_SYSTICK_IsActiveCounterFlag
                0x000000000800f870       0x24 ./Drivers/STM32F1xx_HAL_Driver/Src/stm32f1xx_ll_rtc.o
 .text.LL_RTC_Init
                0x000000000800f894       0x78 ./Drivers/STM32F1xx_HAL_Driver/Src/stm32f1xx_ll_rtc.o
                0x000000000800f894                LL_RTC_Init
 .text.LL_RTC_EnterInitMode
                0x000000000800f90c       0x5e ./Drivers/STM32F1xx_HAL_Driver/Src/stm32f1xx_ll_rtc.o
                0x000000000800f90c                LL_RTC_EnterInitMode
 .text.LL_RTC_ExitInitMode
                0x000000000800f96a       0x5e ./Drivers/STM32F1xx_HAL_Driver/Src/stm32f1xx_ll_rtc.o
                0x000000000800f96a                LL_RTC_ExitInitMode
 .text.LL_RTC_WaitForSynchro
                0x000000000800f9c8       0x5e ./Drivers/STM32F1xx_HAL_Driver/Src/stm32f1xx_ll_rtc.o
                0x000000000800f9c8                LL_RTC_WaitForSynchro
 .text.LL_SPI_IsEnabled
                0x000000000800fa26       0x24 ./Drivers/STM32F1xx_HAL_Driver/Src/stm32f1xx_ll_spi.o
 .text.LL_SPI_SetCRCPolynomial
                0x000000000800fa4a       0x1e ./Drivers/STM32F1xx_HAL_Driver/Src/stm32f1xx_ll_spi.o
 .text.LL_SPI_Init
                0x000000000800fa68       0xa4 ./Drivers/STM32F1xx_HAL_Driver/Src/stm32f1xx_ll_spi.o
                0x000000000800fa68                LL_SPI_Init
 .text.LL_TIM_SetPrescaler
                0x000000000800fb0c       0x1a ./Drivers/STM32F1xx_HAL_Driver/Src/stm32f1xx_ll_tim.o
 .text.LL_TIM_SetAutoReload
                0x000000000800fb26       0x1a ./Drivers/STM32F1xx_HAL_Driver/Src/stm32f1xx_ll_tim.o
 .text.LL_TIM_SetRepetitionCounter
                0x000000000800fb40       0x1a ./Drivers/STM32F1xx_HAL_Driver/Src/stm32f1xx_ll_tim.o
 .text.LL_TIM_OC_SetCompareCH1
                0x000000000800fb5a       0x1a ./Drivers/STM32F1xx_HAL_Driver/Src/stm32f1xx_ll_tim.o
 .text.LL_TIM_OC_SetCompareCH2
                0x000000000800fb74       0x1a ./Drivers/STM32F1xx_HAL_Driver/Src/stm32f1xx_ll_tim.o
 .text.LL_TIM_OC_SetCompareCH3
                0x000000000800fb8e       0x1a ./Drivers/STM32F1xx_HAL_Driver/Src/stm32f1xx_ll_tim.o
 .text.LL_TIM_OC_SetCompareCH4
                0x000000000800fba8       0x1a ./Drivers/STM32F1xx_HAL_Driver/Src/stm32f1xx_ll_tim.o
 .text.LL_TIM_GenerateEvent_UPDATE
                0x000000000800fbc2       0x1e ./Drivers/STM32F1xx_HAL_Driver/Src/stm32f1xx_ll_tim.o
 .text.LL_TIM_Init
                0x000000000800fbe0       0xec ./Drivers/STM32F1xx_HAL_Driver/Src/stm32f1xx_ll_tim.o
                0x000000000800fbe0                LL_TIM_Init
 .text.LL_TIM_OC_Init
                0x000000000800fccc       0x82 ./Drivers/STM32F1xx_HAL_Driver/Src/stm32f1xx_ll_tim.o
                0x000000000800fccc                LL_TIM_OC_Init
 *fill*         0x000000000800fd4e        0x2 
 .text.OC1Config
                0x000000000800fd50       0xd8 ./Drivers/STM32F1xx_HAL_Driver/Src/stm32f1xx_ll_tim.o
 .text.OC2Config
                0x000000000800fe28       0xe0 ./Drivers/STM32F1xx_HAL_Driver/Src/stm32f1xx_ll_tim.o
 .text.OC3Config
                0x000000000800ff08       0xe0 ./Drivers/STM32F1xx_HAL_Driver/Src/stm32f1xx_ll_tim.o
 .text.OC4Config
                0x000000000800ffe8       0xb0 ./Drivers/STM32F1xx_HAL_Driver/Src/stm32f1xx_ll_tim.o
 .text.USB_CoreInit
                0x0000000008010098       0x20 ./Drivers/STM32F1xx_HAL_Driver/Src/stm32f1xx_ll_usb.o
                0x0000000008010098                USB_CoreInit
 .text.USB_EnableGlobalInt
                0x00000000080100b8       0x2c ./Drivers/STM32F1xx_HAL_Driver/Src/stm32f1xx_ll_usb.o
                0x00000000080100b8                USB_EnableGlobalInt
 .text.USB_DisableGlobalInt
                0x00000000080100e4       0x34 ./Drivers/STM32F1xx_HAL_Driver/Src/stm32f1xx_ll_usb.o
                0x00000000080100e4                USB_DisableGlobalInt
 .text.USB_SetCurrentMode
                0x0000000008010118       0x18 ./Drivers/STM32F1xx_HAL_Driver/Src/stm32f1xx_ll_usb.o
                0x0000000008010118                USB_SetCurrentMode
 .text.USB_DevInit
                0x0000000008010130       0x40 ./Drivers/STM32F1xx_HAL_Driver/Src/stm32f1xx_ll_usb.o
                0x0000000008010130                USB_DevInit
 .text.USB_FlushTxFifo
                0x0000000008010170       0x16 ./Drivers/STM32F1xx_HAL_Driver/Src/stm32f1xx_ll_usb.o
                0x0000000008010170                USB_FlushTxFifo
 .text.USB_FlushRxFifo
                0x0000000008010186       0x14 ./Drivers/STM32F1xx_HAL_Driver/Src/stm32f1xx_ll_usb.o
                0x0000000008010186                USB_FlushRxFifo
 *fill*         0x000000000801019a        0x2 
 .text.USB_ActivateEndpoint
                0x000000000801019c      0x780 ./Drivers/STM32F1xx_HAL_Driver/Src/stm32f1xx_ll_usb.o
                0x000000000801019c                USB_ActivateEndpoint
 .text.USB_DeactivateEndpoint
                0x000000000801091c      0x3d8 ./Drivers/STM32F1xx_HAL_Driver/Src/stm32f1xx_ll_usb.o
                0x000000000801091c                USB_DeactivateEndpoint
 .text.USB_EPStartXfer
                0x0000000008010cf4     0x1762 ./Drivers/STM32F1xx_HAL_Driver/Src/stm32f1xx_ll_usb.o
                0x0000000008010cf4                USB_EPStartXfer
 .text.USB_EPSetStall
                0x0000000008012456       0xa0 ./Drivers/STM32F1xx_HAL_Driver/Src/stm32f1xx_ll_usb.o
                0x0000000008012456                USB_EPSetStall
 .text.USB_EPClearStall
                0x00000000080124f6      0x15a ./Drivers/STM32F1xx_HAL_Driver/Src/stm32f1xx_ll_usb.o
                0x00000000080124f6                USB_EPClearStall
 .text.USB_SetDevAddress
                0x0000000008012650       0x26 ./Drivers/STM32F1xx_HAL_Driver/Src/stm32f1xx_ll_usb.o
                0x0000000008012650                USB_SetDevAddress
 .text.USB_DevConnect
                0x0000000008012676       0x14 ./Drivers/STM32F1xx_HAL_Driver/Src/stm32f1xx_ll_usb.o
                0x0000000008012676                USB_DevConnect
 .text.USB_DevDisconnect
                0x000000000801268a       0x14 ./Drivers/STM32F1xx_HAL_Driver/Src/stm32f1xx_ll_usb.o
                0x000000000801268a                USB_DevDisconnect
 .text.USB_ReadInterrupts
                0x000000000801269e       0x1e ./Drivers/STM32F1xx_HAL_Driver/Src/stm32f1xx_ll_usb.o
                0x000000000801269e                USB_ReadInterrupts
 .text.USB_EP0_OutStart
                0x00000000080126bc       0x16 ./Drivers/STM32F1xx_HAL_Driver/Src/stm32f1xx_ll_usb.o
                0x00000000080126bc                USB_EP0_OutStart
 .text.USB_WritePMA
                0x00000000080126d2       0x8a ./Drivers/STM32F1xx_HAL_Driver/Src/stm32f1xx_ll_usb.o
                0x00000000080126d2                USB_WritePMA
 .text.USB_ReadPMA
                0x000000000801275c       0x9e ./Drivers/STM32F1xx_HAL_Driver/Src/stm32f1xx_ll_usb.o
                0x000000000801275c                USB_ReadPMA
 *fill*         0x00000000080127fa        0x2 
 .text.LL_SetSystemCoreClock
                0x00000000080127fc       0x1c ./Drivers/STM32F1xx_HAL_Driver/Src/stm32f1xx_ll_utils.o
                0x00000000080127fc                LL_SetSystemCoreClock
 .text.USBD_MSC_Init
                0x0000000008012818       0x94 ./Middlewares/ST/STM32_USB_Device_Library/Class/MSC/Src/usbd_msc.o
                0x0000000008012818                USBD_MSC_Init
 .text.USBD_MSC_DeInit
                0x00000000080128ac       0x58 ./Middlewares/ST/STM32_USB_Device_Library/Class/MSC/Src/usbd_msc.o
                0x00000000080128ac                USBD_MSC_DeInit
 .text.USBD_MSC_Setup
                0x0000000008012904      0x26c ./Middlewares/ST/STM32_USB_Device_Library/Class/MSC/Src/usbd_msc.o
                0x0000000008012904                USBD_MSC_Setup
 .text.USBD_MSC_DataIn
                0x0000000008012b70       0x20 ./Middlewares/ST/STM32_USB_Device_Library/Class/MSC/Src/usbd_msc.o
                0x0000000008012b70                USBD_MSC_DataIn
 .text.USBD_MSC_DataOut
                0x0000000008012b90       0x20 ./Middlewares/ST/STM32_USB_Device_Library/Class/MSC/Src/usbd_msc.o
                0x0000000008012b90                USBD_MSC_DataOut
 .text.USBD_MSC_GetHSCfgDesc
                0x0000000008012bb0       0x20 ./Middlewares/ST/STM32_USB_Device_Library/Class/MSC/Src/usbd_msc.o
                0x0000000008012bb0                USBD_MSC_GetHSCfgDesc
 .text.USBD_MSC_GetFSCfgDesc
                0x0000000008012bd0       0x20 ./Middlewares/ST/STM32_USB_Device_Library/Class/MSC/Src/usbd_msc.o
                0x0000000008012bd0                USBD_MSC_GetFSCfgDesc
 .text.USBD_MSC_GetOtherSpeedCfgDesc
                0x0000000008012bf0       0x20 ./Middlewares/ST/STM32_USB_Device_Library/Class/MSC/Src/usbd_msc.o
                0x0000000008012bf0                USBD_MSC_GetOtherSpeedCfgDesc
 .text.USBD_MSC_GetDeviceQualifierDescriptor
                0x0000000008012c10       0x20 ./Middlewares/ST/STM32_USB_Device_Library/Class/MSC/Src/usbd_msc.o
                0x0000000008012c10                USBD_MSC_GetDeviceQualifierDescriptor
 .text.USBD_MSC_RegisterStorage
                0x0000000008012c30       0x24 ./Middlewares/ST/STM32_USB_Device_Library/Class/MSC/Src/usbd_msc.o
                0x0000000008012c30                USBD_MSC_RegisterStorage
 .text.MSC_BOT_Init
                0x0000000008012c54       0x60 ./Middlewares/ST/STM32_USB_Device_Library/Class/MSC/Src/usbd_msc_bot.o
                0x0000000008012c54                MSC_BOT_Init
 .text.MSC_BOT_Reset
                0x0000000008012cb4       0x34 ./Middlewares/ST/STM32_USB_Device_Library/Class/MSC/Src/usbd_msc_bot.o
                0x0000000008012cb4                MSC_BOT_Reset
 .text.MSC_BOT_DeInit
                0x0000000008012ce8       0x20 ./Middlewares/ST/STM32_USB_Device_Library/Class/MSC/Src/usbd_msc_bot.o
                0x0000000008012ce8                MSC_BOT_DeInit
 .text.MSC_BOT_DataIn
                0x0000000008012d08       0x64 ./Middlewares/ST/STM32_USB_Device_Library/Class/MSC/Src/usbd_msc_bot.o
                0x0000000008012d08                MSC_BOT_DataIn
 .text.MSC_BOT_DataOut
                0x0000000008012d6c       0x56 ./Middlewares/ST/STM32_USB_Device_Library/Class/MSC/Src/usbd_msc_bot.o
                0x0000000008012d6c                MSC_BOT_DataOut
 *fill*         0x0000000008012dc2        0x2 
 .text.MSC_BOT_CBW_Decode
                0x0000000008012dc4      0x10c ./Middlewares/ST/STM32_USB_Device_Library/Class/MSC/Src/usbd_msc_bot.o
 .text.MSC_BOT_SendData
                0x0000000008012ed0       0x62 ./Middlewares/ST/STM32_USB_Device_Library/Class/MSC/Src/usbd_msc_bot.o
 *fill*         0x0000000008012f32        0x2 
 .text.MSC_BOT_SendCSW
                0x0000000008012f34       0x58 ./Middlewares/ST/STM32_USB_Device_Library/Class/MSC/Src/usbd_msc_bot.o
                0x0000000008012f34                MSC_BOT_SendCSW
 .text.MSC_BOT_Abort
                0x0000000008012f8c       0x5c ./Middlewares/ST/STM32_USB_Device_Library/Class/MSC/Src/usbd_msc_bot.o
 .text.MSC_BOT_CplClrFeature
                0x0000000008012fe8       0x4e ./Middlewares/ST/STM32_USB_Device_Library/Class/MSC/Src/usbd_msc_bot.o
                0x0000000008012fe8                MSC_BOT_CplClrFeature
 *fill*         0x0000000008013036        0x2 
 .text.SCSI_ProcessCmd
                0x0000000008013038      0x250 ./Middlewares/ST/STM32_USB_Device_Library/Class/MSC/Src/usbd_msc_scsi.o
                0x0000000008013038                SCSI_ProcessCmd
 .text.SCSI_TestUnitReady
                0x0000000008013288       0x72 ./Middlewares/ST/STM32_USB_Device_Library/Class/MSC/Src/usbd_msc_scsi.o
 *fill*         0x00000000080132fa        0x2 
 .text.SCSI_Inquiry
                0x00000000080132fc       0xbc ./Middlewares/ST/STM32_USB_Device_Library/Class/MSC/Src/usbd_msc_scsi.o
 .text.SCSI_ReadCapacity10
                0x00000000080133b8       0xce ./Middlewares/ST/STM32_USB_Device_Library/Class/MSC/Src/usbd_msc_scsi.o
 .text.SCSI_ReadFormatCapacity
                0x0000000008013486       0xc8 ./Middlewares/ST/STM32_USB_Device_Library/Class/MSC/Src/usbd_msc_scsi.o
 *fill*         0x000000000801354e        0x2 
 .text.SCSI_ModeSense6
                0x0000000008013550       0x50 ./Middlewares/ST/STM32_USB_Device_Library/Class/MSC/Src/usbd_msc_scsi.o
 .text.SCSI_ModeSense10
                0x00000000080135a0       0x50 ./Middlewares/ST/STM32_USB_Device_Library/Class/MSC/Src/usbd_msc_scsi.o
 .text.SCSI_RequestSense
                0x00000000080135f0       0xd4 ./Middlewares/ST/STM32_USB_Device_Library/Class/MSC/Src/usbd_msc_scsi.o
 .text.SCSI_SenseCode
                0x00000000080136c4       0x72 ./Middlewares/ST/STM32_USB_Device_Library/Class/MSC/Src/usbd_msc_scsi.o
                0x00000000080136c4                SCSI_SenseCode
 .text.SCSI_StartStopUnit
                0x0000000008013736       0x28 ./Middlewares/ST/STM32_USB_Device_Library/Class/MSC/Src/usbd_msc_scsi.o
 .text.SCSI_Read10
                0x000000000801375e      0x118 ./Middlewares/ST/STM32_USB_Device_Library/Class/MSC/Src/usbd_msc_scsi.o
 .text.SCSI_Write10
                0x0000000008013876      0x160 ./Middlewares/ST/STM32_USB_Device_Library/Class/MSC/Src/usbd_msc_scsi.o
 .text.SCSI_Verify10
                0x00000000080139d6       0x66 ./Middlewares/ST/STM32_USB_Device_Library/Class/MSC/Src/usbd_msc_scsi.o
 .text.SCSI_CheckAddressRange
                0x0000000008013a3c       0x44 ./Middlewares/ST/STM32_USB_Device_Library/Class/MSC/Src/usbd_msc_scsi.o
 .text.SCSI_ProcessRead
                0x0000000008013a80       0xe8 ./Middlewares/ST/STM32_USB_Device_Library/Class/MSC/Src/usbd_msc_scsi.o
 .text.SCSI_ProcessWrite
                0x0000000008013b68      0x108 ./Middlewares/ST/STM32_USB_Device_Library/Class/MSC/Src/usbd_msc_scsi.o
 .text.USBD_Init
                0x0000000008013c70       0x56 ./Middlewares/ST/STM32_USB_Device_Library/Core/Src/usbd_core.o
                0x0000000008013c70                USBD_Init
 .text.USBD_RegisterClass
                0x0000000008013cc6       0x32 ./Middlewares/ST/STM32_USB_Device_Library/Core/Src/usbd_core.o
                0x0000000008013cc6                USBD_RegisterClass
 .text.USBD_Start
                0x0000000008013cf8       0x18 ./Middlewares/ST/STM32_USB_Device_Library/Core/Src/usbd_core.o
                0x0000000008013cf8                USBD_Start
 .text.USBD_RunTestMode
                0x0000000008013d10       0x14 ./Middlewares/ST/STM32_USB_Device_Library/Core/Src/usbd_core.o
                0x0000000008013d10                USBD_RunTestMode
 .text.USBD_SetClassConfig
                0x0000000008013d24       0x3e ./Middlewares/ST/STM32_USB_Device_Library/Core/Src/usbd_core.o
                0x0000000008013d24                USBD_SetClassConfig
 .text.USBD_ClrClassConfig
                0x0000000008013d62       0x26 ./Middlewares/ST/STM32_USB_Device_Library/Core/Src/usbd_core.o
                0x0000000008013d62                USBD_ClrClassConfig
 .text.USBD_LL_SetupStage
                0x0000000008013d88       0x9a ./Middlewares/ST/STM32_USB_Device_Library/Core/Src/usbd_core.o
                0x0000000008013d88                USBD_LL_SetupStage
 .text.USBD_LL_DataOutStage
                0x0000000008013e22       0xe2 ./Middlewares/ST/STM32_USB_Device_Library/Core/Src/usbd_core.o
                0x0000000008013e22                USBD_LL_DataOutStage
 .text.USBD_LL_DataInStage
                0x0000000008013f04      0x14a ./Middlewares/ST/STM32_USB_Device_Library/Core/Src/usbd_core.o
                0x0000000008013f04                USBD_LL_DataInStage
 .text.USBD_LL_Reset
                0x000000000801404e       0x82 ./Middlewares/ST/STM32_USB_Device_Library/Core/Src/usbd_core.o
                0x000000000801404e                USBD_LL_Reset
 .text.USBD_LL_SetSpeed
                0x00000000080140d0       0x1e ./Middlewares/ST/STM32_USB_Device_Library/Core/Src/usbd_core.o
                0x00000000080140d0                USBD_LL_SetSpeed
 .text.USBD_LL_Suspend
                0x00000000080140ee       0x28 ./Middlewares/ST/STM32_USB_Device_Library/Core/Src/usbd_core.o
                0x00000000080140ee                USBD_LL_Suspend
 .text.USBD_LL_Resume
                0x0000000008014116       0x2a ./Middlewares/ST/STM32_USB_Device_Library/Core/Src/usbd_core.o
                0x0000000008014116                USBD_LL_Resume
 .text.USBD_LL_SOF
                0x0000000008014140       0x34 ./Middlewares/ST/STM32_USB_Device_Library/Core/Src/usbd_core.o
                0x0000000008014140                USBD_LL_SOF
 .text.USBD_StdDevReq
                0x0000000008014174       0xd4 ./Middlewares/ST/STM32_USB_Device_Library/Core/Src/usbd_ctlreq.o
                0x0000000008014174                USBD_StdDevReq
 .text.USBD_StdItfReq
                0x0000000008014248       0x90 ./Middlewares/ST/STM32_USB_Device_Library/Core/Src/usbd_ctlreq.o
                0x0000000008014248                USBD_StdItfReq
 .text.USBD_StdEPReq
                0x00000000080142d8      0x2c6 ./Middlewares/ST/STM32_USB_Device_Library/Core/Src/usbd_ctlreq.o
                0x00000000080142d8                USBD_StdEPReq
 *fill*         0x000000000801459e        0x2 
 .text.USBD_GetDescriptor
                0x00000000080145a0      0x2d0 ./Middlewares/ST/STM32_USB_Device_Library/Core/Src/usbd_ctlreq.o
 .text.USBD_SetAddress
                0x0000000008014870       0x86 ./Middlewares/ST/STM32_USB_Device_Library/Core/Src/usbd_ctlreq.o
 *fill*         0x00000000080148f6        0x2 
 .text.USBD_SetConfig
                0x00000000080148f8      0x11c ./Middlewares/ST/STM32_USB_Device_Library/Core/Src/usbd_ctlreq.o
 .text.USBD_GetConfig
                0x0000000008014a14       0x6a ./Middlewares/ST/STM32_USB_Device_Library/Core/Src/usbd_ctlreq.o
 .text.USBD_GetStatus
                0x0000000008014a7e       0x66 ./Middlewares/ST/STM32_USB_Device_Library/Core/Src/usbd_ctlreq.o
 .text.USBD_SetFeature
                0x0000000008014ae4       0x28 ./Middlewares/ST/STM32_USB_Device_Library/Core/Src/usbd_ctlreq.o
 .text.USBD_ClrFeature
                0x0000000008014b0c       0x42 ./Middlewares/ST/STM32_USB_Device_Library/Core/Src/usbd_ctlreq.o
 .text.USBD_ParseSetupRequest
                0x0000000008014b4e       0x78 ./Middlewares/ST/STM32_USB_Device_Library/Core/Src/usbd_ctlreq.o
                0x0000000008014b4e                USBD_ParseSetupRequest
 .text.USBD_CtlError
                0x0000000008014bc6       0x22 ./Middlewares/ST/STM32_USB_Device_Library/Core/Src/usbd_ctlreq.o
                0x0000000008014bc6                USBD_CtlError
 .text.USBD_GetString
                0x0000000008014be8       0x84 ./Middlewares/ST/STM32_USB_Device_Library/Core/Src/usbd_ctlreq.o
                0x0000000008014be8                USBD_GetString
 .text.USBD_GetLen
                0x0000000008014c6c       0x2e ./Middlewares/ST/STM32_USB_Device_Library/Core/Src/usbd_ctlreq.o
 .text.USBD_CtlSendData
                0x0000000008014c9a       0x38 ./Middlewares/ST/STM32_USB_Device_Library/Core/Src/usbd_ioreq.o
                0x0000000008014c9a                USBD_CtlSendData
 .text.USBD_CtlContinueSendData
                0x0000000008014cd2       0x24 ./Middlewares/ST/STM32_USB_Device_Library/Core/Src/usbd_ioreq.o
                0x0000000008014cd2                USBD_CtlContinueSendData
 .text.USBD_CtlContinueRx
                0x0000000008014cf6       0x24 ./Middlewares/ST/STM32_USB_Device_Library/Core/Src/usbd_ioreq.o
                0x0000000008014cf6                USBD_CtlContinueRx
 .text.USBD_CtlSendStatus
                0x0000000008014d1a       0x26 ./Middlewares/ST/STM32_USB_Device_Library/Core/Src/usbd_ioreq.o
                0x0000000008014d1a                USBD_CtlSendStatus
 .text.USBD_CtlReceiveStatus
                0x0000000008014d40       0x26 ./Middlewares/ST/STM32_USB_Device_Library/Core/Src/usbd_ioreq.o
                0x0000000008014d40                USBD_CtlReceiveStatus
 *fill*         0x0000000008014d66        0x2 
 .text.MX_USB_DEVICE_Init
                0x0000000008014d68       0x60 ./USB_DEVICE/App/usb_device.o
                0x0000000008014d68                MX_USB_DEVICE_Init
 .text.USBD_FS_DeviceDescriptor
                0x0000000008014dc8       0x24 ./USB_DEVICE/App/usbd_desc.o
                0x0000000008014dc8                USBD_FS_DeviceDescriptor
 .text.USBD_FS_LangIDStrDescriptor
                0x0000000008014dec       0x24 ./USB_DEVICE/App/usbd_desc.o
                0x0000000008014dec                USBD_FS_LangIDStrDescriptor
 .text.USBD_FS_ProductStrDescriptor
                0x0000000008014e10       0x3c ./USB_DEVICE/App/usbd_desc.o
                0x0000000008014e10                USBD_FS_ProductStrDescriptor
 .text.USBD_FS_ManufacturerStrDescriptor
                0x0000000008014e4c       0x28 ./USB_DEVICE/App/usbd_desc.o
                0x0000000008014e4c                USBD_FS_ManufacturerStrDescriptor
 .text.USBD_FS_SerialStrDescriptor
                0x0000000008014e74       0x24 ./USB_DEVICE/App/usbd_desc.o
                0x0000000008014e74                USBD_FS_SerialStrDescriptor
 .text.USBD_FS_ConfigStrDescriptor
                0x0000000008014e98       0x3c ./USB_DEVICE/App/usbd_desc.o
                0x0000000008014e98                USBD_FS_ConfigStrDescriptor
 .text.USBD_FS_InterfaceStrDescriptor
                0x0000000008014ed4       0x3c ./USB_DEVICE/App/usbd_desc.o
                0x0000000008014ed4                USBD_FS_InterfaceStrDescriptor
 .text.Get_SerialNum
                0x0000000008014f10       0x58 ./USB_DEVICE/App/usbd_desc.o
 .text.IntToUnicode
                0x0000000008014f68       0x7c ./USB_DEVICE/App/usbd_desc.o
 .text.STORAGE_Init_FS
                0x0000000008014fe4       0x16 ./USB_DEVICE/App/usbd_storage_if.o
 .text.STORAGE_GetCapacity_FS
                0x0000000008014ffa       0x2a ./USB_DEVICE/App/usbd_storage_if.o
 .text.STORAGE_IsReady_FS
                0x0000000008015024       0x16 ./USB_DEVICE/App/usbd_storage_if.o
 .text.STORAGE_IsWriteProtected_FS
                0x000000000801503a       0x16 ./USB_DEVICE/App/usbd_storage_if.o
 .text.STORAGE_Read_FS
                0x0000000008015050       0x20 ./USB_DEVICE/App/usbd_storage_if.o
 .text.STORAGE_Write_FS
                0x0000000008015070       0x20 ./USB_DEVICE/App/usbd_storage_if.o
 .text.STORAGE_GetMaxLun_FS
                0x0000000008015090        0xe ./USB_DEVICE/App/usbd_storage_if.o
 *fill*         0x000000000801509e        0x2 
 .text.HAL_PCD_MspInit
                0x00000000080150a0       0x4c ./USB_DEVICE/Target/usbd_conf.o
                0x00000000080150a0                HAL_PCD_MspInit
 .text.HAL_PCD_SetupStageCallback
                0x00000000080150ec       0x24 ./USB_DEVICE/Target/usbd_conf.o
                0x00000000080150ec                HAL_PCD_SetupStageCallback
 .text.HAL_PCD_DataOutStageCallback
                0x0000000008015110       0x36 ./USB_DEVICE/Target/usbd_conf.o
                0x0000000008015110                HAL_PCD_DataOutStageCallback
 .text.HAL_PCD_DataInStageCallback
                0x0000000008015146       0x34 ./USB_DEVICE/Target/usbd_conf.o
                0x0000000008015146                HAL_PCD_DataInStageCallback
 .text.HAL_PCD_SOFCallback
                0x000000000801517a       0x1c ./USB_DEVICE/Target/usbd_conf.o
                0x000000000801517a                HAL_PCD_SOFCallback
 .text.HAL_PCD_ResetCallback
                0x0000000008015196       0x3c ./USB_DEVICE/Target/usbd_conf.o
                0x0000000008015196                HAL_PCD_ResetCallback
 *fill*         0x00000000080151d2        0x2 
 .text.HAL_PCD_SuspendCallback
                0x00000000080151d4       0x34 ./USB_DEVICE/Target/usbd_conf.o
                0x00000000080151d4                HAL_PCD_SuspendCallback
 .text.HAL_PCD_ResumeCallback
                0x0000000008015208       0x1c ./USB_DEVICE/Target/usbd_conf.o
                0x0000000008015208                HAL_PCD_ResumeCallback
 .text.USBD_LL_Init
                0x0000000008015224       0xa0 ./USB_DEVICE/Target/usbd_conf.o
                0x0000000008015224                USBD_LL_Init
 .text.USBD_LL_Start
                0x00000000080152c4       0x36 ./USB_DEVICE/Target/usbd_conf.o
                0x00000000080152c4                USBD_LL_Start
 .text.USBD_LL_OpenEP
                0x00000000080152fa       0x4c ./USB_DEVICE/Target/usbd_conf.o
                0x00000000080152fa                USBD_LL_OpenEP
 .text.USBD_LL_CloseEP
                0x0000000008015346       0x3e ./USB_DEVICE/Target/usbd_conf.o
                0x0000000008015346                USBD_LL_CloseEP
 .text.USBD_LL_FlushEP
                0x0000000008015384       0x3e ./USB_DEVICE/Target/usbd_conf.o
                0x0000000008015384                USBD_LL_FlushEP
 .text.USBD_LL_StallEP
                0x00000000080153c2       0x3e ./USB_DEVICE/Target/usbd_conf.o
                0x00000000080153c2                USBD_LL_StallEP
 .text.USBD_LL_ClearStallEP
                0x0000000008015400       0x3e ./USB_DEVICE/Target/usbd_conf.o
                0x0000000008015400                USBD_LL_ClearStallEP
 .text.USBD_LL_IsStallEP
                0x000000000801543e       0x58 ./USB_DEVICE/Target/usbd_conf.o
                0x000000000801543e                USBD_LL_IsStallEP
 .text.USBD_LL_SetUSBAddress
                0x0000000008015496       0x3e ./USB_DEVICE/Target/usbd_conf.o
                0x0000000008015496                USBD_LL_SetUSBAddress
 .text.USBD_LL_Transmit
                0x00000000080154d4       0x46 ./USB_DEVICE/Target/usbd_conf.o
                0x00000000080154d4                USBD_LL_Transmit
 .text.USBD_LL_PrepareReceive
                0x000000000801551a       0x46 ./USB_DEVICE/Target/usbd_conf.o
                0x000000000801551a                USBD_LL_PrepareReceive
 .text.USBD_LL_GetRxDataSize
                0x0000000008015560       0x26 ./USB_DEVICE/Target/usbd_conf.o
                0x0000000008015560                USBD_LL_GetRxDataSize
 *fill*         0x0000000008015586        0x2 
 .text.USBD_static_malloc
                0x0000000008015588       0x18 ./USB_DEVICE/Target/usbd_conf.o
                0x0000000008015588                USBD_static_malloc
 .text.USBD_static_free
                0x00000000080155a0       0x12 ./USB_DEVICE/Target/usbd_conf.o
                0x00000000080155a0                USBD_static_free
 .text.HAL_PCDEx_SetConnectionState
                0x00000000080155b2       0x16 ./USB_DEVICE/Target/usbd_conf.o
                0x00000000080155b2                HAL_PCDEx_SetConnectionState
 .text.USBD_Get_USB_Status
                0x00000000080155c8       0x58 ./USB_DEVICE/Target/usbd_conf.o
 .text.memset   0x0000000008015620       0x10 C:/ST/STM32CubeIDE_1.12.1/STM32CubeIDE/plugins/com.st.stm32cube.ide.mcu.externaltools.gnu-tools-for-stm32.11.3.rel1.win32_1.1.0.202305231506/tools/bin/../lib/gcc/arm-none-eabi/11.3.1/../../../../arm-none-eabi/lib/thumb/v7-m/nofp\libc_nano.a(libc_a-memset.o)
                0x0000000008015620                memset
 .text.__libc_init_array
                0x0000000008015630       0x48 C:/ST/STM32CubeIDE_1.12.1/STM32CubeIDE/plugins/com.st.stm32cube.ide.mcu.externaltools.gnu-tools-for-stm32.11.3.rel1.win32_1.1.0.202305231506/tools/bin/../lib/gcc/arm-none-eabi/11.3.1/../../../../arm-none-eabi/lib/thumb/v7-m/nofp\libc_nano.a(libc_a-init.o)
                0x0000000008015630                __libc_init_array
 *(.glue_7)
 .glue_7        0x0000000008015678        0x0 linker stubs
 *(.glue_7t)
 .glue_7t       0x0000000008015678        0x0 linker stubs
 *(.eh_frame)
 .eh_frame      0x0000000008015678        0x0 C:/ST/STM32CubeIDE_1.12.1/STM32CubeIDE/plugins/com.st.stm32cube.ide.mcu.externaltools.gnu-tools-for-stm32.11.3.rel1.win32_1.1.0.202305231506/tools/bin/../lib/gcc/arm-none-eabi/11.3.1/thumb/v7-m/nofp/crtbegin.o
 *(.init)
 .init          0x0000000008015678        0x4 C:/ST/STM32CubeIDE_1.12.1/STM32CubeIDE/plugins/com.st.stm32cube.ide.mcu.externaltools.gnu-tools-for-stm32.11.3.rel1.win32_1.1.0.202305231506/tools/bin/../lib/gcc/arm-none-eabi/11.3.1/thumb/v7-m/nofp/crti.o
                0x0000000008015678                _init
 .init          0x000000000801567c        0x8 C:/ST/STM32CubeIDE_1.12.1/STM32CubeIDE/plugins/com.st.stm32cube.ide.mcu.externaltools.gnu-tools-for-stm32.11.3.rel1.win32_1.1.0.202305231506/tools/bin/../lib/gcc/arm-none-eabi/11.3.1/thumb/v7-m/nofp/crtn.o
 *(.fini)
 .fini          0x0000000008015684        0x4 C:/ST/STM32CubeIDE_1.12.1/STM32CubeIDE/plugins/com.st.stm32cube.ide.mcu.externaltools.gnu-tools-for-stm32.11.3.rel1.win32_1.1.0.202305231506/tools/bin/../lib/gcc/arm-none-eabi/11.3.1/thumb/v7-m/nofp/crti.o
                0x0000000008015684                _fini
 .fini          0x0000000008015688        0x8 C:/ST/STM32CubeIDE_1.12.1/STM32CubeIDE/plugins/com.st.stm32cube.ide.mcu.externaltools.gnu-tools-for-stm32.11.3.rel1.win32_1.1.0.202305231506/tools/bin/../lib/gcc/arm-none-eabi/11.3.1/thumb/v7-m/nofp/crtn.o
                0x0000000008015690                . = ALIGN (0x4)
                0x0000000008015690                _etext = .

.vfp11_veneer   0x0000000008015690        0x0
 .vfp11_veneer  0x0000000008015690        0x0 linker stubs

.v4_bx          0x0000000008015690        0x0
 .v4_bx         0x0000000008015690        0x0 linker stubs

.iplt           0x0000000008015690        0x0
 .iplt          0x0000000008015690        0x0 C:/ST/STM32CubeIDE_1.12.1/STM32CubeIDE/plugins/com.st.stm32cube.ide.mcu.externaltools.gnu-tools-for-stm32.11.3.rel1.win32_1.1.0.202305231506/tools/bin/../lib/gcc/arm-none-eabi/11.3.1/thumb/v7-m/nofp/crtbegin.o

.rodata         0x0000000008015690      0x12c
                0x0000000008015690                . = ALIGN (0x4)
 *(.rodata)
 .rodata        0x0000000008015690       0x42 ./USB_DEVICE/App/usbd_desc.o
 *(.rodata*)
 *fill*         0x00000000080156d2        0x2 
 .rodata.font_8ptBtmps
                0x00000000080156d4       0x68 ./Core/Src/font8sans.o
                0x00000000080156d4                font_8ptBtmps
 .rodata.font_8ptChrsDescr
                0x000000000801573c       0x1e ./Core/Src/font8sans.o
                0x000000000801573c                font_8ptChrsDescr
 *fill*         0x000000000801575a        0x2 
 .rodata.font_8pt_info
                0x000000000801575c        0x4 ./Core/Src/font8sans.o
                0x000000000801575c                font_8pt_info
 .rodata.CHANNEL_OFFSET_TAB
                0x0000000008015760        0x7 ./Core/Src/main.o
 *fill*         0x0000000008015767        0x1 
 .rodata.OFFSET_TAB_CCMRx
                0x0000000008015768        0x7 ./Core/Src/main.o
 *fill*         0x000000000801576f        0x1 
 .rodata.SHIFT_TAB_OCxx
                0x0000000008015770        0x7 ./Core/Src/main.o
 *fill*         0x0000000008015777        0x1 
 .rodata.CHANNEL_OFFSET_TAB
                0x0000000008015778        0x7 ./Core/Src/stm32f1xx_it.o
 *fill*         0x000000000801577f        0x1 
 .rodata.MSC_Page00_Inquiry_Data
                0x0000000008015780        0x7 ./Middlewares/ST/STM32_USB_Device_Library/Class/MSC/Src/usbd_msc_data.o
                0x0000000008015780                MSC_Page00_Inquiry_Data
 *fill*         0x0000000008015787        0x1 
 .rodata.MSC_Mode_Sense6_data
                0x0000000008015788        0x8 ./Middlewares/ST/STM32_USB_Device_Library/Class/MSC/Src/usbd_msc_data.o
                0x0000000008015788                MSC_Mode_Sense6_data
 .rodata.MSC_Mode_Sense10_data
                0x0000000008015790        0x8 ./Middlewares/ST/STM32_USB_Device_Library/Class/MSC/Src/usbd_msc_data.o
                0x0000000008015790                MSC_Mode_Sense10_data
 .rodata.STORAGE_Inquirydata_FS
                0x0000000008015798       0x24 ./USB_DEVICE/App/usbd_storage_if.o
                0x0000000008015798                STORAGE_Inquirydata_FS
                0x00000000080157bc                . = ALIGN (0x4)

.rel.dyn        0x00000000080157bc        0x0
 .rel.iplt      0x00000000080157bc        0x0 C:/ST/STM32CubeIDE_1.12.1/STM32CubeIDE/plugins/com.st.stm32cube.ide.mcu.externaltools.gnu-tools-for-stm32.11.3.rel1.win32_1.1.0.202305231506/tools/bin/../lib/gcc/arm-none-eabi/11.3.1/thumb/v7-m/nofp/crtbegin.o

.ARM.extab      0x00000000080157bc        0x0
                0x00000000080157bc                . = ALIGN (0x4)
 *(.ARM.extab* .gnu.linkonce.armextab.*)
                0x00000000080157bc                . = ALIGN (0x4)

.ARM            0x00000000080157bc        0x0
                0x00000000080157bc                . = ALIGN (0x4)
                0x00000000080157bc                __exidx_start = .
 *(.ARM.exidx*)
                0x00000000080157bc                __exidx_end = .
                0x00000000080157bc                . = ALIGN (0x4)

.preinit_array  0x00000000080157bc        0x0
                0x00000000080157bc                . = ALIGN (0x4)
                0x00000000080157bc                PROVIDE (__preinit_array_start = .)
 *(.preinit_array*)
                0x00000000080157bc                PROVIDE (__preinit_array_end = .)
                0x00000000080157bc                . = ALIGN (0x4)

.init_array     0x00000000080157bc        0x4
                0x00000000080157bc                . = ALIGN (0x4)
                0x00000000080157bc                PROVIDE (__init_array_start = .)
 *(SORT_BY_NAME(.init_array.*))
 *(.init_array*)
 .init_array    0x00000000080157bc        0x4 C:/ST/STM32CubeIDE_1.12.1/STM32CubeIDE/plugins/com.st.stm32cube.ide.mcu.externaltools.gnu-tools-for-stm32.11.3.rel1.win32_1.1.0.202305231506/tools/bin/../lib/gcc/arm-none-eabi/11.3.1/thumb/v7-m/nofp/crtbegin.o
                0x00000000080157c0                PROVIDE (__init_array_end = .)
                0x00000000080157c0                . = ALIGN (0x4)

.fini_array     0x00000000080157c0        0x4
                0x00000000080157c0                . = ALIGN (0x4)
                [!provide]                        PROVIDE (__fini_array_start = .)
 *(SORT_BY_NAME(.fini_array.*))
 *(.fini_array*)
 .fini_array    0x00000000080157c0        0x4 C:/ST/STM32CubeIDE_1.12.1/STM32CubeIDE/plugins/com.st.stm32cube.ide.mcu.externaltools.gnu-tools-for-stm32.11.3.rel1.win32_1.1.0.202305231506/tools/bin/../lib/gcc/arm-none-eabi/11.3.1/thumb/v7-m/nofp/crtbegin.o
                [!provide]                        PROVIDE (__fini_array_end = .)
                0x00000000080157c4                . = ALIGN (0x4)
                0x00000000080157c4                _sidata = LOADADDR (.data)

.data           0x0000000020000000      0x128 load address 0x00000000080157c4
                0x0000000020000000                . = ALIGN (0x4)
                0x0000000020000000                _sdata = .
 *(.data)
 *(.data*)
 .data.test123  0x0000000020000000        0x6 ./Core/Src/main.o
                0x0000000020000000                test123
 *fill*         0x0000000020000006        0x2 
 .data.SystemCoreClock
                0x0000000020000008        0x4 ./Core/Src/system_stm32f1xx.o
                0x0000000020000008                SystemCoreClock
 .data.uwTickPrio
                0x000000002000000c        0x4 ./Drivers/STM32F1xx_HAL_Driver/Src/stm32f1xx_hal.o
                0x000000002000000c                uwTickPrio
 .data.uwTickFreq
                0x0000000020000010        0x1 ./Drivers/STM32F1xx_HAL_Driver/Src/stm32f1xx_hal.o
                0x0000000020000010                uwTickFreq
 *fill*         0x0000000020000011        0x3 
 .data.USBD_MSC
                0x0000000020000014       0x38 ./Middlewares/ST/STM32_USB_Device_Library/Class/MSC/Src/usbd_msc.o
                0x0000000020000014                USBD_MSC
 .data.USBD_MSC_CfgHSDesc
                0x000000002000004c       0x20 ./Middlewares/ST/STM32_USB_Device_Library/Class/MSC/Src/usbd_msc.o
                0x000000002000004c                USBD_MSC_CfgHSDesc
 .data.USBD_MSC_CfgFSDesc
                0x000000002000006c       0x20 ./Middlewares/ST/STM32_USB_Device_Library/Class/MSC/Src/usbd_msc.o
                0x000000002000006c                USBD_MSC_CfgFSDesc
 .data.USBD_MSC_OtherSpeedCfgDesc
                0x000000002000008c       0x20 ./Middlewares/ST/STM32_USB_Device_Library/Class/MSC/Src/usbd_msc.o
                0x000000002000008c                USBD_MSC_OtherSpeedCfgDesc
 .data.USBD_MSC_DeviceQualifierDesc
                0x00000000200000ac        0xa ./Middlewares/ST/STM32_USB_Device_Library/Class/MSC/Src/usbd_msc.o
                0x00000000200000ac                USBD_MSC_DeviceQualifierDesc
 *fill*         0x00000000200000b6        0x2 
 .data.FS_Desc  0x00000000200000b8       0x1c ./USB_DEVICE/App/usbd_desc.o
                0x00000000200000b8                FS_Desc
 .data.USBD_FS_DeviceDesc
                0x00000000200000d4       0x12 ./USB_DEVICE/App/usbd_desc.o
                0x00000000200000d4                USBD_FS_DeviceDesc
 *fill*         0x00000000200000e6        0x2 
 .data.USBD_LangIDDesc
                0x00000000200000e8        0x4 ./USB_DEVICE/App/usbd_desc.o
                0x00000000200000e8                USBD_LangIDDesc
 .data.USBD_StringSerial
                0x00000000200000ec       0x1a ./USB_DEVICE/App/usbd_desc.o
                0x00000000200000ec                USBD_StringSerial
 *fill*         0x0000000020000106        0x2 
 .data.USBD_Storage_Interface_fops_FS
                0x0000000020000108       0x20 ./USB_DEVICE/App/usbd_storage_if.o
                0x0000000020000108                USBD_Storage_Interface_fops_FS
 *(.RamFunc)
 *(.RamFunc*)
                0x0000000020000128                . = ALIGN (0x4)
                0x0000000020000128                _edata = .

.igot.plt       0x0000000020000128        0x0 load address 0x00000000080158ec
 .igot.plt      0x0000000020000128        0x0 C:/ST/STM32CubeIDE_1.12.1/STM32CubeIDE/plugins/com.st.stm32cube.ide.mcu.externaltools.gnu-tools-for-stm32.11.3.rel1.win32_1.1.0.202305231506/tools/bin/../lib/gcc/arm-none-eabi/11.3.1/thumb/v7-m/nofp/crtbegin.o
                0x0000000020000128                . = ALIGN (0x4)

.bss            0x0000000020000128      0xacc load address 0x00000000080158ec
                0x0000000020000128                _sbss = .
                0x0000000020000128                __bss_start__ = _sbss
 *(.bss)
 .bss           0x0000000020000128       0x1c C:/ST/STM32CubeIDE_1.12.1/STM32CubeIDE/plugins/com.st.stm32cube.ide.mcu.externaltools.gnu-tools-for-stm32.11.3.rel1.win32_1.1.0.202305231506/tools/bin/../lib/gcc/arm-none-eabi/11.3.1/thumb/v7-m/nofp/crtbegin.o
 *(.bss*)
 .bss.str_cnt   0x0000000020000144        0x1 ./Core/Src/main.o
                0x0000000020000144                str_cnt
 .bss.LP_lock   0x0000000020000145        0x1 ./Core/Src/main.o
                0x0000000020000145                LP_lock
 *fill*         0x0000000020000146        0x2 
 .bss.LP_buffer
                0x0000000020000148       0x40 ./Core/Src/main.o
                0x0000000020000148                LP_buffer
 .bss.display_buffer
                0x0000000020000188       0x40 ./Core/Src/main.o
                0x0000000020000188                display_buffer
 .bss.uwTick    0x00000000200001c8        0x4 ./Drivers/STM32F1xx_HAL_Driver/Src/stm32f1xx_hal.o
                0x00000000200001c8                uwTick
 .bss.cfgidx.0  0x00000000200001cc        0x1 ./Middlewares/ST/STM32_USB_Device_Library/Core/Src/usbd_ctlreq.o
 *fill*         0x00000000200001cd        0x3 
 .bss.hUsbDeviceFS
                0x00000000200001d0      0x2c4 ./USB_DEVICE/App/usb_device.o
                0x00000000200001d0                hUsbDeviceFS
 .bss.USBD_StrDesc
                0x0000000020000494      0x200 ./USB_DEVICE/App/usbd_desc.o
                0x0000000020000494                USBD_StrDesc
 .bss.hpcd_USB_FS
                0x0000000020000694      0x2f0 ./USB_DEVICE/Target/usbd_conf.o
                0x0000000020000694                hpcd_USB_FS
 .bss.mem.0     0x0000000020000984      0x270 ./USB_DEVICE/Target/usbd_conf.o
 *(COMMON)
                0x0000000020000bf4                . = ALIGN (0x4)
                0x0000000020000bf4                _ebss = .
                0x0000000020000bf4                __bss_end__ = _ebss

._user_heap_stack
                0x0000000020000bf4      0x604 load address 0x00000000080158ec
                0x0000000020000bf8                . = ALIGN (0x8)
 *fill*         0x0000000020000bf4        0x4 
                [!provide]                        PROVIDE (end = .)
                0x0000000020000bf8                PROVIDE (_end = .)
                0x0000000020000df8                . = (. + _Min_Heap_Size)
 *fill*         0x0000000020000bf8      0x200 
                0x00000000200011f8                . = (. + _Min_Stack_Size)
 *fill*         0x0000000020000df8      0x400 
                0x00000000200011f8                . = ALIGN (0x8)

/DISCARD/
 libc.a(*)
 libm.a(*)
 libgcc.a(*)

.ARM.attributes
                0x0000000000000000       0x29
 *(.ARM.attributes)
 .ARM.attributes
                0x0000000000000000       0x1d C:/ST/STM32CubeIDE_1.12.1/STM32CubeIDE/plugins/com.st.stm32cube.ide.mcu.externaltools.gnu-tools-for-stm32.11.3.rel1.win32_1.1.0.202305231506/tools/bin/../lib/gcc/arm-none-eabi/11.3.1/thumb/v7-m/nofp/crti.o
 .ARM.attributes
                0x000000000000001d       0x2d C:/ST/STM32CubeIDE_1.12.1/STM32CubeIDE/plugins/com.st.stm32cube.ide.mcu.externaltools.gnu-tools-for-stm32.11.3.rel1.win32_1.1.0.202305231506/tools/bin/../lib/gcc/arm-none-eabi/11.3.1/thumb/v7-m/nofp/crtbegin.o
 .ARM.attributes
                0x000000000000004a       0x2d ./Core/Src/font8sans.o
 .ARM.attributes
                0x0000000000000077       0x2d ./Core/Src/main.o
 .ARM.attributes
                0x00000000000000a4       0x2d ./Core/Src/stm32f1xx_hal_msp.o
 .ARM.attributes
                0x00000000000000d1       0x2d ./Core/Src/stm32f1xx_it.o
 .ARM.attributes
                0x00000000000000fe       0x2d ./Core/Src/system_stm32f1xx.o
 .ARM.attributes
                0x000000000000012b       0x21 ./Core/Startup/startup_stm32f103rctx.o
 .ARM.attributes
                0x000000000000014c       0x2d ./Drivers/STM32F1xx_HAL_Driver/Src/stm32f1xx_hal.o
 .ARM.attributes
                0x0000000000000179       0x2d ./Drivers/STM32F1xx_HAL_Driver/Src/stm32f1xx_hal_cortex.o
 .ARM.attributes
                0x00000000000001a6       0x2d ./Drivers/STM32F1xx_HAL_Driver/Src/stm32f1xx_hal_pcd.o
 .ARM.attributes
                0x00000000000001d3       0x2d ./Drivers/STM32F1xx_HAL_Driver/Src/stm32f1xx_hal_pcd_ex.o
 .ARM.attributes
                0x0000000000000200       0x2d ./Drivers/STM32F1xx_HAL_Driver/Src/stm32f1xx_ll_gpio.o
 .ARM.attributes
                0x000000000000022d       0x2d ./Drivers/STM32F1xx_HAL_Driver/Src/stm32f1xx_ll_rtc.o
 .ARM.attributes
                0x000000000000025a       0x2d ./Drivers/STM32F1xx_HAL_Driver/Src/stm32f1xx_ll_spi.o
 .ARM.attributes
                0x0000000000000287       0x2d ./Drivers/STM32F1xx_HAL_Driver/Src/stm32f1xx_ll_tim.o
 .ARM.attributes
                0x00000000000002b4       0x2d ./Drivers/STM32F1xx_HAL_Driver/Src/stm32f1xx_ll_usb.o
 .ARM.attributes
                0x00000000000002e1       0x2d ./Drivers/STM32F1xx_HAL_Driver/Src/stm32f1xx_ll_utils.o
 .ARM.attributes
                0x000000000000030e       0x2d ./Middlewares/ST/STM32_USB_Device_Library/Class/MSC/Src/usbd_msc.o
 .ARM.attributes
                0x000000000000033b       0x2d ./Middlewares/ST/STM32_USB_Device_Library/Class/MSC/Src/usbd_msc_bot.o
 .ARM.attributes
                0x0000000000000368       0x2d ./Middlewares/ST/STM32_USB_Device_Library/Class/MSC/Src/usbd_msc_data.o
 .ARM.attributes
                0x0000000000000395       0x2d ./Middlewares/ST/STM32_USB_Device_Library/Class/MSC/Src/usbd_msc_scsi.o
 .ARM.attributes
                0x00000000000003c2       0x2d ./Middlewares/ST/STM32_USB_Device_Library/Core/Src/usbd_core.o
 .ARM.attributes
                0x00000000000003ef       0x2d ./Middlewares/ST/STM32_USB_Device_Library/Core/Src/usbd_ctlreq.o
 .ARM.attributes
                0x000000000000041c       0x2d ./Middlewares/ST/STM32_USB_Device_Library/Core/Src/usbd_ioreq.o
 .ARM.attributes
                0x0000000000000449       0x2d ./USB_DEVICE/App/usb_device.o
 .ARM.attributes
                0x0000000000000476       0x2d ./USB_DEVICE/App/usbd_desc.o
 .ARM.attributes
                0x00000000000004a3       0x2d ./USB_DEVICE/App/usbd_storage_if.o
 .ARM.attributes
                0x00000000000004d0       0x2d ./USB_DEVICE/Target/usbd_conf.o
 .ARM.attributes
                0x00000000000004fd       0x2d C:/ST/STM32CubeIDE_1.12.1/STM32CubeIDE/plugins/com.st.stm32cube.ide.mcu.externaltools.gnu-tools-for-stm32.11.3.rel1.win32_1.1.0.202305231506/tools/bin/../lib/gcc/arm-none-eabi/11.3.1/../../../../arm-none-eabi/lib/thumb/v7-m/nofp\libc_nano.a(libc_a-memset.o)
 .ARM.attributes
                0x000000000000052a       0x2d C:/ST/STM32CubeIDE_1.12.1/STM32CubeIDE/plugins/com.st.stm32cube.ide.mcu.externaltools.gnu-tools-for-stm32.11.3.rel1.win32_1.1.0.202305231506/tools/bin/../lib/gcc/arm-none-eabi/11.3.1/../../../../arm-none-eabi/lib/thumb/v7-m/nofp\libc_nano.a(libc_a-init.o)
 .ARM.attributes
                0x0000000000000557       0x1d C:/ST/STM32CubeIDE_1.12.1/STM32CubeIDE/plugins/com.st.stm32cube.ide.mcu.externaltools.gnu-tools-for-stm32.11.3.rel1.win32_1.1.0.202305231506/tools/bin/../lib/gcc/arm-none-eabi/11.3.1/thumb/v7-m/nofp/crtn.o
OUTPUT(application.elf elf32-littlearm)
LOAD linker stubs
LOAD C:/ST/STM32CubeIDE_1.12.1/STM32CubeIDE/plugins/com.st.stm32cube.ide.mcu.externaltools.gnu-tools-for-stm32.11.3.rel1.win32_1.1.0.202305231506/tools/bin/../lib/gcc/arm-none-eabi/11.3.1/../../../../arm-none-eabi/lib/thumb/v7-m/nofp\libc.a
LOAD C:/ST/STM32CubeIDE_1.12.1/STM32CubeIDE/plugins/com.st.stm32cube.ide.mcu.externaltools.gnu-tools-for-stm32.11.3.rel1.win32_1.1.0.202305231506/tools/bin/../lib/gcc/arm-none-eabi/11.3.1/../../../../arm-none-eabi/lib/thumb/v7-m/nofp\libm.a
LOAD C:/ST/STM32CubeIDE_1.12.1/STM32CubeIDE/plugins/com.st.stm32cube.ide.mcu.externaltools.gnu-tools-for-stm32.11.3.rel1.win32_1.1.0.202305231506/tools/bin/../lib/gcc/arm-none-eabi/11.3.1/thumb/v7-m/nofp\libgcc.a

.comment        0x0000000000000000       0x43
 .comment       0x0000000000000000       0x43 C:/ST/STM32CubeIDE_1.12.1/STM32CubeIDE/plugins/com.st.stm32cube.ide.mcu.externaltools.gnu-tools-for-stm32.11.3.rel1.win32_1.1.0.202305231506/tools/bin/../lib/gcc/arm-none-eabi/11.3.1/thumb/v7-m/nofp/crtbegin.o
                                         0x44 (size before relaxing)
 .comment       0x0000000000000043       0x44 ./Core/Src/font8sans.o
 .comment       0x0000000000000043       0x44 ./Core/Src/main.o
 .comment       0x0000000000000043       0x44 ./Core/Src/stm32f1xx_hal_msp.o
 .comment       0x0000000000000043       0x44 ./Core/Src/stm32f1xx_it.o
 .comment       0x0000000000000043       0x44 ./Core/Src/system_stm32f1xx.o
 .comment       0x0000000000000043       0x44 ./Drivers/STM32F1xx_HAL_Driver/Src/stm32f1xx_hal.o
 .comment       0x0000000000000043       0x44 ./Drivers/STM32F1xx_HAL_Driver/Src/stm32f1xx_hal_cortex.o
 .comment       0x0000000000000043       0x44 ./Drivers/STM32F1xx_HAL_Driver/Src/stm32f1xx_hal_pcd.o
 .comment       0x0000000000000043       0x44 ./Drivers/STM32F1xx_HAL_Driver/Src/stm32f1xx_hal_pcd_ex.o
 .comment       0x0000000000000043       0x44 ./Drivers/STM32F1xx_HAL_Driver/Src/stm32f1xx_ll_gpio.o
 .comment       0x0000000000000043       0x44 ./Drivers/STM32F1xx_HAL_Driver/Src/stm32f1xx_ll_rtc.o
 .comment       0x0000000000000043       0x44 ./Drivers/STM32F1xx_HAL_Driver/Src/stm32f1xx_ll_spi.o
 .comment       0x0000000000000043       0x44 ./Drivers/STM32F1xx_HAL_Driver/Src/stm32f1xx_ll_tim.o
 .comment       0x0000000000000043       0x44 ./Drivers/STM32F1xx_HAL_Driver/Src/stm32f1xx_ll_usb.o
 .comment       0x0000000000000043       0x44 ./Drivers/STM32F1xx_HAL_Driver/Src/stm32f1xx_ll_utils.o
 .comment       0x0000000000000043       0x44 ./Middlewares/ST/STM32_USB_Device_Library/Class/MSC/Src/usbd_msc.o
 .comment       0x0000000000000043       0x44 ./Middlewares/ST/STM32_USB_Device_Library/Class/MSC/Src/usbd_msc_bot.o
 .comment       0x0000000000000043       0x44 ./Middlewares/ST/STM32_USB_Device_Library/Class/MSC/Src/usbd_msc_data.o
 .comment       0x0000000000000043       0x44 ./Middlewares/ST/STM32_USB_Device_Library/Class/MSC/Src/usbd_msc_scsi.o
 .comment       0x0000000000000043       0x44 ./Middlewares/ST/STM32_USB_Device_Library/Core/Src/usbd_core.o
 .comment       0x0000000000000043       0x44 ./Middlewares/ST/STM32_USB_Device_Library/Core/Src/usbd_ctlreq.o
 .comment       0x0000000000000043       0x44 ./Middlewares/ST/STM32_USB_Device_Library/Core/Src/usbd_ioreq.o
 .comment       0x0000000000000043       0x44 ./USB_DEVICE/App/usb_device.o
 .comment       0x0000000000000043       0x44 ./USB_DEVICE/App/usbd_desc.o
 .comment       0x0000000000000043       0x44 ./USB_DEVICE/App/usbd_storage_if.o
 .comment       0x0000000000000043       0x44 ./USB_DEVICE/Target/usbd_conf.o

.debug_info     0x0000000000000000    0x112bb
 .debug_info    0x0000000000000000      0x196 ./Core/Src/font8sans.o
 .debug_info    0x0000000000000196     0x1bab ./Core/Src/main.o
 .debug_info    0x0000000000001d41      0x295 ./Core/Src/stm32f1xx_hal_msp.o
 .debug_info    0x0000000000001fd6      0xc2d ./Core/Src/stm32f1xx_it.o
 .debug_info    0x0000000000002c03      0x3ed ./Core/Src/system_stm32f1xx.o
 .debug_info    0x0000000000002ff0       0x23 ./Core/Startup/startup_stm32f103rctx.o
 .debug_info    0x0000000000003013      0x76a ./Drivers/STM32F1xx_HAL_Driver/Src/stm32f1xx_hal.o
 .debug_info    0x000000000000377d      0xaed ./Drivers/STM32F1xx_HAL_Driver/Src/stm32f1xx_hal_cortex.o
 .debug_info    0x000000000000426a     0x16cf ./Drivers/STM32F1xx_HAL_Driver/Src/stm32f1xx_hal_pcd.o
 .debug_info    0x0000000000005939      0x6b6 ./Drivers/STM32F1xx_HAL_Driver/Src/stm32f1xx_hal_pcd_ex.o
 .debug_info    0x0000000000005fef      0x5a1 ./Drivers/STM32F1xx_HAL_Driver/Src/stm32f1xx_ll_gpio.o
 .debug_info    0x0000000000006590      0xa6e ./Drivers/STM32F1xx_HAL_Driver/Src/stm32f1xx_ll_rtc.o
 .debug_info    0x0000000000006ffe      0x659 ./Drivers/STM32F1xx_HAL_Driver/Src/stm32f1xx_ll_spi.o
 .debug_info    0x0000000000007657      0xe23 ./Drivers/STM32F1xx_HAL_Driver/Src/stm32f1xx_ll_tim.o
 .debug_info    0x000000000000847a     0x17a2 ./Drivers/STM32F1xx_HAL_Driver/Src/stm32f1xx_ll_usb.o
 .debug_info    0x0000000000009c1c      0x7e8 ./Drivers/STM32F1xx_HAL_Driver/Src/stm32f1xx_ll_utils.o
 .debug_info    0x000000000000a404      0xcc9 ./Middlewares/ST/STM32_USB_Device_Library/Class/MSC/Src/usbd_msc.o
 .debug_info    0x000000000000b0cd      0xc33 ./Middlewares/ST/STM32_USB_Device_Library/Class/MSC/Src/usbd_msc_bot.o
 .debug_info    0x000000000000bd00      0x182 ./Middlewares/ST/STM32_USB_Device_Library/Class/MSC/Src/usbd_msc_data.o
 .debug_info    0x000000000000be82      0xf62 ./Middlewares/ST/STM32_USB_Device_Library/Class/MSC/Src/usbd_msc_scsi.o
 .debug_info    0x000000000000cde4      0xad1 ./Middlewares/ST/STM32_USB_Device_Library/Core/Src/usbd_core.o
 .debug_info    0x000000000000d8b5      0x9a2 ./Middlewares/ST/STM32_USB_Device_Library/Core/Src/usbd_ctlreq.o
 .debug_info    0x000000000000e257      0x720 ./Middlewares/ST/STM32_USB_Device_Library/Core/Src/usbd_ioreq.o
 .debug_info    0x000000000000e977      0x714 ./USB_DEVICE/App/usb_device.o
 .debug_info    0x000000000000f08b      0x4ca ./USB_DEVICE/App/usbd_desc.o
 .debug_info    0x000000000000f555      0x421 ./USB_DEVICE/App/usbd_storage_if.o
 .debug_info    0x000000000000f976     0x1945 ./USB_DEVICE/Target/usbd_conf.o

.debug_abbrev   0x0000000000000000     0x35cf
 .debug_abbrev  0x0000000000000000       0xbc ./Core/Src/font8sans.o
 .debug_abbrev  0x00000000000000bc      0x35b ./Core/Src/main.o
 .debug_abbrev  0x0000000000000417       0xe0 ./Core/Src/stm32f1xx_hal_msp.o
 .debug_abbrev  0x00000000000004f7      0x228 ./Core/Src/stm32f1xx_it.o
 .debug_abbrev  0x000000000000071f      0x13d ./Core/Src/system_stm32f1xx.o
 .debug_abbrev  0x000000000000085c       0x12 ./Core/Startup/startup_stm32f103rctx.o
 .debug_abbrev  0x000000000000086e      0x201 ./Drivers/STM32F1xx_HAL_Driver/Src/stm32f1xx_hal.o
 .debug_abbrev  0x0000000000000a6f      0x2f8 ./Drivers/STM32F1xx_HAL_Driver/Src/stm32f1xx_hal_cortex.o
 .debug_abbrev  0x0000000000000d67      0x2d6 ./Drivers/STM32F1xx_HAL_Driver/Src/stm32f1xx_hal_pcd.o
 .debug_abbrev  0x000000000000103d      0x189 ./Drivers/STM32F1xx_HAL_Driver/Src/stm32f1xx_hal_pcd_ex.o
 .debug_abbrev  0x00000000000011c6      0x20d ./Drivers/STM32F1xx_HAL_Driver/Src/stm32f1xx_ll_gpio.o
 .debug_abbrev  0x00000000000013d3      0x22f ./Drivers/STM32F1xx_HAL_Driver/Src/stm32f1xx_ll_rtc.o
 .debug_abbrev  0x0000000000001602      0x218 ./Drivers/STM32F1xx_HAL_Driver/Src/stm32f1xx_ll_spi.o
 .debug_abbrev  0x000000000000181a      0x20e ./Drivers/STM32F1xx_HAL_Driver/Src/stm32f1xx_ll_tim.o
 .debug_abbrev  0x0000000000001a28      0x1de ./Drivers/STM32F1xx_HAL_Driver/Src/stm32f1xx_ll_usb.o
 .debug_abbrev  0x0000000000001c06      0x24e ./Drivers/STM32F1xx_HAL_Driver/Src/stm32f1xx_ll_utils.o
 .debug_abbrev  0x0000000000001e54      0x296 ./Middlewares/ST/STM32_USB_Device_Library/Class/MSC/Src/usbd_msc.o
 .debug_abbrev  0x00000000000020ea      0x2a6 ./Middlewares/ST/STM32_USB_Device_Library/Class/MSC/Src/usbd_msc_bot.o
 .debug_abbrev  0x0000000000002390       0x8f ./Middlewares/ST/STM32_USB_Device_Library/Class/MSC/Src/usbd_msc_data.o
 .debug_abbrev  0x000000000000241f      0x2fc ./Middlewares/ST/STM32_USB_Device_Library/Class/MSC/Src/usbd_msc_scsi.o
 .debug_abbrev  0x000000000000271b      0x252 ./Middlewares/ST/STM32_USB_Device_Library/Core/Src/usbd_core.o
 .debug_abbrev  0x000000000000296d      0x272 ./Middlewares/ST/STM32_USB_Device_Library/Core/Src/usbd_ctlreq.o
 .debug_abbrev  0x0000000000002bdf      0x1ab ./Middlewares/ST/STM32_USB_Device_Library/Core/Src/usbd_ioreq.o
 .debug_abbrev  0x0000000000002d8a      0x1a6 ./USB_DEVICE/App/usb_device.o
 .debug_abbrev  0x0000000000002f30      0x218 ./USB_DEVICE/App/usbd_desc.o
 .debug_abbrev  0x0000000000003148      0x172 ./USB_DEVICE/App/usbd_storage_if.o
 .debug_abbrev  0x00000000000032ba      0x315 ./USB_DEVICE/Target/usbd_conf.o

.debug_aranges  0x0000000000000000     0x10c8
 .debug_aranges
                0x0000000000000000       0x18 ./Core/Src/font8sans.o
 .debug_aranges
                0x0000000000000018      0x218 ./Core/Src/main.o
 .debug_aranges
                0x0000000000000230       0x20 ./Core/Src/stm32f1xx_hal_msp.o
 .debug_aranges
                0x0000000000000250       0xf0 ./Core/Src/stm32f1xx_it.o
 .debug_aranges
                0x0000000000000340       0x28 ./Core/Src/system_stm32f1xx.o
 .debug_aranges
                0x0000000000000368       0x28 ./Core/Startup/startup_stm32f103rctx.o
 .debug_aranges
                0x0000000000000390       0xe0 ./Drivers/STM32F1xx_HAL_Driver/Src/stm32f1xx_hal.o
 .debug_aranges
                0x0000000000000470      0x100 ./Drivers/STM32F1xx_HAL_Driver/Src/stm32f1xx_hal_cortex.o
 .debug_aranges
                0x0000000000000570      0x140 ./Drivers/STM32F1xx_HAL_Driver/Src/stm32f1xx_hal_pcd.o
 .debug_aranges
                0x00000000000006b0       0x38 ./Drivers/STM32F1xx_HAL_Driver/Src/stm32f1xx_hal_pcd_ex.o
 .debug_aranges
                0x00000000000006e8       0x60 ./Drivers/STM32F1xx_HAL_Driver/Src/stm32f1xx_ll_gpio.o
 .debug_aranges
                0x0000000000000748       0xe8 ./Drivers/STM32F1xx_HAL_Driver/Src/stm32f1xx_ll_rtc.o
 .debug_aranges
                0x0000000000000830       0x88 ./Drivers/STM32F1xx_HAL_Driver/Src/stm32f1xx_ll_spi.o
 .debug_aranges
                0x00000000000008b8      0x128 ./Drivers/STM32F1xx_HAL_Driver/Src/stm32f1xx_ll_tim.o
 .debug_aranges
                0x00000000000009e0       0xf8 ./Drivers/STM32F1xx_HAL_Driver/Src/stm32f1xx_ll_usb.o
 .debug_aranges
                0x0000000000000ad8       0xf8 ./Drivers/STM32F1xx_HAL_Driver/Src/stm32f1xx_ll_utils.o
 .debug_aranges
                0x0000000000000bd0       0x68 ./Middlewares/ST/STM32_USB_Device_Library/Class/MSC/Src/usbd_msc.o
 .debug_aranges
                0x0000000000000c38       0x68 ./Middlewares/ST/STM32_USB_Device_Library/Class/MSC/Src/usbd_msc_bot.o
 .debug_aranges
                0x0000000000000ca0       0x18 ./Middlewares/ST/STM32_USB_Device_Library/Class/MSC/Src/usbd_msc_data.o
 .debug_aranges
                0x0000000000000cb8       0x98 ./Middlewares/ST/STM32_USB_Device_Library/Class/MSC/Src/usbd_msc_scsi.o
 .debug_aranges
                0x0000000000000d50       0xb8 ./Middlewares/ST/STM32_USB_Device_Library/Core/Src/usbd_core.o
 .debug_aranges
                0x0000000000000e08       0x88 ./Middlewares/ST/STM32_USB_Device_Library/Core/Src/usbd_ctlreq.o
 .debug_aranges
                0x0000000000000e90       0x50 ./Middlewares/ST/STM32_USB_Device_Library/Core/Src/usbd_ioreq.o
 .debug_aranges
                0x0000000000000ee0       0x20 ./USB_DEVICE/App/usb_device.o
 .debug_aranges
                0x0000000000000f00       0x60 ./USB_DEVICE/App/usbd_desc.o
 .debug_aranges
                0x0000000000000f60       0x50 ./USB_DEVICE/App/usbd_storage_if.o
 .debug_aranges
                0x0000000000000fb0      0x118 ./USB_DEVICE/Target/usbd_conf.o

.debug_macro    0x0000000000000000    0x1e90f
 .debug_macro   0x0000000000000000       0x82 ./Core/Src/font8sans.o
 .debug_macro   0x0000000000000082      0xaa2 ./Core/Src/font8sans.o
 .debug_macro   0x0000000000000b24       0x22 ./Core/Src/font8sans.o
 .debug_macro   0x0000000000000b46       0x8e ./Core/Src/font8sans.o
 .debug_macro   0x0000000000000bd4       0x51 ./Core/Src/font8sans.o
 .debug_macro   0x0000000000000c25      0x103 ./Core/Src/font8sans.o
 .debug_macro   0x0000000000000d28       0x6a ./Core/Src/font8sans.o
 .debug_macro   0x0000000000000d92      0x1df ./Core/Src/font8sans.o
 .debug_macro   0x0000000000000f71       0x16 ./Core/Src/font8sans.o
 .debug_macro   0x0000000000000f87      0x39f ./Core/Src/main.o
 .debug_macro   0x0000000000001326      0x20f ./Core/Src/main.o
 .debug_macro   0x0000000000001535       0x2e ./Core/Src/main.o
 .debug_macro   0x0000000000001563       0x22 ./Core/Src/main.o
 .debug_macro   0x0000000000001585       0x1c ./Core/Src/main.o
 .debug_macro   0x00000000000015a1       0x22 ./Core/Src/main.o
 .debug_macro   0x00000000000015c3       0xbd ./Core/Src/main.o
 .debug_macro   0x0000000000001680      0xd23 ./Core/Src/main.o
 .debug_macro   0x00000000000023a3     0xfd8c ./Core/Src/main.o
 .debug_macro   0x000000000001212f       0x6d ./Core/Src/main.o
 .debug_macro   0x000000000001219c     0x348d ./Core/Src/main.o
 .debug_macro   0x0000000000015629      0x174 ./Core/Src/main.o
 .debug_macro   0x000000000001579d       0x5c ./Core/Src/main.o
 .debug_macro   0x00000000000157f9      0x5bc ./Core/Src/main.o
 .debug_macro   0x0000000000015db5      0x4d5 ./Core/Src/main.o
 .debug_macro   0x000000000001628a      0x1cb ./Core/Src/main.o
 .debug_macro   0x0000000000016455      0x114 ./Core/Src/main.o
 .debug_macro   0x0000000000016569      0x1ea ./Core/Src/main.o
 .debug_macro   0x0000000000016753       0x27 ./Core/Src/main.o
 .debug_macro   0x000000000001677a      0x144 ./Core/Src/main.o
 .debug_macro   0x00000000000168be      0x1bc ./Core/Src/main.o
 .debug_macro   0x0000000000016a7a       0x30 ./Core/Src/main.o
 .debug_macro   0x0000000000016aaa       0x3c ./Core/Src/main.o
 .debug_macro   0x0000000000016ae6       0x57 ./Core/Src/main.o
 .debug_macro   0x0000000000016b3d       0x87 ./Core/Src/main.o
 .debug_macro   0x0000000000016bc4      0x24f ./Core/Src/main.o
 .debug_macro   0x0000000000016e13      0x140 ./Core/Src/main.o
 .debug_macro   0x0000000000016f53       0xab ./Core/Src/main.o
 .debug_macro   0x0000000000016ffe      0x242 ./Core/Src/main.o
 .debug_macro   0x0000000000017240       0xb5 ./Core/Src/main.o
 .debug_macro   0x00000000000172f5      0x287 ./Core/Src/main.o
 .debug_macro   0x000000000001757c      0x2be ./Core/Src/main.o
 .debug_macro   0x000000000001783a      0x134 ./Core/Src/main.o
 .debug_macro   0x000000000001796e       0x8d ./Core/Src/main.o
 .debug_macro   0x00000000000179fb       0xd0 ./Core/Src/main.o
 .debug_macro   0x0000000000017acb       0x28 ./Core/Src/main.o
 .debug_macro   0x0000000000017af3       0x2a ./Core/Src/main.o
 .debug_macro   0x0000000000017b1d       0x90 ./Core/Src/main.o
 .debug_macro   0x0000000000017bad      0x182 ./Core/Src/main.o
 .debug_macro   0x0000000000017d2f      0x22d ./Core/Src/main.o
 .debug_macro   0x0000000000017f5c      0x57a ./Core/Src/main.o
 .debug_macro   0x00000000000184d6      0x229 ./Core/Src/main.o
 .debug_macro   0x00000000000186ff       0x4c ./Core/Src/main.o
 .debug_macro   0x000000000001874b       0x61 ./Core/Src/main.o
 .debug_macro   0x00000000000187ac       0x24 ./Core/Src/main.o
 .debug_macro   0x00000000000187d0       0x43 ./Core/Src/main.o
 .debug_macro   0x0000000000018813       0x34 ./Core/Src/main.o
 .debug_macro   0x0000000000018847       0x16 ./Core/Src/main.o
 .debug_macro   0x000000000001885d       0x35 ./Core/Src/main.o
 .debug_macro   0x0000000000018892      0x369 ./Core/Src/main.o
 .debug_macro   0x0000000000018bfb       0x10 ./Core/Src/main.o
 .debug_macro   0x0000000000018c0b       0x16 ./Core/Src/main.o
 .debug_macro   0x0000000000018c21       0x43 ./Core/Src/main.o
 .debug_macro   0x0000000000018c64       0x34 ./Core/Src/main.o
 .debug_macro   0x0000000000018c98       0x10 ./Core/Src/main.o
 .debug_macro   0x0000000000018ca8       0x58 ./Core/Src/main.o
 .debug_macro   0x0000000000018d00       0x8e ./Core/Src/main.o
 .debug_macro   0x0000000000018d8e       0x1c ./Core/Src/main.o
 .debug_macro   0x0000000000018daa      0x177 ./Core/Src/main.o
 .debug_macro   0x0000000000018f21       0x16 ./Core/Src/main.o
 .debug_macro   0x0000000000018f37       0x16 ./Core/Src/main.o
 .debug_macro   0x0000000000018f4d      0x147 ./Core/Src/main.o
 .debug_macro   0x0000000000019094       0x16 ./Core/Src/main.o
 .debug_macro   0x00000000000190aa       0x16 ./Core/Src/main.o
 .debug_macro   0x00000000000190c0       0x29 ./Core/Src/main.o
 .debug_macro   0x00000000000190e9       0x16 ./Core/Src/main.o
 .debug_macro   0x00000000000190ff       0x20 ./Core/Src/main.o
 .debug_macro   0x000000000001911f       0x5f ./Core/Src/main.o
 .debug_macro   0x000000000001917e      0x1c8 ./Core/Src/main.o
 .debug_macro   0x0000000000019346       0x10 ./Core/Src/main.o
 .debug_macro   0x0000000000019356      0x223 ./Core/Src/stm32f1xx_hal_msp.o
 .debug_macro   0x0000000000019579      0x22d ./Core/Src/stm32f1xx_it.o
 .debug_macro   0x00000000000197a6      0x1ba ./Core/Src/system_stm32f1xx.o
 .debug_macro   0x0000000000019960      0x1cc ./Drivers/STM32F1xx_HAL_Driver/Src/stm32f1xx_hal.o
 .debug_macro   0x0000000000019b2c      0x1a8 ./Drivers/STM32F1xx_HAL_Driver/Src/stm32f1xx_hal_cortex.o
 .debug_macro   0x0000000000019cd4      0x1b4 ./Drivers/STM32F1xx_HAL_Driver/Src/stm32f1xx_hal_pcd.o
 .debug_macro   0x0000000000019e88      0x1a8 ./Drivers/STM32F1xx_HAL_Driver/Src/stm32f1xx_hal_pcd_ex.o
 .debug_macro   0x000000000001a030      0x1e4 ./Drivers/STM32F1xx_HAL_Driver/Src/stm32f1xx_ll_gpio.o
 .debug_macro   0x000000000001a214      0x223 ./Drivers/STM32F1xx_HAL_Driver/Src/stm32f1xx_ll_gpio.o
 .debug_macro   0x000000000001a437      0x1fc ./Drivers/STM32F1xx_HAL_Driver/Src/stm32f1xx_ll_rtc.o
 .debug_macro   0x000000000001a633      0x17c ./Drivers/STM32F1xx_HAL_Driver/Src/stm32f1xx_ll_rtc.o
 .debug_macro   0x000000000001a7af      0x257 ./Drivers/STM32F1xx_HAL_Driver/Src/stm32f1xx_ll_spi.o
 .debug_macro   0x000000000001aa06      0x227 ./Drivers/STM32F1xx_HAL_Driver/Src/stm32f1xx_ll_spi.o
 .debug_macro   0x000000000001ac2d      0x233 ./Drivers/STM32F1xx_HAL_Driver/Src/stm32f1xx_ll_tim.o
 .debug_macro   0x000000000001ae60      0x574 ./Drivers/STM32F1xx_HAL_Driver/Src/stm32f1xx_ll_tim.o
 .debug_macro   0x000000000001b3d4      0x1a8 ./Drivers/STM32F1xx_HAL_Driver/Src/stm32f1xx_ll_usb.o
 .debug_macro   0x000000000001b57c      0x225 ./Drivers/STM32F1xx_HAL_Driver/Src/stm32f1xx_ll_utils.o
 .debug_macro   0x000000000001b7a1      0x3ce ./Middlewares/ST/STM32_USB_Device_Library/Class/MSC/Src/usbd_msc.o
 .debug_macro   0x000000000001bb6f       0x97 ./Middlewares/ST/STM32_USB_Device_Library/Class/MSC/Src/usbd_msc.o
 .debug_macro   0x000000000001bc06       0xfd ./Middlewares/ST/STM32_USB_Device_Library/Class/MSC/Src/usbd_msc.o
 .debug_macro   0x000000000001bd03       0x56 ./Middlewares/ST/STM32_USB_Device_Library/Class/MSC/Src/usbd_msc.o
 .debug_macro   0x000000000001bd59      0x1ce ./Middlewares/ST/STM32_USB_Device_Library/Class/MSC/Src/usbd_msc.o
 .debug_macro   0x000000000001bf27       0x7c ./Middlewares/ST/STM32_USB_Device_Library/Class/MSC/Src/usbd_msc.o
 .debug_macro   0x000000000001bfa3      0x15a ./Middlewares/ST/STM32_USB_Device_Library/Class/MSC/Src/usbd_msc.o
 .debug_macro   0x000000000001c0fd       0x34 ./Middlewares/ST/STM32_USB_Device_Library/Class/MSC/Src/usbd_msc.o
 .debug_macro   0x000000000001c131      0x3d6 ./Middlewares/ST/STM32_USB_Device_Library/Class/MSC/Src/usbd_msc_bot.o
 .debug_macro   0x000000000001c507      0x377 ./Middlewares/ST/STM32_USB_Device_Library/Class/MSC/Src/usbd_msc_data.o
 .debug_macro   0x000000000001c87e       0x1c ./Middlewares/ST/STM32_USB_Device_Library/Class/MSC/Src/usbd_msc_data.o
 .debug_macro   0x000000000001c89a      0x3df ./Middlewares/ST/STM32_USB_Device_Library/Class/MSC/Src/usbd_msc_scsi.o
 .debug_macro   0x000000000001cc79       0x22 ./Middlewares/ST/STM32_USB_Device_Library/Class/MSC/Src/usbd_msc_scsi.o
 .debug_macro   0x000000000001cc9b      0x399 ./Middlewares/ST/STM32_USB_Device_Library/Core/Src/usbd_core.o
 .debug_macro   0x000000000001d034      0x3a3 ./Middlewares/ST/STM32_USB_Device_Library/Core/Src/usbd_ctlreq.o
 .debug_macro   0x000000000001d3d7      0x39f ./Middlewares/ST/STM32_USB_Device_Library/Core/Src/usbd_ioreq.o
 .debug_macro   0x000000000001d776      0x3eb ./USB_DEVICE/App/usb_device.o