Archive member included to satisfy reference by file (symbol)

C:/ST/STM32CubeIDE_1.12.1/STM32CubeIDE/plugins/com.st.stm32cube.ide.mcu.externaltools.gnu-tools-for-stm32.11.3.rel1.win32_1.1.0.202305231506/tools/bin/../lib/gcc/arm-none-eabi/11.3.1/../../../../arm-none-eabi/lib/thumb/v7-m/nofp\libc_nano.a(libc_a-exit.o)
                              C:/ST/STM32CubeIDE_1.12.1/STM32CubeIDE/plugins/com.st.stm32cube.ide.mcu.externaltools.gnu-tools-for-stm32.11.3.rel1.win32_1.1.0.202305231506/tools/bin/../lib/gcc/arm-none-eabi/11.3.1/../../../../arm-none-eabi/lib/thumb/v7-m/nofp/crt0.o (exit)
C:/ST/STM32CubeIDE_1.12.1/STM32CubeIDE/plugins/com.st.stm32cube.ide.mcu.externaltools.gnu-tools-for-stm32.11.3.rel1.win32_1.1.0.202305231506/tools/bin/../lib/gcc/arm-none-eabi/11.3.1/../../../../arm-none-eabi/lib/thumb/v7-m/nofp\libc_nano.a(libc_a-findfp.o)
                              C:/ST/STM32CubeIDE_1.12.1/STM32CubeIDE/plugins/com.st.stm32cube.ide.mcu.externaltools.gnu-tools-for-stm32.11.3.rel1.win32_1.1.0.202305231506/tools/bin/../lib/gcc/arm-none-eabi/11.3.1/../../../../arm-none-eabi/lib/thumb/v7-m/nofp\libc_nano.a(libc_a-exit.o) (__stdio_exit_handler)
C:/ST/STM32CubeIDE_1.12.1/STM32CubeIDE/plugins/com.st.stm32cube.ide.mcu.externaltools.gnu-tools-for-stm32.11.3.rel1.win32_1.1.0.202305231506/tools/bin/../lib/gcc/arm-none-eabi/11.3.1/../../../../arm-none-eabi/lib/thumb/v7-m/nofp\libc_nano.a(libc_a-fwalk.o)
                              C:/ST/STM32CubeIDE_1.12.1/STM32CubeIDE/plugins/com.st.stm32cube.ide.mcu.externaltools.gnu-tools-for-stm32.11.3.rel1.win32_1.1.0.202305231506/tools/bin/../lib/gcc/arm-none-eabi/11.3.1/../../../../arm-none-eabi/lib/thumb/v7-m/nofp\libc_nano.a(libc_a-findfp.o) (_fwalk_sglue)
C:/ST/STM32CubeIDE_1.12.1/STM32CubeIDE/plugins/com.st.stm32cube.ide.mcu.externaltools.gnu-tools-for-stm32.11.3.rel1.win32_1.1.0.202305231506/tools/bin/../lib/gcc/arm-none-eabi/11.3.1/../../../../arm-none-eabi/lib/thumb/v7-m/nofp\libc_nano.a(libc_a-stdio.o)
                              C:/ST/STM32CubeIDE_1.12.1/STM32CubeIDE/plugins/com.st.stm32cube.ide.mcu.externaltools.gnu-tools-for-stm32.11.3.rel1.win32_1.1.0.202305231506/tools/bin/../lib/gcc/arm-none-eabi/11.3.1/../../../../arm-none-eabi/lib/thumb/v7-m/nofp\libc_nano.a(libc_a-findfp.o) (__sread)
C:/ST/STM32CubeIDE_1.12.1/STM32CubeIDE/plugins/com.st.stm32cube.ide.mcu.externaltools.gnu-tools-for-stm32.11.3.rel1.win32_1.1.0.202305231506/tools/bin/../lib/gcc/arm-none-eabi/11.3.1/../../../../arm-none-eabi/lib/thumb/v7-m/nofp\libc_nano.a(libc_a-memset.o)
                              C:/ST/STM32CubeIDE_1.12.1/STM32CubeIDE/plugins/com.st.stm32cube.ide.mcu.externaltools.gnu-tools-for-stm32.11.3.rel1.win32_1.1.0.202305231506/tools/bin/../lib/gcc/arm-none-eabi/11.3.1/../../../../arm-none-eabi/lib/thumb/v7-m/nofp/crt0.o (memset)
C:/ST/STM32CubeIDE_1.12.1/STM32CubeIDE/plugins/com.st.stm32cube.ide.mcu.externaltools.gnu-tools-for-stm32.11.3.rel1.win32_1.1.0.202305231506/tools/bin/../lib/gcc/arm-none-eabi/11.3.1/../../../../arm-none-eabi/lib/thumb/v7-m/nofp\libc_nano.a(libc_a-closer.o)
                              C:/ST/STM32CubeIDE_1.12.1/STM32CubeIDE/plugins/com.st.stm32cube.ide.mcu.externaltools.gnu-tools-for-stm32.11.3.rel1.win32_1.1.0.202305231506/tools/bin/../lib/gcc/arm-none-eabi/11.3.1/../../../../arm-none-eabi/lib/thumb/v7-m/nofp\libc_nano.a(libc_a-stdio.o) (_close_r)
C:/ST/STM32CubeIDE_1.12.1/STM32CubeIDE/plugins/com.st.stm32cube.ide.mcu.externaltools.gnu-tools-for-stm32.11.3.rel1.win32_1.1.0.202305231506/tools/bin/../lib/gcc/arm-none-eabi/11.3.1/../../../../arm-none-eabi/lib/thumb/v7-m/nofp\libc_nano.a(libc_a-reent.o)
                              C:/ST/STM32CubeIDE_1.12.1/STM32CubeIDE/plugins/com.st.stm32cube.ide.mcu.externaltools.gnu-tools-for-stm32.11.3.rel1.win32_1.1.0.202305231506/tools/bin/../lib/gcc/arm-none-eabi/11.3.1/../../../../arm-none-eabi/lib/thumb/v7-m/nofp\libc_nano.a(libc_a-closer.o) (errno)
C:/ST/STM32CubeIDE_1.12.1/STM32CubeIDE/plugins/com.st.stm32cube.ide.mcu.externaltools.gnu-tools-for-stm32.11.3.rel1.win32_1.1.0.202305231506/tools/bin/../lib/gcc/arm-none-eabi/11.3.1/../../../../arm-none-eabi/lib/thumb/v7-m/nofp\libc_nano.a(libc_a-impure.o)
                              C:/ST/STM32CubeIDE_1.12.1/STM32CubeIDE/plugins/com.st.stm32cube.ide.mcu.externaltools.gnu-tools-for-stm32.11.3.rel1.win32_1.1.0.202305231506/tools/bin/../lib/gcc/arm-none-eabi/11.3.1/../../../../arm-none-eabi/lib/thumb/v7-m/nofp\libc_nano.a(libc_a-reent.o) (_impure_ptr)
C:/ST/STM32CubeIDE_1.12.1/STM32CubeIDE/plugins/com.st.stm32cube.ide.mcu.externaltools.gnu-tools-for-stm32.11.3.rel1.win32_1.1.0.202305231506/tools/bin/../lib/gcc/arm-none-eabi/11.3.1/../../../../arm-none-eabi/lib/thumb/v7-m/nofp\libc_nano.a(libc_a-lseekr.o)
[...]
Memory Configuration

Name             Origin             Length             Attributes
RAM              0x0000000020000000 0x000000000000c000 xrw
FLASH            0x000000000800c000 0x0000000000034000 xr
*default*        0x0000000000000000 0xffffffffffffffff

Linker script and memory map

LOAD C:/ST/STM32CubeIDE_1.12.1/STM32CubeIDE/plugins/com.st.stm32cube.ide.mcu.externaltools.gnu-tools-for-stm32.11.3.rel1.win32_1.1.0.202305231506/tools/bin/../lib/gcc/arm-none-eabi/11.3.1/thumb/v7-m/nofp/crti.o
LOAD C:/ST/STM32CubeIDE_1.12.1/STM32CubeIDE/plugins/com.st.stm32cube.ide.mcu.externaltools.gnu-tools-for-stm32.11.3.rel1.win32_1.1.0.202305231506/tools/bin/../lib/gcc/arm-none-eabi/11.3.1/thumb/v7-m/nofp/crtbegin.o
LOAD C:/ST/STM32CubeIDE_1.12.1/STM32CubeIDE/plugins/com.st.stm32cube.ide.mcu.externaltools.gnu-tools-for-stm32.11.3.rel1.win32_1.1.0.202305231506/tools/bin/../lib/gcc/arm-none-eabi/11.3.1/../../../../arm-none-eabi/lib/thumb/v7-m/nofp/crt0.o
LOAD ./Core/Src/font16.o
LOAD ./Core/Src/font8sans.o
LOAD ./Core/Src/main.o
LOAD ./Core/Src/stm32f1xx_hal_msp.o
LOAD ./Core/Src/stm32f1xx_it.o
LOAD ./Core/Src/syscalls.o
LOAD ./Core/Src/sysmem.o
LOAD ./Core/Src/system_stm32f1xx.o
LOAD ./Core/Startup/startup_stm32f103rctx.o
LOAD ./Drivers/STM32F1xx_HAL_Driver/Src/stm32f1xx_hal.o
LOAD ./Drivers/STM32F1xx_HAL_Driver/Src/stm32f1xx_hal_cortex.o
LOAD ./Drivers/STM32F1xx_HAL_Driver/Src/stm32f1xx_hal_dma.o
LOAD ./Drivers/STM32F1xx_HAL_Driver/Src/stm32f1xx_hal_exti.o
LOAD ./Drivers/STM32F1xx_HAL_Driver/Src/stm32f1xx_hal_flash.o
LOAD ./Drivers/STM32F1xx_HAL_Driver/Src/stm32f1xx_hal_flash_ex.o
LOAD ./Drivers/STM32F1xx_HAL_Driver/Src/stm32f1xx_hal_gpio.o
LOAD ./Drivers/STM32F1xx_HAL_Driver/Src/stm32f1xx_hal_gpio_ex.o
LOAD ./Drivers/STM32F1xx_HAL_Driver/Src/stm32f1xx_hal_pcd.o
LOAD ./Drivers/STM32F1xx_HAL_Driver/Src/stm32f1xx_hal_pcd_ex.o
LOAD ./Drivers/STM32F1xx_HAL_Driver/Src/stm32f1xx_hal_pwr.o
LOAD ./Drivers/STM32F1xx_HAL_Driver/Src/stm32f1xx_hal_rcc.o
LOAD ./Drivers/STM32F1xx_HAL_Driver/Src/stm32f1xx_hal_rcc_ex.o
LOAD ./Drivers/STM32F1xx_HAL_Driver/Src/stm32f1xx_hal_tim.o
LOAD ./Drivers/STM32F1xx_HAL_Driver/Src/stm32f1xx_hal_tim_ex.o
LOAD ./Drivers/STM32F1xx_HAL_Driver/Src/stm32f1xx_ll_dma.o
LOAD ./Drivers/STM32F1xx_HAL_Driver/Src/stm32f1xx_ll_exti.o
LOAD ./Drivers/STM32F1xx_HAL_Driver/Src/stm32f1xx_ll_gpio.o
LOAD ./Drivers/STM32F1xx_HAL_Driver/Src/stm32f1xx_ll_rcc.o
LOAD ./Drivers/STM32F1xx_HAL_Driver/Src/stm32f1xx_ll_rtc.o
LOAD ./Drivers/STM32F1xx_HAL_Driver/Src/stm32f1xx_ll_spi.o
LOAD ./Drivers/STM32F1xx_HAL_Driver/Src/stm32f1xx_ll_tim.o
LOAD ./Drivers/STM32F1xx_HAL_Driver/Src/stm32f1xx_ll_usb.o
LOAD ./Drivers/STM32F1xx_HAL_Driver/Src/stm32f1xx_ll_utils.o
LOAD ./Middlewares/ST/STM32_USB_Device_Library/Class/MSC/Src/usbd_msc.o
LOAD ./Middlewares/ST/STM32_USB_Device_Library/Class/MSC/Src/usbd_msc_bot.o
LOAD ./Middlewares/ST/STM32_USB_Device_Library/Class/MSC/Src/usbd_msc_data.o
LOAD ./Middlewares/ST/STM32_USB_Device_Library/Class/MSC/Src/usbd_msc_scsi.o
LOAD ./Middlewares/ST/STM32_USB_Device_Library/Core/Src/usbd_core.o
LOAD ./Middlewares/ST/STM32_USB_Device_Library/Core/Src/usbd_ctlreq.o
LOAD ./Middlewares/ST/STM32_USB_Device_Library/Core/Src/usbd_ioreq.o
LOAD ./USB_DEVICE/App/usb_device.o
LOAD ./USB_DEVICE/App/usbd_desc.o
LOAD ./USB_DEVICE/App/usbd_storage_if.o
LOAD ./USB_DEVICE/Target/usbd_conf.o
START GROUP
LOAD C:/ST/STM32CubeIDE_1.12.1/STM32CubeIDE/plugins/com.st.stm32cube.ide.mcu.externaltools.gnu-tools-for-stm32.11.3.rel1.win32_1.1.0.202305231506/tools/bin/../lib/gcc/arm-none-eabi/11.3.1/../../../../arm-none-eabi/lib/thumb/v7-m/nofp\libc_nano.a
LOAD C:/ST/STM32CubeIDE_1.12.1/STM32CubeIDE/plugins/com.st.stm32cube.ide.mcu.externaltools.gnu-tools-for-stm32.11.3.rel1.win32_1.1.0.202305231506/tools/bin/../lib/gcc/arm-none-eabi/11.3.1/../../../../arm-none-eabi/lib/thumb/v7-m/nofp\libm.a
END GROUP
START GROUP
LOAD C:/ST/STM32CubeIDE_1.12.1/STM32CubeIDE/plugins/com.st.stm32cube.ide.mcu.externaltools.gnu-tools-for-stm32.11.3.rel1.win32_1.1.0.202305231506/tools/bin/../lib/gcc/arm-none-eabi/11.3.1/thumb/v7-m/nofp\libgcc.a
LOAD C:/ST/STM32CubeIDE_1.12.1/STM32CubeIDE/plugins/com.st.stm32cube.ide.mcu.externaltools.gnu-tools-for-stm32.11.3.rel1.win32_1.1.0.202305231506/tools/bin/../lib/gcc/arm-none-eabi/11.3.1/../../../../arm-none-eabi/lib/thumb/v7-m/nofp\libc_nano.a
END GROUP
START GROUP
LOAD C:/ST/STM32CubeIDE_1.12.1/STM32CubeIDE/plugins/com.st.stm32cube.ide.mcu.externaltools.gnu-tools-for-stm32.11.3.rel1.win32_1.1.0.202305231506/tools/bin/../lib/gcc/arm-none-eabi/11.3.1/thumb/v7-m/nofp\libgcc.a
LOAD C:/ST/STM32CubeIDE_1.12.1/STM32CubeIDE/plugins/com.st.stm32cube.ide.mcu.externaltools.gnu-tools-for-stm32.11.3.rel1.win32_1.1.0.202305231506/tools/bin/../lib/gcc/arm-none-eabi/11.3.1/../../../../arm-none-eabi/lib/thumb/v7-m/nofp\libc_nano.a
LOAD C:/ST/STM32CubeIDE_1.12.1/STM32CubeIDE/plugins/com.st.stm32cube.ide.mcu.externaltools.gnu-tools-for-stm32.11.3.rel1.win32_1.1.0.202305231506/tools/bin/../lib/gcc/arm-none-eabi/11.3.1/../../../../arm-none-eabi/lib/thumb/v7-m/nofp\libnosys.a
END GROUP
START GROUP
LOAD C:/ST/STM32CubeIDE_1.12.1/STM32CubeIDE/plugins/com.st.stm32cube.ide.mcu.externaltools.gnu-tools-for-stm32.11.3.rel1.win32_1.1.0.202305231506/tools/bin/../lib/gcc/arm-none-eabi/11.3.1/thumb/v7-m/nofp\libgcc.a
LOAD C:/ST/STM32CubeIDE_1.12.1/STM32CubeIDE/plugins/com.st.stm32cube.ide.mcu.externaltools.gnu-tools-for-stm32.11.3.rel1.win32_1.1.0.202305231506/tools/bin/../lib/gcc/arm-none-eabi/11.3.1/../../../../arm-none-eabi/lib/thumb/v7-m/nofp\libc_nano.a
LOAD C:/ST/STM32CubeIDE_1.12.1/STM32CubeIDE/plugins/com.st.stm32cube.ide.mcu.externaltools.gnu-tools-for-stm32.11.3.rel1.win32_1.1.0.202305231506/tools/bin/../lib/gcc/arm-none-eabi/11.3.1/../../../../arm-none-eabi/lib/thumb/v7-m/nofp\libnosys.a
END GROUP
LOAD C:/ST/STM32CubeIDE_1.12.1/STM32CubeIDE/plugins/com.st.stm32cube.ide.mcu.externaltools.gnu-tools-for-stm32.11.3.rel1.win32_1.1.0.202305231506/tools/bin/../lib/gcc/arm-none-eabi/11.3.1/thumb/v7-m/nofp/crtend.o
LOAD C:/ST/STM32CubeIDE_1.12.1/STM32CubeIDE/plugins/com.st.stm32cube.ide.mcu.externaltools.gnu-tools-for-stm32.11.3.rel1.win32_1.1.0.202305231506/tools/bin/../lib/gcc/arm-none-eabi/11.3.1/thumb/v7-m/nofp/crtn.o
                0x000000002000c000                _estack = (ORIGIN (RAM) + LENGTH (RAM))
                0x0000000000000200                _Min_Heap_Size = 0x200
                0x0000000000000400                _Min_Stack_Size = 0x400

.isr_vector     0x000000000800c000      0x1e4
                0x000000000800c000                . = ALIGN (0x4)
 *(.isr_vector)
 .isr_vector    0x000000000800c000      0x1e4 ./Core/Startup/startup_stm32f103rctx.o
                0x000000000800c000                g_pfnVectors
                0x000000000800c1e4                . = ALIGN (0x4)

.text           0x000000000800c1e4     0x9d90
                0x000000000800c1e4                . = ALIGN (0x4)
 *(.text)
 .text          0x000000000800c1e4       0x40 C:/ST/STM32CubeIDE_1.12.1/STM32CubeIDE/plugins/com.st.stm32cube.ide.mcu.externaltools.gnu-tools-for-stm32.11.3.rel1.win32_1.1.0.202305231506/tools/bin/../lib/gcc/arm-none-eabi/11.3.1/thumb/v7-m/nofp/crtbegin.o
 .text          0x000000000800c224       0x10 C:/ST/STM32CubeIDE_1.12.1/STM32CubeIDE/plugins/com.st.stm32cube.ide.mcu.externaltools.gnu-tools-for-stm32.11.3.rel1.win32_1.1.0.202305231506/tools/bin/../lib/gcc/arm-none-eabi/11.3.1/../../../../arm-none-eabi/lib/thumb/v7-m/nofp\libc_nano.a(libc_a-strlen.o)
                0x000000000800c224                strlen
 *(.text*)
 .text.__NVIC_GetPriorityGrouping
                0x000000000800c234       0x1c ./Core/Src/main.o
 .text.__NVIC_EnableIRQ
                0x000000000800c250       0x38 ./Core/Src/main.o
 .text.__NVIC_SetPriority
                0x000000000800c288       0x54 ./Core/Src/main.o
 .text.NVIC_EncodePriority
                0x000000000800c2dc       0x64 ./Core/Src/main.o
 .text.LL_DMA_SetDataTransferDirection
                0x000000000800c340       0x48 ./Core/Src/main.o
 .text.LL_DMA_SetMode
                0x000000000800c388       0x44 ./Core/Src/main.o
 .text.LL_DMA_SetPeriphIncMode
                0x000000000800c3cc       0x44 ./Core/Src/main.o
 .text.LL_DMA_SetMemoryIncMode
                0x000000000800c410       0x44 ./Core/Src/main.o
 .text.LL_DMA_SetPeriphSize
                0x000000000800c454       0x44 ./Core/Src/main.o
 .text.LL_DMA_SetMemorySize
                0x000000000800c498       0x44 ./Core/Src/main.o
 .text.LL_DMA_SetChannelPriorityLevel
                0x000000000800c4dc       0x44 ./Core/Src/main.o
 .text.LL_DMA_ConfigAddresses
                0x000000000800c520       0x74 ./Core/Src/main.o
 .text.LL_DMA_EnableIT_TC
                0x000000000800c594       0x3c ./Core/Src/main.o
 .text.LL_RCC_HSE_Enable
                0x000000000800c5d0       0x1c ./Core/Src/main.o
 .text.LL_RCC_HSE_IsReady
                0x000000000800c5ec       0x24 ./Core/Src/main.o
 .text.LL_RCC_LSI_Enable
                0x000000000800c610       0x1c ./Core/Src/main.o
 .text.LL_RCC_LSI_IsReady
                0x000000000800c62c       0x24 ./Core/Src/main.o
 .text.LL_RCC_SetSysClkSource
                0x000000000800c650       0x28 ./Core/Src/main.o
 .text.LL_RCC_GetSysClkSource
                0x000000000800c678       0x18 ./Core/Src/main.o
 .text.LL_RCC_SetAHBPrescaler
                0x000000000800c690       0x28 ./Core/Src/main.o
 .text.LL_RCC_SetAPB1Prescaler
                0x000000000800c6b8       0x28 ./Core/Src/main.o
 .text.LL_RCC_SetAPB2Prescaler
                0x000000000800c6e0       0x28 ./Core/Src/main.o
 .text.LL_RCC_SetUSBClockSource
                0x000000000800c708       0x28 ./Core/Src/main.o
 .text.LL_RCC_SetRTCClockSource
                0x000000000800c730       0x28 ./Core/Src/main.o
 .text.LL_RCC_GetRTCClockSource
                0x000000000800c758       0x18 ./Core/Src/main.o
 .text.LL_RCC_EnableRTC
                0x000000000800c770       0x1c ./Core/Src/main.o
 .text.LL_RCC_ForceBackupDomainReset
                0x000000000800c78c       0x1c ./Core/Src/main.o
 .text.LL_RCC_ReleaseBackupDomainReset
                0x000000000800c7a8       0x1c ./Core/Src/main.o
 .text.LL_RCC_PLL_Enable
                0x000000000800c7c4       0x1c ./Core/Src/main.o
 .text.LL_RCC_PLL_IsReady
                0x000000000800c7e0       0x24 ./Core/Src/main.o
 .text.LL_RCC_PLL_ConfigDomain_SYS
                0x000000000800c804       0x30 ./Core/Src/main.o
 .text.LL_AHB1_GRP1_EnableClock
                0x000000000800c834       0x30 ./Core/Src/main.o
 .text.LL_APB1_GRP1_EnableClock
                0x000000000800c864       0x30 ./Core/Src/main.o
 .text.LL_APB2_GRP1_EnableClock
                0x000000000800c894       0x30 ./Core/Src/main.o
 .text.LL_DBGMCU_EnableDBGSleepMode
                0x000000000800c8c4       0x1c ./Core/Src/main.o
 .text.LL_DBGMCU_APB1_GRP1_FreezePeriph
                0x000000000800c8e0       0x24 ./Core/Src/main.o
 .text.LL_FLASH_SetLatency
                0x000000000800c904       0x28 ./Core/Src/main.o
 .text.LL_FLASH_GetLatency
                0x000000000800c92c       0x18 ./Core/Src/main.o
 .text.LL_EXTI_DisableIT_0_31
                0x000000000800c944       0x24 ./Core/Src/main.o
 .text.LL_PWR_EnableBkUpAccess
                0x000000000800c968       0x1c ./Core/Src/main.o
 .text.LL_RTC_SetAsynchPrescaler
                0x000000000800c984       0x38 ./Core/Src/main.o
 .text.LL_SPI_Enable
                0x000000000800c9bc       0x1e ./Core/Src/main.o
 .text.LL_SPI_EnableDMAReq_TX
                0x000000000800c9da       0x1e ./Core/Src/main.o
 .text.LL_SPI_DMA_GetRegAddr
                0x000000000800c9f8       0x16 ./Core/Src/main.o
 .text.LL_TIM_EnableCounter
                0x000000000800ca0e       0x1e ./Core/Src/main.o
 .text.LL_TIM_EnableARRPreload
                0x000000000800ca2c       0x1e ./Core/Src/main.o
 .text.LL_TIM_CC_EnableChannel
                0x000000000800ca4a       0x20 ./Core/Src/main.o
 *fill*         0x000000000800ca6a        0x2 
 .text.LL_TIM_OC_DisableFast
                0x000000000800ca6c       0x88 ./Core/Src/main.o
 .text.LL_TIM_OC_EnablePreload
                0x000000000800caf4       0x88 ./Core/Src/main.o
 .text.LL_TIM_OC_SetCompareCH4
                0x000000000800cb7c       0x1a ./Core/Src/main.o
 .text.LL_TIM_SetClockSource
                0x000000000800cb96       0x28 ./Core/Src/main.o
 .text.LL_TIM_SetTriggerOutput
                0x000000000800cbbe       0x24 ./Core/Src/main.o
 .text.LL_TIM_DisableMasterSlaveMode
                0x000000000800cbe2       0x1e ./Core/Src/main.o
 .text.LL_TIM_ClearFlag_UPDATE
                0x000000000800cc00       0x1a ./Core/Src/main.o
 .text.LL_TIM_EnableIT_UPDATE
                0x000000000800cc1a       0x1e ./Core/Src/main.o
 .text.LL_GPIO_SetPinMode
                0x000000000800cc38       0x64 ./Core/Src/main.o
 .text.LL_GPIO_SetPinPull
                0x000000000800cc9c       0x44 ./Core/Src/main.o
 .text.LL_GPIO_ResetOutputPin
                0x000000000800cce0       0x1e ./Core/Src/main.o
 .text.LL_GPIO_TogglePin
                0x000000000800ccfe       0x38 ./Core/Src/main.o
 *fill*         0x000000000800cd36        0x2 
 .text.LL_GPIO_AF_SetEXTISource
                0x000000000800cd38       0x5c ./Core/Src/main.o
 .text.main     0x000000000800cd94      0x1e4 ./Core/Src/main.o
                0x000000000800cd94                main
 .text.SystemClock_Config
                0x000000000800cf78       0xc0 ./Core/Src/main.o
                0x000000000800cf78                SystemClock_Config
 .text.MX_RTC_Init
                0x000000000800d038       0x44 ./Core/Src/main.o
 .text.MX_SPI1_Init
                0x000000000800d07c       0xe4 ./Core/Src/main.o
 .text.MX_TIM3_Init
                0x000000000800d160      0x100 ./Core/Src/main.o
 .text.MX_TIM6_Init
                0x000000000800d260       0x74 ./Core/Src/main.o
 .text.MX_DMA_Init
                0x000000000800d2d4       0x2e ./Core/Src/main.o
 *fill*         0x000000000800d302        0x2 
 .text.MX_GPIO_Init
                0x000000000800d304      0x13c ./Core/Src/main.o
 .text.cpToLPBuffer
                0x000000000800d440       0x84 ./Core/Src/main.o
                0x000000000800d440                cpToLPBuffer
 .text.putStrToBuff
                0x000000000800d4c4       0xbc ./Core/Src/main.o
                0x000000000800d4c4                putStrToBuff
 .text.putStrToBuffMix
                0x000000000800d580      0x190 ./Core/Src/main.o
                0x000000000800d580                putStrToBuffMix
 .text.Error_Handler
                0x000000000800d710        0xa ./Core/Src/main.o
                0x000000000800d710                Error_Handler
 *fill*         0x000000000800d71a        0x2 
 .text.HAL_MspInit
                0x000000000800d71c       0x74 ./Core/Src/stm32f1xx_hal_msp.o
                0x000000000800d71c                HAL_MspInit
 .text.LL_DMA_EnableChannel
                0x000000000800d790       0x3c ./Core/Src/stm32f1xx_it.o
 .text.LL_DMA_DisableChannel
                0x000000000800d7cc       0x3c ./Core/Src/stm32f1xx_it.o
 .text.LL_DMA_SetDataLength
                0x000000000800d808       0x44 ./Core/Src/stm32f1xx_it.o
 .text.LL_DMA_ConfigAddresses
                0x000000000800d84c       0x74 ./Core/Src/stm32f1xx_it.o
 .text.LL_DMA_IsActiveFlag_TC3
                0x000000000800d8c0       0x26 ./Core/Src/stm32f1xx_it.o
 .text.LL_DMA_ClearFlag_TC3
                0x000000000800d8e6       0x1a ./Core/Src/stm32f1xx_it.o
 .text.LL_EXTI_IsActiveFlag_0_31
                0x000000000800d900       0x2c ./Core/Src/stm32f1xx_it.o
 .text.LL_EXTI_ClearFlag_0_31
                0x000000000800d92c       0x1c ./Core/Src/stm32f1xx_it.o
 .text.LL_SPI_IsActiveFlag_BSY
                0x000000000800d948       0x24 ./Core/Src/stm32f1xx_it.o
 .text.LL_SPI_DMA_GetRegAddr
                0x000000000800d96c       0x16 ./Core/Src/stm32f1xx_it.o
 .text.LL_TIM_ClearFlag_UPDATE
                0x000000000800d982       0x1a ./Core/Src/stm32f1xx_it.o
 .text.LL_TIM_IsActiveFlag_UPDATE
                0x000000000800d99c       0x24 ./Core/Src/stm32f1xx_it.o
 .text.LL_TIM_ClearFlag_CC4
                0x000000000800d9c0       0x1a ./Core/Src/stm32f1xx_it.o
 .text.LL_TIM_IsActiveFlag_CC4
                0x000000000800d9da       0x24 ./Core/Src/stm32f1xx_it.o
 .text.LL_GPIO_SetOutputPin
                0x000000000800d9fe       0x1e ./Core/Src/stm32f1xx_it.o
 .text.LL_GPIO_ResetOutputPin
                0x000000000800da1c       0x1e ./Core/Src/stm32f1xx_it.o
 .text.LL_GPIO_TogglePin
                0x000000000800da3a       0x38 ./Core/Src/stm32f1xx_it.o
 .text.NMI_Handler
                0x000000000800da72        0x6 ./Core/Src/stm32f1xx_it.o
                0x000000000800da72                NMI_Handler
 .text.HardFault_Handler
                0x000000000800da78        0x6 ./Core/Src/stm32f1xx_it.o
                0x000000000800da78                HardFault_Handler
 .text.MemManage_Handler
                0x000000000800da7e        0x6 ./Core/Src/stm32f1xx_it.o
                0x000000000800da7e                MemManage_Handler
 .text.BusFault_Handler
                0x000000000800da84        0x6 ./Core/Src/stm32f1xx_it.o
                0x000000000800da84                BusFault_Handler
 .text.UsageFault_Handler
                0x000000000800da8a        0x6 ./Core/Src/stm32f1xx_it.o
                0x000000000800da8a                UsageFault_Handler
 .text.SVC_Handler
                0x000000000800da90        0xc ./Core/Src/stm32f1xx_it.o
                0x000000000800da90                SVC_Handler
 .text.DebugMon_Handler
                0x000000000800da9c        0xc ./Core/Src/stm32f1xx_it.o
                0x000000000800da9c                DebugMon_Handler
 .text.PendSV_Handler
                0x000000000800daa8        0xc ./Core/Src/stm32f1xx_it.o
                0x000000000800daa8                PendSV_Handler
 .text.SysTick_Handler
                0x000000000800dab4        0xc ./Core/Src/stm32f1xx_it.o
                0x000000000800dab4                SysTick_Handler
 .text.PVD_IRQHandler
                0x000000000800dac0        0xc ./Core/Src/stm32f1xx_it.o
                0x000000000800dac0                PVD_IRQHandler
 .text.DMA1_Channel3_IRQHandler
                0x000000000800dacc       0x3c ./Core/Src/stm32f1xx_it.o
                0x000000000800dacc                DMA1_Channel3_IRQHandler
 .text.USB_LP_CAN1_RX0_IRQHandler
                0x000000000800db08       0x14 ./Core/Src/stm32f1xx_it.o
                0x000000000800db08                USB_LP_CAN1_RX0_IRQHandler
 .text.EXTI9_5_IRQHandler
                0x000000000800db1c       0x3e ./Core/Src/stm32f1xx_it.o
                0x000000000800db1c                EXTI9_5_IRQHandler
 *fill*         0x000000000800db5a        0x2 
 .text.TIM3_IRQHandler
                0x000000000800db5c       0xdc ./Core/Src/stm32f1xx_it.o
                0x000000000800db5c                TIM3_IRQHandler
 .text.TIM6_IRQHandler
                0x000000000800dc38       0xac ./Core/Src/stm32f1xx_it.o
                0x000000000800dc38                TIM6_IRQHandler
 .text.SystemInit
                0x000000000800dce4       0x1c ./Core/Src/system_stm32f1xx.o
                0x000000000800dce4                SystemInit
 .text.Reset_Handler
                0x000000000800dd00       0x48 ./Core/Startup/startup_stm32f103rctx.o
                0x000000000800dd00                Reset_Handler
 .text.Default_Handler
                0x000000000800dd48        0x2 ./Core/Startup/startup_stm32f103rctx.o
                0x000000000800dd48                RTC_Alarm_IRQHandler
                0x000000000800dd48                EXTI2_IRQHandler
                0x000000000800dd48                TIM8_TRG_COM_IRQHandler
                0x000000000800dd48                TIM8_CC_IRQHandler
                0x000000000800dd48                TIM1_CC_IRQHandler
                0x000000000800dd48                SDIO_IRQHandler
                0x000000000800dd48                EXTI3_IRQHandler
                0x000000000800dd48                EXTI0_IRQHandler
                0x000000000800dd48                I2C2_EV_IRQHandler
                0x000000000800dd48                ADC1_2_IRQHandler
                0x000000000800dd48                SPI1_IRQHandler
                0x000000000800dd48                TAMPER_IRQHandler
                0x000000000800dd48                TIM8_UP_IRQHandler
                0x000000000800dd48                DMA2_Channel2_IRQHandler
                0x000000000800dd48                DMA1_Channel4_IRQHandler
                0x000000000800dd48                USART3_IRQHandler
                0x000000000800dd48                RTC_IRQHandler
                0x000000000800dd48                DMA1_Channel7_IRQHandler
                0x000000000800dd48                CAN1_RX1_IRQHandler
                0x000000000800dd48                UART5_IRQHandler
                0x000000000800dd48                ADC3_IRQHandler
                0x000000000800dd48                TIM4_IRQHandler
                0x000000000800dd48                DMA2_Channel1_IRQHandler
                0x000000000800dd48                I2C1_EV_IRQHandler
                0x000000000800dd48                DMA1_Channel6_IRQHandler
                0x000000000800dd48                UART4_IRQHandler
                0x000000000800dd48                RCC_IRQHandler
                0x000000000800dd48                TIM1_TRG_COM_IRQHandler
                0x000000000800dd48                DMA1_Channel1_IRQHandler
                0x000000000800dd48                Default_Handler
                0x000000000800dd48                EXTI15_10_IRQHandler
                0x000000000800dd48                TIM7_IRQHandler
                0x000000000800dd48                TIM5_IRQHandler
                0x000000000800dd48                SPI2_IRQHandler
                0x000000000800dd48                DMA1_Channel5_IRQHandler
                0x000000000800dd48                EXTI4_IRQHandler
                0x000000000800dd48                USB_HP_CAN1_TX_IRQHandler
                0x000000000800dd48                FSMC_IRQHandler
                0x000000000800dd48                TIM1_UP_IRQHandler
                0x000000000800dd48                WWDG_IRQHandler
                0x000000000800dd48                TIM2_IRQHandler
                0x000000000800dd48                TIM1_BRK_IRQHandler
                0x000000000800dd48                EXTI1_IRQHandler
                0x000000000800dd48                DMA2_Channel4_5_IRQHandler
                0x000000000800dd48                USART2_IRQHandler
                0x000000000800dd48                I2C2_ER_IRQHandler
                0x000000000800dd48                DMA1_Channel2_IRQHandler
                0x000000000800dd48                TIM8_BRK_IRQHandler
                0x000000000800dd48                CAN1_SCE_IRQHandler
                0x000000000800dd48                FLASH_IRQHandler
                0x000000000800dd48                USART1_IRQHandler
                0x000000000800dd48                SPI3_IRQHandler
                0x000000000800dd48                I2C1_ER_IRQHandler
                0x000000000800dd48                USBWakeUp_IRQHandler
                0x000000000800dd48                DMA2_Channel3_IRQHandler
 *fill*         0x000000000800dd4a        0x2 
 .text.HAL_Init
                0x000000000800dd4c       0x2c ./Drivers/STM32F1xx_HAL_Driver/Src/stm32f1xx_hal.o
                0x000000000800dd4c                HAL_Init
 .text.HAL_InitTick
                0x000000000800dd78       0x60 ./Drivers/STM32F1xx_HAL_Driver/Src/stm32f1xx_hal.o
                0x000000000800dd78                HAL_InitTick
 .text.HAL_IncTick
                0x000000000800ddd8       0x24 ./Drivers/STM32F1xx_HAL_Driver/Src/stm32f1xx_hal.o
                0x000000000800ddd8                HAL_IncTick
 .text.__NVIC_SetPriorityGrouping
                0x000000000800ddfc       0x48 ./Drivers/STM32F1xx_HAL_Driver/Src/stm32f1xx_hal_cortex.o
 .text.__NVIC_GetPriorityGrouping
                0x000000000800de44       0x1c ./Drivers/STM32F1xx_HAL_Driver/Src/stm32f1xx_hal_cortex.o
 .text.__NVIC_EnableIRQ
                0x000000000800de60       0x38 ./Drivers/STM32F1xx_HAL_Driver/Src/stm32f1xx_hal_cortex.o
 .text.__NVIC_SetPriority
                0x000000000800de98       0x54 ./Drivers/STM32F1xx_HAL_Driver/Src/stm32f1xx_hal_cortex.o
 .text.NVIC_EncodePriority
                0x000000000800deec       0x64 ./Drivers/STM32F1xx_HAL_Driver/Src/stm32f1xx_hal_cortex.o
 .text.SysTick_Config
                0x000000000800df50       0x44 ./Drivers/STM32F1xx_HAL_Driver/Src/stm32f1xx_hal_cortex.o
 .text.HAL_NVIC_SetPriorityGrouping
                0x000000000800df94       0x16 ./Drivers/STM32F1xx_HAL_Driver/Src/stm32f1xx_hal_cortex.o
                0x000000000800df94                HAL_NVIC_SetPriorityGrouping
 .text.HAL_NVIC_SetPriority
                0x000000000800dfaa       0x38 ./Drivers/STM32F1xx_HAL_Driver/Src/stm32f1xx_hal_cortex.o
                0x000000000800dfaa                HAL_NVIC_SetPriority
 .text.HAL_NVIC_EnableIRQ
                0x000000000800dfe2       0x1c ./Drivers/STM32F1xx_HAL_Driver/Src/stm32f1xx_hal_cortex.o
                0x000000000800dfe2                HAL_NVIC_EnableIRQ
 .text.HAL_SYSTICK_Config
                0x000000000800dffe       0x18 ./Drivers/STM32F1xx_HAL_Driver/Src/stm32f1xx_hal_cortex.o
                0x000000000800dffe                HAL_SYSTICK_Config
 .text.HAL_PCD_Init
                0x000000000800e016      0x1fe ./Drivers/STM32F1xx_HAL_Driver/Src/stm32f1xx_hal_pcd.o
                0x000000000800e016                HAL_PCD_Init
 .text.HAL_PCD_Start
                0x000000000800e214       0x4c ./Drivers/STM32F1xx_HAL_Driver/Src/stm32f1xx_hal_pcd.o
                0x000000000800e214                HAL_PCD_Start
 .text.HAL_PCD_IRQHandler
                0x000000000800e260      0x260 ./Drivers/STM32F1xx_HAL_Driver/Src/stm32f1xx_hal_pcd.o
                0x000000000800e260                HAL_PCD_IRQHandler
 .text.HAL_PCD_SetAddress
                0x000000000800e4c0       0x4a ./Drivers/STM32F1xx_HAL_Driver/Src/stm32f1xx_hal_pcd.o
                0x000000000800e4c0                HAL_PCD_SetAddress
 .text.HAL_PCD_EP_Open
                0x000000000800e50a       0xba ./Drivers/STM32F1xx_HAL_Driver/Src/stm32f1xx_hal_pcd.o
                0x000000000800e50a                HAL_PCD_EP_Open
 .text.HAL_PCD_EP_Close
                0x000000000800e5c4       0x90 ./Drivers/STM32F1xx_HAL_Driver/Src/stm32f1xx_hal_pcd.o
                0x000000000800e5c4                HAL_PCD_EP_Close
 .text.HAL_PCD_EP_Receive
                0x000000000800e654       0x62 ./Drivers/STM32F1xx_HAL_Driver/Src/stm32f1xx_hal_pcd.o
                0x000000000800e654                HAL_PCD_EP_Receive
 .text.HAL_PCD_EP_GetRxCount
                0x000000000800e6b6       0x2e ./Drivers/STM32F1xx_HAL_Driver/Src/stm32f1xx_hal_pcd.o
                0x000000000800e6b6                HAL_PCD_EP_GetRxCount
 .text.HAL_PCD_EP_Transmit
                0x000000000800e6e4       0x6e ./Drivers/STM32F1xx_HAL_Driver/Src/stm32f1xx_hal_pcd.o
                0x000000000800e6e4                HAL_PCD_EP_Transmit
 .text.HAL_PCD_EP_SetStall
                0x000000000800e752       0xc0 ./Drivers/STM32F1xx_HAL_Driver/Src/stm32f1xx_hal_pcd.o
                0x000000000800e752                HAL_PCD_EP_SetStall
 .text.HAL_PCD_EP_ClrStall
                0x000000000800e812       0xa8 ./Drivers/STM32F1xx_HAL_Driver/Src/stm32f1xx_hal_pcd.o
                0x000000000800e812                HAL_PCD_EP_ClrStall
 .text.HAL_PCD_EP_Flush
                0x000000000800e8ba       0x5a ./Drivers/STM32F1xx_HAL_Driver/Src/stm32f1xx_hal_pcd.o
                0x000000000800e8ba                HAL_PCD_EP_Flush
 .text.PCD_EP_ISR_Handler
                0x000000000800e914      0x7a6 ./Drivers/STM32F1xx_HAL_Driver/Src/stm32f1xx_hal_pcd.o
 .text.HAL_PCD_EP_DB_Receive
                0x000000000800f0ba      0x21a ./Drivers/STM32F1xx_HAL_Driver/Src/stm32f1xx_hal_pcd.o
 .text.HAL_PCD_EP_DB_Transmit
                0x000000000800f2d4      0x7f4 ./Drivers/STM32F1xx_HAL_Driver/Src/stm32f1xx_hal_pcd.o
 .text.HAL_PCDEx_PMAConfig
                0x000000000800fac8       0x84 ./Drivers/STM32F1xx_HAL_Driver/Src/stm32f1xx_hal_pcd_ex.o
                0x000000000800fac8                HAL_PCDEx_PMAConfig
 .text.HAL_PWR_PVD_IRQHandler
                0x000000000800fb4c       0x24 ./Drivers/STM32F1xx_HAL_Driver/Src/stm32f1xx_hal_pwr.o
                0x000000000800fb4c                HAL_PWR_PVD_IRQHandler
 .text.HAL_PWR_PVDCallback
                0x000000000800fb70        0xc ./Drivers/STM32F1xx_HAL_Driver/Src/stm32f1xx_hal_pwr.o
                0x000000000800fb70                HAL_PWR_PVDCallback
 .text.LL_EXTI_EnableIT_0_31
                0x000000000800fb7c       0x24 ./Drivers/STM32F1xx_HAL_Driver/Src/stm32f1xx_ll_exti.o
 .text.LL_EXTI_DisableIT_0_31
                0x000000000800fba0       0x24 ./Drivers/STM32F1xx_HAL_Driver/Src/stm32f1xx_ll_exti.o
 .text.LL_EXTI_EnableEvent_0_31
                0x000000000800fbc4       0x24 ./Drivers/STM32F1xx_HAL_Driver/Src/stm32f1xx_ll_exti.o
 .text.LL_EXTI_DisableEvent_0_31
                0x000000000800fbe8       0x24 ./Drivers/STM32F1xx_HAL_Driver/Src/stm32f1xx_ll_exti.o
 .text.LL_EXTI_EnableRisingTrig_0_31
                0x000000000800fc0c       0x24 ./Drivers/STM32F1xx_HAL_Driver/Src/stm32f1xx_ll_exti.o
 .text.LL_EXTI_DisableRisingTrig_0_31
                0x000000000800fc30       0x24 ./Drivers/STM32F1xx_HAL_Driver/Src/stm32f1xx_ll_exti.o
 .text.LL_EXTI_EnableFallingTrig_0_31
                0x000000000800fc54       0x24 ./Drivers/STM32F1xx_HAL_Driver/Src/stm32f1xx_ll_exti.o
 .text.LL_EXTI_DisableFallingTrig_0_31
                0x000000000800fc78       0x24 ./Drivers/STM32F1xx_HAL_Driver/Src/stm32f1xx_ll_exti.o
 .text.LL_EXTI_Init
                0x000000000800fc9c       0xfe ./Drivers/STM32F1xx_HAL_Driver/Src/stm32f1xx_ll_exti.o
                0x000000000800fc9c                LL_EXTI_Init
 .text.LL_GPIO_SetPinMode
                0x000000000800fd9a       0x64 ./Drivers/STM32F1xx_HAL_Driver/Src/stm32f1xx_ll_gpio.o
 .text.LL_GPIO_SetPinSpeed
                0x000000000800fdfe       0x64 ./Drivers/STM32F1xx_HAL_Driver/Src/stm32f1xx_ll_gpio.o
 .text.LL_GPIO_SetPinOutputType
                0x000000000800fe62       0x64 ./Drivers/STM32F1xx_HAL_Driver/Src/stm32f1xx_ll_gpio.o
 .text.LL_GPIO_SetPinPull
                0x000000000800fec6       0x44 ./Drivers/STM32F1xx_HAL_Driver/Src/stm32f1xx_ll_gpio.o
 .text.LL_GPIO_Init
                0x000000000800ff0a       0xcc ./Drivers/STM32F1xx_HAL_Driver/Src/stm32f1xx_ll_gpio.o
                0x000000000800ff0a                LL_GPIO_Init
 .text.LL_RTC_SetAsynchPrescaler
                0x000000000800ffd6       0x38 ./Drivers/STM32F1xx_HAL_Driver/Src/stm32f1xx_ll_rtc.o
 .text.LL_RTC_SetOutputSource
                0x000000000801000e       0x24 ./Drivers/STM32F1xx_HAL_Driver/Src/stm32f1xx_ll_rtc.o
 .text.LL_RTC_EnableWriteProtection
                0x0000000008010032       0x1e ./Drivers/STM32F1xx_HAL_Driver/Src/stm32f1xx_ll_rtc.o
 .text.LL_RTC_DisableWriteProtection
                0x0000000008010050       0x1e ./Drivers/STM32F1xx_HAL_Driver/Src/stm32f1xx_ll_rtc.o
 *fill*         0x000000000801006e        0x2 
 .text.LL_RTC_TAMPER_Disable
                0x0000000008010070       0x24 ./Drivers/STM32F1xx_HAL_Driver/Src/stm32f1xx_ll_rtc.o
 .text.LL_RTC_ClearFlag_ALR
                0x0000000008010094       0x1e ./Drivers/STM32F1xx_HAL_Driver/Src/stm32f1xx_ll_rtc.o
 .text.LL_RTC_IsActiveFlag_RS
                0x00000000080100b2       0x24 ./Drivers/STM32F1xx_HAL_Driver/Src/stm32f1xx_ll_rtc.o
 .text.LL_RTC_ClearFlag_RS
                0x00000000080100d6       0x1e ./Drivers/STM32F1xx_HAL_Driver/Src/stm32f1xx_ll_rtc.o
 .text.LL_RTC_ClearFlag_OW
                0x00000000080100f4       0x1e ./Drivers/STM32F1xx_HAL_Driver/Src/stm32f1xx_ll_rtc.o
 .text.LL_RTC_ClearFlag_SEC
                0x0000000008010112       0x1e ./Drivers/STM32F1xx_HAL_Driver/Src/stm32f1xx_ll_rtc.o
 .text.LL_RTC_IsActiveFlag_RTOF
                0x0000000008010130       0x24 ./Drivers/STM32F1xx_HAL_Driver/Src/stm32f1xx_ll_rtc.o
 .text.LL_SYSTICK_IsActiveCounterFlag
                0x0000000008010154       0x24 ./Drivers/STM32F1xx_HAL_Driver/Src/stm32f1xx_ll_rtc.o
 .text.LL_RTC_Init
                0x0000000008010178       0x78 ./Drivers/STM32F1xx_HAL_Driver/Src/stm32f1xx_ll_rtc.o
                0x0000000008010178                LL_RTC_Init
 .text.LL_RTC_EnterInitMode
                0x00000000080101f0       0x5e ./Drivers/STM32F1xx_HAL_Driver/Src/stm32f1xx_ll_rtc.o
                0x00000000080101f0                LL_RTC_EnterInitMode
 .text.LL_RTC_ExitInitMode
                0x000000000801024e       0x5e ./Drivers/STM32F1xx_HAL_Driver/Src/stm32f1xx_ll_rtc.o
                0x000000000801024e                LL_RTC_ExitInitMode
 .text.LL_RTC_WaitForSynchro
                0x00000000080102ac       0x5e ./Drivers/STM32F1xx_HAL_Driver/Src/stm32f1xx_ll_rtc.o
                0x00000000080102ac                LL_RTC_WaitForSynchro
 .text.LL_SPI_IsEnabled
                0x000000000801030a       0x24 ./Drivers/STM32F1xx_HAL_Driver/Src/stm32f1xx_ll_spi.o
 .text.LL_SPI_SetCRCPolynomial
                0x000000000801032e       0x1e ./Drivers/STM32F1xx_HAL_Driver/Src/stm32f1xx_ll_spi.o
 .text.LL_SPI_Init
                0x000000000801034c       0xa4 ./Drivers/STM32F1xx_HAL_Driver/Src/stm32f1xx_ll_spi.o
                0x000000000801034c                LL_SPI_Init
 .text.LL_TIM_SetPrescaler
                0x00000000080103f0       0x1a ./Drivers/STM32F1xx_HAL_Driver/Src/stm32f1xx_ll_tim.o
 .text.LL_TIM_SetAutoReload
                0x000000000801040a       0x1a ./Drivers/STM32F1xx_HAL_Driver/Src/stm32f1xx_ll_tim.o
 .text.LL_TIM_SetRepetitionCounter
                0x0000000008010424       0x1a ./Drivers/STM32F1xx_HAL_Driver/Src/stm32f1xx_ll_tim.o
 .text.LL_TIM_OC_SetCompareCH1
                0x000000000801043e       0x1a ./Drivers/STM32F1xx_HAL_Driver/Src/stm32f1xx_ll_tim.o
 .text.LL_TIM_OC_SetCompareCH2
                0x0000000008010458       0x1a ./Drivers/STM32F1xx_HAL_Driver/Src/stm32f1xx_ll_tim.o
 .text.LL_TIM_OC_SetCompareCH3
                0x0000000008010472       0x1a ./Drivers/STM32F1xx_HAL_Driver/Src/stm32f1xx_ll_tim.o
 .text.LL_TIM_OC_SetCompareCH4
                0x000000000801048c       0x1a ./Drivers/STM32F1xx_HAL_Driver/Src/stm32f1xx_ll_tim.o
 .text.LL_TIM_GenerateEvent_UPDATE
                0x00000000080104a6       0x1e ./Drivers/STM32F1xx_HAL_Driver/Src/stm32f1xx_ll_tim.o
 .text.LL_TIM_Init
                0x00000000080104c4       0xec ./Drivers/STM32F1xx_HAL_Driver/Src/stm32f1xx_ll_tim.o
                0x00000000080104c4                LL_TIM_Init
 .text.LL_TIM_OC_Init
                0x00000000080105b0       0x82 ./Drivers/STM32F1xx_HAL_Driver/Src/stm32f1xx_ll_tim.o
                0x00000000080105b0                LL_TIM_OC_Init
 *fill*         0x0000000008010632        0x2 
 .text.OC1Config
                0x0000000008010634       0xd8 ./Drivers/STM32F1xx_HAL_Driver/Src/stm32f1xx_ll_tim.o
 .text.OC2Config
                0x000000000801070c       0xe0 ./Drivers/STM32F1xx_HAL_Driver/Src/stm32f1xx_ll_tim.o
 .text.OC3Config
                0x00000000080107ec       0xe0 ./Drivers/STM32F1xx_HAL_Driver/Src/stm32f1xx_ll_tim.o
 .text.OC4Config
                0x00000000080108cc       0xb0 ./Drivers/STM32F1xx_HAL_Driver/Src/stm32f1xx_ll_tim.o
 .text.USB_CoreInit
                0x000000000801097c       0x20 ./Drivers/STM32F1xx_HAL_Driver/Src/stm32f1xx_ll_usb.o
                0x000000000801097c                USB_CoreInit
 .text.USB_EnableGlobalInt
                0x000000000801099c       0x2c ./Drivers/STM32F1xx_HAL_Driver/Src/stm32f1xx_ll_usb.o
                0x000000000801099c                USB_EnableGlobalInt
 .text.USB_DisableGlobalInt
                0x00000000080109c8       0x34 ./Drivers/STM32F1xx_HAL_Driver/Src/stm32f1xx_ll_usb.o
                0x00000000080109c8                USB_DisableGlobalInt
 .text.USB_SetCurrentMode
                0x00000000080109fc       0x18 ./Drivers/STM32F1xx_HAL_Driver/Src/stm32f1xx_ll_usb.o
                0x00000000080109fc                USB_SetCurrentMode
 .text.USB_DevInit
                0x0000000008010a14       0x40 ./Drivers/STM32F1xx_HAL_Driver/Src/stm32f1xx_ll_usb.o
                0x0000000008010a14                USB_DevInit
 .text.USB_FlushTxFifo
                0x0000000008010a54       0x16 ./Drivers/STM32F1xx_HAL_Driver/Src/stm32f1xx_ll_usb.o
                0x0000000008010a54                USB_FlushTxFifo
 .text.USB_FlushRxFifo
                0x0000000008010a6a       0x14 ./Drivers/STM32F1xx_HAL_Driver/Src/stm32f1xx_ll_usb.o
                0x0000000008010a6a                USB_FlushRxFifo
 *fill*         0x0000000008010a7e        0x2 
 .text.USB_ActivateEndpoint
                0x0000000008010a80      0x780 ./Drivers/STM32F1xx_HAL_Driver/Src/stm32f1xx_ll_usb.o
                0x0000000008010a80                USB_ActivateEndpoint
 .text.USB_DeactivateEndpoint
                0x0000000008011200      0x3d8 ./Drivers/STM32F1xx_HAL_Driver/Src/stm32f1xx_ll_usb.o
                0x0000000008011200                USB_DeactivateEndpoint
 .text.USB_EPStartXfer
                0x00000000080115d8     0x1762 ./Drivers/STM32F1xx_HAL_Driver/Src/stm32f1xx_ll_usb.o
                0x00000000080115d8                USB_EPStartXfer
 .text.USB_EPSetStall
                0x0000000008012d3a       0xa0 ./Drivers/STM32F1xx_HAL_Driver/Src/stm32f1xx_ll_usb.o
                0x0000000008012d3a                USB_EPSetStall
 .text.USB_EPClearStall
                0x0000000008012dda      0x15a ./Drivers/STM32F1xx_HAL_Driver/Src/stm32f1xx_ll_usb.o
                0x0000000008012dda                USB_EPClearStall
 .text.USB_SetDevAddress
                0x0000000008012f34       0x26 ./Drivers/STM32F1xx_HAL_Driver/Src/stm32f1xx_ll_usb.o
                0x0000000008012f34                USB_SetDevAddress
 .text.USB_DevConnect
                0x0000000008012f5a       0x14 ./Drivers/STM32F1xx_HAL_Driver/Src/stm32f1xx_ll_usb.o
                0x0000000008012f5a                USB_DevConnect
 .text.USB_DevDisconnect
                0x0000000008012f6e       0x14 ./Drivers/STM32F1xx_HAL_Driver/Src/stm32f1xx_ll_usb.o
                0x0000000008012f6e                USB_DevDisconnect
 .text.USB_ReadInterrupts
                0x0000000008012f82       0x1e ./Drivers/STM32F1xx_HAL_Driver/Src/stm32f1xx_ll_usb.o
                0x0000000008012f82                USB_ReadInterrupts
 .text.USB_EP0_OutStart
                0x0000000008012fa0       0x16 ./Drivers/STM32F1xx_HAL_Driver/Src/stm32f1xx_ll_usb.o
                0x0000000008012fa0                USB_EP0_OutStart
 .text.USB_WritePMA
                0x0000000008012fb6       0x8a ./Drivers/STM32F1xx_HAL_Driver/Src/stm32f1xx_ll_usb.o
                0x0000000008012fb6                USB_WritePMA
 .text.USB_ReadPMA
                0x0000000008013040       0x9e ./Drivers/STM32F1xx_HAL_Driver/Src/stm32f1xx_ll_usb.o
                0x0000000008013040                USB_ReadPMA
 *fill*         0x00000000080130de        0x2 
 .text.LL_SetSystemCoreClock
                0x00000000080130e0       0x1c ./Drivers/STM32F1xx_HAL_Driver/Src/stm32f1xx_ll_utils.o
                0x00000000080130e0                LL_SetSystemCoreClock
 .text.USBD_MSC_Init
                0x00000000080130fc       0x94 ./Middlewares/ST/STM32_USB_Device_Library/Class/MSC/Src/usbd_msc.o
                0x00000000080130fc                USBD_MSC_Init
 .text.USBD_MSC_DeInit
                0x0000000008013190       0x58 ./Middlewares/ST/STM32_USB_Device_Library/Class/MSC/Src/usbd_msc.o
                0x0000000008013190                USBD_MSC_DeInit
 .text.USBD_MSC_Setup
                0x00000000080131e8      0x26c ./Middlewares/ST/STM32_USB_Device_Library/Class/MSC/Src/usbd_msc.o
                0x00000000080131e8                USBD_MSC_Setup
 .text.USBD_MSC_DataIn
                0x0000000008013454       0x20 ./Middlewares/ST/STM32_USB_Device_Library/Class/MSC/Src/usbd_msc.o
                0x0000000008013454                USBD_MSC_DataIn
 .text.USBD_MSC_DataOut
                0x0000000008013474       0x20 ./Middlewares/ST/STM32_USB_Device_Library/Class/MSC/Src/usbd_msc.o
                0x0000000008013474                USBD_MSC_DataOut
 .text.USBD_MSC_GetHSCfgDesc
                0x0000000008013494       0x20 ./Middlewares/ST/STM32_USB_Device_Library/Class/MSC/Src/usbd_msc.o
                0x0000000008013494                USBD_MSC_GetHSCfgDesc
 .text.USBD_MSC_GetFSCfgDesc
                0x00000000080134b4       0x20 ./Middlewares/ST/STM32_USB_Device_Library/Class/MSC/Src/usbd_msc.o
                0x00000000080134b4                USBD_MSC_GetFSCfgDesc
 .text.USBD_MSC_GetOtherSpeedCfgDesc
                0x00000000080134d4       0x20 ./Middlewares/ST/STM32_USB_Device_Library/Class/MSC/Src/usbd_msc.o
                0x00000000080134d4                USBD_MSC_GetOtherSpeedCfgDesc
 .text.USBD_MSC_GetDeviceQualifierDescriptor
                0x00000000080134f4       0x20 ./Middlewares/ST/STM32_USB_Device_Library/Class/MSC/Src/usbd_msc.o
                0x00000000080134f4                USBD_MSC_GetDeviceQualifierDescriptor
 .text.USBD_MSC_RegisterStorage
                0x0000000008013514       0x24 ./Middlewares/ST/STM32_USB_Device_Library/Class/MSC/Src/usbd_msc.o
                0x0000000008013514                USBD_MSC_RegisterStorage
 .text.MSC_BOT_Init
                0x0000000008013538       0x60 ./Middlewares/ST/STM32_USB_Device_Library/Class/MSC/Src/usbd_msc_bot.o
                0x0000000008013538                MSC_BOT_Init
 .text.MSC_BOT_Reset
                0x0000000008013598       0x34 ./Middlewares/ST/STM32_USB_Device_Library/Class/MSC/Src/usbd_msc_bot.o
                0x0000000008013598                MSC_BOT_Reset
 .text.MSC_BOT_DeInit
                0x00000000080135cc       0x20 ./Middlewares/ST/STM32_USB_Device_Library/Class/MSC/Src/usbd_msc_bot.o
                0x00000000080135cc                MSC_BOT_DeInit
 .text.MSC_BOT_DataIn
                0x00000000080135ec       0x64 ./Middlewares/ST/STM32_USB_Device_Library/Class/MSC/Src/usbd_msc_bot.o
                0x00000000080135ec                MSC_BOT_DataIn
 .text.MSC_BOT_DataOut
                0x0000000008013650       0x56 ./Middlewares/ST/STM32_USB_Device_Library/Class/MSC/Src/usbd_msc_bot.o
                0x0000000008013650                MSC_BOT_DataOut
 *fill*         0x00000000080136a6        0x2 
 .text.MSC_BOT_CBW_Decode
                0x00000000080136a8      0x10c ./Middlewares/ST/STM32_USB_Device_Library/Class/MSC/Src/usbd_msc_bot.o
 .text.MSC_BOT_SendData
                0x00000000080137b4       0x62 ./Middlewares/ST/STM32_USB_Device_Library/Class/MSC/Src/usbd_msc_bot.o
 *fill*         0x0000000008013816        0x2 
 .text.MSC_BOT_SendCSW
                0x0000000008013818       0x58 ./Middlewares/ST/STM32_USB_Device_Library/Class/MSC/Src/usbd_msc_bot.o
                0x0000000008013818                MSC_BOT_SendCSW
 .text.MSC_BOT_Abort
                0x0000000008013870       0x5c ./Middlewares/ST/STM32_USB_Device_Library/Class/MSC/Src/usbd_msc_bot.o
 .text.MSC_BOT_CplClrFeature
                0x00000000080138cc       0x4e ./Middlewares/ST/STM32_USB_Device_Library/Class/MSC/Src/usbd_msc_bot.o
                0x00000000080138cc                MSC_BOT_CplClrFeature
 *fill*         0x000000000801391a        0x2 
 .text.SCSI_ProcessCmd
                0x000000000801391c      0x250 ./Middlewares/ST/STM32_USB_Device_Library/Class/MSC/Src/usbd_msc_scsi.o
                0x000000000801391c                SCSI_ProcessCmd
 .text.SCSI_TestUnitReady
                0x0000000008013b6c       0x72 ./Middlewares/ST/STM32_USB_Device_Library/Class/MSC/Src/usbd_msc_scsi.o
 *fill*         0x0000000008013bde        0x2 
 .text.SCSI_Inquiry
                0x0000000008013be0       0xbc ./Middlewares/ST/STM32_USB_Device_Library/Class/MSC/Src/usbd_msc_scsi.o
 .text.SCSI_ReadCapacity10
                0x0000000008013c9c       0xce ./Middlewares/ST/STM32_USB_Device_Library/Class/MSC/Src/usbd_msc_scsi.o
 .text.SCSI_ReadFormatCapacity
                0x0000000008013d6a       0xc8 ./Middlewares/ST/STM32_USB_Device_Library/Class/MSC/Src/usbd_msc_scsi.o
 *fill*         0x0000000008013e32        0x2 
 .text.SCSI_ModeSense6
                0x0000000008013e34       0x50 ./Middlewares/ST/STM32_USB_Device_Library/Class/MSC/Src/usbd_msc_scsi.o
 .text.SCSI_ModeSense10
                0x0000000008013e84       0x50 ./Middlewares/ST/STM32_USB_Device_Library/Class/MSC/Src/usbd_msc_scsi.o
 .text.SCSI_RequestSense
                0x0000000008013ed4       0xd4 ./Middlewares/ST/STM32_USB_Device_Library/Class/MSC/Src/usbd_msc_scsi.o
 .text.SCSI_SenseCode
                0x0000000008013fa8       0x72 ./Middlewares/ST/STM32_USB_Device_Library/Class/MSC/Src/usbd_msc_scsi.o
                0x0000000008013fa8                SCSI_SenseCode
 .text.SCSI_StartStopUnit
                0x000000000801401a       0x28 ./Middlewares/ST/STM32_USB_Device_Library/Class/MSC/Src/usbd_msc_scsi.o
 .text.SCSI_Read10
                0x0000000008014042      0x118 ./Middlewares/ST/STM32_USB_Device_Library/Class/MSC/Src/usbd_msc_scsi.o
 .text.SCSI_Write10
                0x000000000801415a      0x160 ./Middlewares/ST/STM32_USB_Device_Library/Class/MSC/Src/usbd_msc_scsi.o
 .text.SCSI_Verify10
                0x00000000080142ba       0x66 ./Middlewares/ST/STM32_USB_Device_Library/Class/MSC/Src/usbd_msc_scsi.o
 .text.SCSI_CheckAddressRange
                0x0000000008014320       0x44 ./Middlewares/ST/STM32_USB_Device_Library/Class/MSC/Src/usbd_msc_scsi.o
 .text.SCSI_ProcessRead
                0x0000000008014364       0xe8 ./Middlewares/ST/STM32_USB_Device_Library/Class/MSC/Src/usbd_msc_scsi.o
 .text.SCSI_ProcessWrite
                0x000000000801444c      0x108 ./Middlewares/ST/STM32_USB_Device_Library/Class/MSC/Src/usbd_msc_scsi.o
 .text.USBD_Init
                0x0000000008014554       0x56 ./Middlewares/ST/STM32_USB_Device_Library/Core/Src/usbd_core.o
                0x0000000008014554                USBD_Init
 .text.USBD_RegisterClass
                0x00000000080145aa       0x32 ./Middlewares/ST/STM32_USB_Device_Library/Core/Src/usbd_core.o
                0x00000000080145aa                USBD_RegisterClass
 .text.USBD_Start
                0x00000000080145dc       0x18 ./Middlewares/ST/STM32_USB_Device_Library/Core/Src/usbd_core.o
                0x00000000080145dc                USBD_Start
 .text.USBD_RunTestMode
                0x00000000080145f4       0x14 ./Middlewares/ST/STM32_USB_Device_Library/Core/Src/usbd_core.o
                0x00000000080145f4                USBD_RunTestMode
 .text.USBD_SetClassConfig
                0x0000000008014608       0x3e ./Middlewares/ST/STM32_USB_Device_Library/Core/Src/usbd_core.o
                0x0000000008014608                USBD_SetClassConfig
 .text.USBD_ClrClassConfig
                0x0000000008014646       0x26 ./Middlewares/ST/STM32_USB_Device_Library/Core/Src/usbd_core.o
                0x0000000008014646                USBD_ClrClassConfig
 .text.USBD_LL_SetupStage
                0x000000000801466c       0x9a ./Middlewares/ST/STM32_USB_Device_Library/Core/Src/usbd_core.o
                0x000000000801466c                USBD_LL_SetupStage
 .text.USBD_LL_DataOutStage
                0x0000000008014706       0xe2 ./Middlewares/ST/STM32_USB_Device_Library/Core/Src/usbd_core.o
                0x0000000008014706                USBD_LL_DataOutStage
 .text.USBD_LL_DataInStage
                0x00000000080147e8      0x14a ./Middlewares/ST/STM32_USB_Device_Library/Core/Src/usbd_core.o
                0x00000000080147e8                USBD_LL_DataInStage
 .text.USBD_LL_Reset
                0x0000000008014932       0x82 ./Middlewares/ST/STM32_USB_Device_Library/Core/Src/usbd_core.o
                0x0000000008014932                USBD_LL_Reset
 .text.USBD_LL_SetSpeed
                0x00000000080149b4       0x1e ./Middlewares/ST/STM32_USB_Device_Library/Core/Src/usbd_core.o
                0x00000000080149b4                USBD_LL_SetSpeed
 .text.USBD_LL_Suspend
                0x00000000080149d2       0x28 ./Middlewares/ST/STM32_USB_Device_Library/Core/Src/usbd_core.o
                0x00000000080149d2                USBD_LL_Suspend
 .text.USBD_LL_Resume
                0x00000000080149fa       0x2a ./Middlewares/ST/STM32_USB_Device_Library/Core/Src/usbd_core.o
                0x00000000080149fa                USBD_LL_Resume
 .text.USBD_LL_SOF
                0x0000000008014a24       0x34 ./Middlewares/ST/STM32_USB_Device_Library/Core/Src/usbd_core.o
                0x0000000008014a24                USBD_LL_SOF
 .text.USBD_StdDevReq
                0x0000000008014a58       0xd4 ./Middlewares/ST/STM32_USB_Device_Library/Core/Src/usbd_ctlreq.o
                0x0000000008014a58                USBD_StdDevReq
 .text.USBD_StdItfReq
                0x0000000008014b2c       0x90 ./Middlewares/ST/STM32_USB_Device_Library/Core/Src/usbd_ctlreq.o
                0x0000000008014b2c                USBD_StdItfReq
 .text.USBD_StdEPReq
                0x0000000008014bbc      0x2c6 ./Middlewares/ST/STM32_USB_Device_Library/Core/Src/usbd_ctlreq.o
                0x0000000008014bbc                USBD_StdEPReq
 *fill*         0x0000000008014e82        0x2 
 .text.USBD_GetDescriptor
                0x0000000008014e84      0x2d0 ./Middlewares/ST/STM32_USB_Device_Library/Core/Src/usbd_ctlreq.o
 .text.USBD_SetAddress
                0x0000000008015154       0x86 ./Middlewares/ST/STM32_USB_Device_Library/Core/Src/usbd_ctlreq.o
 *fill*         0x00000000080151da        0x2 
 .text.USBD_SetConfig
                0x00000000080151dc      0x11c ./Middlewares/ST/STM32_USB_Device_Library/Core/Src/usbd_ctlreq.o
 .text.USBD_GetConfig
                0x00000000080152f8       0x6a ./Middlewares/ST/STM32_USB_Device_Library/Core/Src/usbd_ctlreq.o
 .text.USBD_GetStatus
                0x0000000008015362       0x66 ./Middlewares/ST/STM32_USB_Device_Library/Core/Src/usbd_ctlreq.o
 .text.USBD_SetFeature
                0x00000000080153c8       0x28 ./Middlewares/ST/STM32_USB_Device_Library/Core/Src/usbd_ctlreq.o
 .text.USBD_ClrFeature
                0x00000000080153f0       0x42 ./Middlewares/ST/STM32_USB_Device_Library/Core/Src/usbd_ctlreq.o
 .text.USBD_ParseSetupRequest
                0x0000000008015432       0x78 ./Middlewares/ST/STM32_USB_Device_Library/Core/Src/usbd_ctlreq.o
                0x0000000008015432                USBD_ParseSetupRequest
 .text.USBD_CtlError
                0x00000000080154aa       0x22 ./Middlewares/ST/STM32_USB_Device_Library/Core/Src/usbd_ctlreq.o
                0x00000000080154aa                USBD_CtlError
 .text.USBD_GetString
                0x00000000080154cc       0x84 ./Middlewares/ST/STM32_USB_Device_Library/Core/Src/usbd_ctlreq.o
                0x00000000080154cc                USBD_GetString
 .text.USBD_GetLen
                0x0000000008015550       0x2e ./Middlewares/ST/STM32_USB_Device_Library/Core/Src/usbd_ctlreq.o
 .text.USBD_CtlSendData
                0x000000000801557e       0x38 ./Middlewares/ST/STM32_USB_Device_Library/Core/Src/usbd_ioreq.o
                0x000000000801557e                USBD_CtlSendData
 .text.USBD_CtlContinueSendData
                0x00000000080155b6       0x24 ./Middlewares/ST/STM32_USB_Device_Library/Core/Src/usbd_ioreq.o
                0x00000000080155b6                USBD_CtlContinueSendData
 .text.USBD_CtlContinueRx
                0x00000000080155da       0x24 ./Middlewares/ST/STM32_USB_Device_Library/Core/Src/usbd_ioreq.o
                0x00000000080155da                USBD_CtlContinueRx
 .text.USBD_CtlSendStatus
                0x00000000080155fe       0x26 ./Middlewares/ST/STM32_USB_Device_Library/Core/Src/usbd_ioreq.o
                0x00000000080155fe                USBD_CtlSendStatus
 .text.USBD_CtlReceiveStatus
                0x0000000008015624       0x26 ./Middlewares/ST/STM32_USB_Device_Library/Core/Src/usbd_ioreq.o
                0x0000000008015624                USBD_CtlReceiveStatus
 *fill*         0x000000000801564a        0x2 
 .text.MX_USB_DEVICE_Init
                0x000000000801564c       0x60 ./USB_DEVICE/App/usb_device.o
                0x000000000801564c                MX_USB_DEVICE_Init
 .text.USBD_FS_DeviceDescriptor
                0x00000000080156ac       0x24 ./USB_DEVICE/App/usbd_desc.o
                0x00000000080156ac                USBD_FS_DeviceDescriptor
 .text.USBD_FS_LangIDStrDescriptor
                0x00000000080156d0       0x24 ./USB_DEVICE/App/usbd_desc.o
                0x00000000080156d0                USBD_FS_LangIDStrDescriptor
 .text.USBD_FS_ProductStrDescriptor
                0x00000000080156f4       0x3c ./USB_DEVICE/App/usbd_desc.o
                0x00000000080156f4                USBD_FS_ProductStrDescriptor
 .text.USBD_FS_ManufacturerStrDescriptor
                0x0000000008015730       0x28 ./USB_DEVICE/App/usbd_desc.o
                0x0000000008015730                USBD_FS_ManufacturerStrDescriptor
 .text.USBD_FS_SerialStrDescriptor
                0x0000000008015758       0x24 ./USB_DEVICE/App/usbd_desc.o
                0x0000000008015758                USBD_FS_SerialStrDescriptor
 .text.USBD_FS_ConfigStrDescriptor
                0x000000000801577c       0x3c ./USB_DEVICE/App/usbd_desc.o
                0x000000000801577c                USBD_FS_ConfigStrDescriptor
 .text.USBD_FS_InterfaceStrDescriptor
                0x00000000080157b8       0x3c ./USB_DEVICE/App/usbd_desc.o
                0x00000000080157b8                USBD_FS_InterfaceStrDescriptor
 .text.Get_SerialNum
                0x00000000080157f4       0x58 ./USB_DEVICE/App/usbd_desc.o
 .text.IntToUnicode
                0x000000000801584c       0x7c ./USB_DEVICE/App/usbd_desc.o
 .text.STORAGE_Init_FS
                0x00000000080158c8       0x16 ./USB_DEVICE/App/usbd_storage_if.o
 .text.STORAGE_GetCapacity_FS
                0x00000000080158de       0x2a ./USB_DEVICE/App/usbd_storage_if.o
 .text.STORAGE_IsReady_FS
                0x0000000008015908       0x16 ./USB_DEVICE/App/usbd_storage_if.o
 .text.STORAGE_IsWriteProtected_FS
                0x000000000801591e       0x16 ./USB_DEVICE/App/usbd_storage_if.o
 .text.STORAGE_Read_FS
                0x0000000008015934       0x20 ./USB_DEVICE/App/usbd_storage_if.o
 .text.STORAGE_Write_FS
                0x0000000008015954       0x20 ./USB_DEVICE/App/usbd_storage_if.o
 .text.STORAGE_GetMaxLun_FS
                0x0000000008015974        0xe ./USB_DEVICE/App/usbd_storage_if.o
 *fill*         0x0000000008015982        0x2 
 .text.HAL_PCD_MspInit
                0x0000000008015984       0x4c ./USB_DEVICE/Target/usbd_conf.o
                0x0000000008015984                HAL_PCD_MspInit
 .text.HAL_PCD_SetupStageCallback
                0x00000000080159d0       0x24 ./USB_DEVICE/Target/usbd_conf.o
                0x00000000080159d0                HAL_PCD_SetupStageCallback
 .text.HAL_PCD_DataOutStageCallback
                0x00000000080159f4       0x36 ./USB_DEVICE/Target/usbd_conf.o
                0x00000000080159f4                HAL_PCD_DataOutStageCallback
 .text.HAL_PCD_DataInStageCallback
                0x0000000008015a2a       0x34 ./USB_DEVICE/Target/usbd_conf.o
                0x0000000008015a2a                HAL_PCD_DataInStageCallback
 .text.HAL_PCD_SOFCallback
                0x0000000008015a5e       0x1c ./USB_DEVICE/Target/usbd_conf.o
                0x0000000008015a5e                HAL_PCD_SOFCallback
 .text.HAL_PCD_ResetCallback
                0x0000000008015a7a       0x3c ./USB_DEVICE/Target/usbd_conf.o
                0x0000000008015a7a                HAL_PCD_ResetCallback
 *fill*         0x0000000008015ab6        0x2 
 .text.HAL_PCD_SuspendCallback
                0x0000000008015ab8       0x34 ./USB_DEVICE/Target/usbd_conf.o
                0x0000000008015ab8                HAL_PCD_SuspendCallback
 .text.HAL_PCD_ResumeCallback
                0x0000000008015aec       0x1c ./USB_DEVICE/Target/usbd_conf.o
                0x0000000008015aec                HAL_PCD_ResumeCallback
 .text.USBD_LL_Init
                0x0000000008015b08       0xa0 ./USB_DEVICE/Target/usbd_conf.o
                0x0000000008015b08                USBD_LL_Init
 .text.USBD_LL_Start
                0x0000000008015ba8       0x36 ./USB_DEVICE/Target/usbd_conf.o
                0x0000000008015ba8                USBD_LL_Start
 .text.USBD_LL_OpenEP
                0x0000000008015bde       0x4c ./USB_DEVICE/Target/usbd_conf.o
                0x0000000008015bde                USBD_LL_OpenEP
 .text.USBD_LL_CloseEP
                0x0000000008015c2a       0x3e ./USB_DEVICE/Target/usbd_conf.o
                0x0000000008015c2a                USBD_LL_CloseEP
 .text.USBD_LL_FlushEP
                0x0000000008015c68       0x3e ./USB_DEVICE/Target/usbd_conf.o
                0x0000000008015c68                USBD_LL_FlushEP
 .text.USBD_LL_StallEP
                0x0000000008015ca6       0x3e ./USB_DEVICE/Target/usbd_conf.o
                0x0000000008015ca6                USBD_LL_StallEP
 .text.USBD_LL_ClearStallEP
                0x0000000008015ce4       0x3e ./USB_DEVICE/Target/usbd_conf.o
                0x0000000008015ce4                USBD_LL_ClearStallEP
 .text.USBD_LL_IsStallEP
                0x0000000008015d22       0x58 ./USB_DEVICE/Target/usbd_conf.o
                0x0000000008015d22                USBD_LL_IsStallEP
 .text.USBD_LL_SetUSBAddress
                0x0000000008015d7a       0x3e ./USB_DEVICE/Target/usbd_conf.o
                0x0000000008015d7a                USBD_LL_SetUSBAddress
 .text.USBD_LL_Transmit
                0x0000000008015db8       0x46 ./USB_DEVICE/Target/usbd_conf.o
                0x0000000008015db8                USBD_LL_Transmit
 .text.USBD_LL_PrepareReceive
                0x0000000008015dfe       0x46 ./USB_DEVICE/Target/usbd_conf.o
                0x0000000008015dfe                USBD_LL_PrepareReceive
 .text.USBD_LL_GetRxDataSize
                0x0000000008015e44       0x26 ./USB_DEVICE/Target/usbd_conf.o
                0x0000000008015e44                USBD_LL_GetRxDataSize
 *fill*         0x0000000008015e6a        0x2 
 .text.USBD_static_malloc
                0x0000000008015e6c       0x18 ./USB_DEVICE/Target/usbd_conf.o
                0x0000000008015e6c                USBD_static_malloc
 .text.USBD_static_free
                0x0000000008015e84       0x12 ./USB_DEVICE/Target/usbd_conf.o
                0x0000000008015e84                USBD_static_free
 .text.HAL_PCDEx_SetConnectionState
                0x0000000008015e96       0x16 ./USB_DEVICE/Target/usbd_conf.o
                0x0000000008015e96                HAL_PCDEx_SetConnectionState
 .text.USBD_Get_USB_Status
                0x0000000008015eac       0x58 ./USB_DEVICE/Target/usbd_conf.o
 .text.memset   0x0000000008015f04       0x10 C:/ST/STM32CubeIDE_1.12.1/STM32CubeIDE/plugins/com.st.stm32cube.ide.mcu.externaltools.gnu-tools-for-stm32.11.3.rel1.win32_1.1.0.202305231506/tools/bin/../lib/gcc/arm-none-eabi/11.3.1/../../../../arm-none-eabi/lib/thumb/v7-m/nofp\libc_nano.a(libc_a-memset.o)
                0x0000000008015f04                memset
 .text.__libc_init_array
                0x0000000008015f14       0x48 C:/ST/STM32CubeIDE_1.12.1/STM32CubeIDE/plugins/com.st.stm32cube.ide.mcu.externaltools.gnu-tools-for-stm32.11.3.rel1.win32_1.1.0.202305231506/tools/bin/../lib/gcc/arm-none-eabi/11.3.1/../../../../arm-none-eabi/lib/thumb/v7-m/nofp\libc_nano.a(libc_a-init.o)
                0x0000000008015f14                __libc_init_array
 *(.glue_7)
 .glue_7        0x0000000008015f5c        0x0 linker stubs
 *(.glue_7t)
 .glue_7t       0x0000000008015f5c        0x0 linker stubs
 *(.eh_frame)
 .eh_frame      0x0000000008015f5c        0x0 C:/ST/STM32CubeIDE_1.12.1/STM32CubeIDE/plugins/com.st.stm32cube.ide.mcu.externaltools.gnu-tools-for-stm32.11.3.rel1.win32_1.1.0.202305231506/tools/bin/../lib/gcc/arm-none-eabi/11.3.1/thumb/v7-m/nofp/crtbegin.o
 *(.init)
 .init          0x0000000008015f5c        0x4 C:/ST/STM32CubeIDE_1.12.1/STM32CubeIDE/plugins/com.st.stm32cube.ide.mcu.externaltools.gnu-tools-for-stm32.11.3.rel1.win32_1.1.0.202305231506/tools/bin/../lib/gcc/arm-none-eabi/11.3.1/thumb/v7-m/nofp/crti.o
                0x0000000008015f5c                _init
 .init          0x0000000008015f60        0x8 C:/ST/STM32CubeIDE_1.12.1/STM32CubeIDE/plugins/com.st.stm32cube.ide.mcu.externaltools.gnu-tools-for-stm32.11.3.rel1.win32_1.1.0.202305231506/tools/bin/../lib/gcc/arm-none-eabi/11.3.1/thumb/v7-m/nofp/crtn.o
 *(.fini)
 .fini          0x0000000008015f68        0x4 C:/ST/STM32CubeIDE_1.12.1/STM32CubeIDE/plugins/com.st.stm32cube.ide.mcu.externaltools.gnu-tools-for-stm32.11.3.rel1.win32_1.1.0.202305231506/tools/bin/../lib/gcc/arm-none-eabi/11.3.1/thumb/v7-m/nofp/crti.o
                0x0000000008015f68                _fini
 .fini          0x0000000008015f6c        0x8 C:/ST/STM32CubeIDE_1.12.1/STM32CubeIDE/plugins/com.st.stm32cube.ide.mcu.externaltools.gnu-tools-for-stm32.11.3.rel1.win32_1.1.0.202305231506/tools/bin/../lib/gcc/arm-none-eabi/11.3.1/thumb/v7-m/nofp/crtn.o
                0x0000000008015f74                . = ALIGN (0x4)
                0x0000000008015f74                _etext = .

.vfp11_veneer   0x0000000008015f74        0x0
 .vfp11_veneer  0x0000000008015f74        0x0 linker stubs

.v4_bx          0x0000000008015f74        0x0
 .v4_bx         0x0000000008015f74        0x0 linker stubs

.iplt           0x0000000008015f74        0x0
 .iplt          0x0000000008015f74        0x0 C:/ST/STM32CubeIDE_1.12.1/STM32CubeIDE/plugins/com.st.stm32cube.ide.mcu.externaltools.gnu-tools-for-stm32.11.3.rel1.win32_1.1.0.202305231506/tools/bin/../lib/gcc/arm-none-eabi/11.3.1/thumb/v7-m/nofp/crtbegin.o

.rodata         0x0000000008015f74      0x200
                0x0000000008015f74                . = ALIGN (0x4)
 *(.rodata)
 .rodata        0x0000000008015f74       0x42 ./USB_DEVICE/App/usbd_desc.o
 *(.rodata*)
 *fill*         0x0000000008015fb6        0x2 
 .rodata.font_16ptBtmps
                0x0000000008015fb8       0xa0 ./Core/Src/font16.o
                0x0000000008015fb8                font_16ptBtmps
 .rodata.font_16ptChrsDescr
                0x0000000008016058       0x1e ./Core/Src/font16.o
                0x0000000008016058                font_16ptChrsDescr
 *fill*         0x0000000008016076        0x2 
 .rodata.font_16pt_info
                0x0000000008016078        0x4 ./Core/Src/font16.o
                0x0000000008016078                font_16pt_info
 .rodata.font_8ptBtmps
                0x000000000801607c       0x68 ./Core/Src/font8sans.o
                0x000000000801607c                font_8ptBtmps
 .rodata.font_8ptChrsDescr
                0x00000000080160e4       0x1e ./Core/Src/font8sans.o
                0x00000000080160e4                font_8ptChrsDescr
 *fill*         0x0000000008016102        0x2 
 .rodata.font_8pt_info
                0x0000000008016104        0x4 ./Core/Src/font8sans.o
                0x0000000008016104                font_8pt_info
 .rodata.CHANNEL_OFFSET_TAB
                0x0000000008016108        0x7 ./Core/Src/main.o
 *fill*         0x000000000801610f        0x1 
 .rodata.OFFSET_TAB_CCMRx
                0x0000000008016110        0x7 ./Core/Src/main.o
 *fill*         0x0000000008016117        0x1 
 .rodata.SHIFT_TAB_OCxx
                0x0000000008016118        0x7 ./Core/Src/main.o
 *fill*         0x000000000801611f        0x1 
 .rodata.st_text
                0x0000000008016120       0x10 ./Core/Src/main.o
                0x0000000008016120                st_text
 .rodata.CHANNEL_OFFSET_TAB
                0x0000000008016130        0x7 ./Core/Src/stm32f1xx_it.o
 *fill*         0x0000000008016137        0x1 
 .rodata.MSC_Page00_Inquiry_Data
                0x0000000008016138        0x7 ./Middlewares/ST/STM32_USB_Device_Library/Class/MSC/Src/usbd_msc_data.o
                0x0000000008016138                MSC_Page00_Inquiry_Data
 *fill*         0x000000000801613f        0x1 
 .rodata.MSC_Mode_Sense6_data
                0x0000000008016140        0x8 ./Middlewares/ST/STM32_USB_Device_Library/Class/MSC/Src/usbd_msc_data.o
                0x0000000008016140                MSC_Mode_Sense6_data
 .rodata.MSC_Mode_Sense10_data
                0x0000000008016148        0x8 ./Middlewares/ST/STM32_USB_Device_Library/Class/MSC/Src/usbd_msc_data.o
                0x0000000008016148                MSC_Mode_Sense10_data
 .rodata.STORAGE_Inquirydata_FS
                0x0000000008016150       0x24 ./USB_DEVICE/App/usbd_storage_if.o
                0x0000000008016150                STORAGE_Inquirydata_FS
                0x0000000008016174                . = ALIGN (0x4)

.rel.dyn        0x0000000008016174        0x0
 .rel.iplt      0x0000000008016174        0x0 C:/ST/STM32CubeIDE_1.12.1/STM32CubeIDE/plugins/com.st.stm32cube.ide.mcu.externaltools.gnu-tools-for-stm32.11.3.rel1.win32_1.1.0.202305231506/tools/bin/../lib/gcc/arm-none-eabi/11.3.1/thumb/v7-m/nofp/crtbegin.o

.ARM.extab      0x0000000008016174        0x0
                0x0000000008016174                . = ALIGN (0x4)
 *(.ARM.extab* .gnu.linkonce.armextab.*)
                0x0000000008016174                . = ALIGN (0x4)

.ARM            0x0000000008016174        0x0
                0x0000000008016174                . = ALIGN (0x4)
                0x0000000008016174                __exidx_start = .
 *(.ARM.exidx*)
                0x0000000008016174                __exidx_end = .
                0x0000000008016174                . = ALIGN (0x4)

.preinit_array  0x0000000008016174        0x0
                0x0000000008016174                . = ALIGN (0x4)
                0x0000000008016174                PROVIDE (__preinit_array_start = .)
 *(.preinit_array*)
                0x0000000008016174                PROVIDE (__preinit_array_end = .)
                0x0000000008016174                . = ALIGN (0x4)

.init_array     0x0000000008016174        0x4
                0x0000000008016174                . = ALIGN (0x4)
                0x0000000008016174                PROVIDE (__init_array_start = .)
 *(SORT_BY_NAME(.init_array.*))
 *(.init_array*)
 .init_array    0x0000000008016174        0x4 C:/ST/STM32CubeIDE_1.12.1/STM32CubeIDE/plugins/com.st.stm32cube.ide.mcu.externaltools.gnu-tools-for-stm32.11.3.rel1.win32_1.1.0.202305231506/tools/bin/../lib/gcc/arm-none-eabi/11.3.1/thumb/v7-m/nofp/crtbegin.o
                0x0000000008016178                PROVIDE (__init_array_end = .)
                0x0000000008016178                . = ALIGN (0x4)

.fini_array     0x0000000008016178        0x4
                0x0000000008016178                . = ALIGN (0x4)
                [!provide]                        PROVIDE (__fini_array_start = .)
 *(SORT_BY_NAME(.fini_array.*))
 *(.fini_array*)
 .fini_array    0x0000000008016178        0x4 C:/ST/STM32CubeIDE_1.12.1/STM32CubeIDE/plugins/com.st.stm32cube.ide.mcu.externaltools.gnu-tools-for-stm32.11.3.rel1.win32_1.1.0.202305231506/tools/bin/../lib/gcc/arm-none-eabi/11.3.1/thumb/v7-m/nofp/crtbegin.o
                [!provide]                        PROVIDE (__fini_array_end = .)
                0x000000000801617c                . = ALIGN (0x4)
                0x000000000801617c                _sidata = LOADADDR (.data)

.data           0x0000000020000000      0x138 load address 0x000000000801617c
                0x0000000020000000                . = ALIGN (0x4)
                0x0000000020000000                _sdata = .
 *(.data)
 *(.data*)
 .data.str      0x0000000020000000        0x6 ./Core/Src/main.o
                0x0000000020000000                str
 *fill*         0x0000000020000006        0x2 
 .data.mixstr   0x0000000020000008        0x5 ./Core/Src/main.o
                0x0000000020000008                mixstr
 *fill*         0x000000002000000d        0x3 
 .data.test123  0x0000000020000010        0x6 ./Core/Src/main.o
                0x0000000020000010                test123
 *fill*         0x0000000020000016        0x2 
 .data.SystemCoreClock
                0x0000000020000018        0x4 ./Core/Src/system_stm32f1xx.o
                0x0000000020000018                SystemCoreClock
 .data.uwTickPrio
                0x000000002000001c        0x4 ./Drivers/STM32F1xx_HAL_Driver/Src/stm32f1xx_hal.o
                0x000000002000001c                uwTickPrio
 .data.uwTickFreq
                0x0000000020000020        0x1 ./Drivers/STM32F1xx_HAL_Driver/Src/stm32f1xx_hal.o
                0x0000000020000020                uwTickFreq
 *fill*         0x0000000020000021        0x3 
 .data.USBD_MSC
                0x0000000020000024       0x38 ./Middlewares/ST/STM32_USB_Device_Library/Class/MSC/Src/usbd_msc.o
                0x0000000020000024                USBD_MSC
 .data.USBD_MSC_CfgHSDesc
                0x000000002000005c       0x20 ./Middlewares/ST/STM32_USB_Device_Library/Class/MSC/Src/usbd_msc.o
                0x000000002000005c                USBD_MSC_CfgHSDesc
 .data.USBD_MSC_CfgFSDesc
                0x000000002000007c       0x20 ./Middlewares/ST/STM32_USB_Device_Library/Class/MSC/Src/usbd_msc.o
                0x000000002000007c                USBD_MSC_CfgFSDesc
 .data.USBD_MSC_OtherSpeedCfgDesc
                0x000000002000009c       0x20 ./Middlewares/ST/STM32_USB_Device_Library/Class/MSC/Src/usbd_msc.o
                0x000000002000009c                USBD_MSC_OtherSpeedCfgDesc
 .data.USBD_MSC_DeviceQualifierDesc
                0x00000000200000bc        0xa ./Middlewares/ST/STM32_USB_Device_Library/Class/MSC/Src/usbd_msc.o
                0x00000000200000bc                USBD_MSC_DeviceQualifierDesc
 *fill*         0x00000000200000c6        0x2 
 .data.FS_Desc  0x00000000200000c8       0x1c ./USB_DEVICE/App/usbd_desc.o
                0x00000000200000c8                FS_Desc
 .data.USBD_FS_DeviceDesc
                0x00000000200000e4       0x12 ./USB_DEVICE/App/usbd_desc.o
                0x00000000200000e4                USBD_FS_DeviceDesc
 *fill*         0x00000000200000f6        0x2 
 .data.USBD_LangIDDesc
                0x00000000200000f8        0x4 ./USB_DEVICE/App/usbd_desc.o
                0x00000000200000f8                USBD_LangIDDesc
 .data.USBD_StringSerial
                0x00000000200000fc       0x1a ./USB_DEVICE/App/usbd_desc.o
                0x00000000200000fc                USBD_StringSerial
 *fill*         0x0000000020000116        0x2 
 .data.USBD_Storage_Interface_fops_FS
                0x0000000020000118       0x20 ./USB_DEVICE/App/usbd_storage_if.o
                0x0000000020000118                USBD_Storage_Interface_fops_FS
 *(.RamFunc)
 *(.RamFunc*)
                0x0000000020000138                . = ALIGN (0x4)
                0x0000000020000138                _edata = .

.igot.plt       0x0000000020000138        0x0 load address 0x00000000080162b4
 .igot.plt      0x0000000020000138        0x0 C:/ST/STM32CubeIDE_1.12.1/STM32CubeIDE/plugins/com.st.stm32cube.ide.mcu.externaltools.gnu-tools-for-stm32.11.3.rel1.win32_1.1.0.202305231506/tools/bin/../lib/gcc/arm-none-eabi/11.3.1/thumb/v7-m/nofp/crtbegin.o
                0x0000000020000138                . = ALIGN (0x4)

.bss            0x0000000020000138      0xad0 load address 0x00000000080162b4
                0x0000000020000138                _sbss = .
                0x0000000020000138                __bss_start__ = _sbss
 *(.bss)
 .bss           0x0000000020000138       0x1c C:/ST/STM32CubeIDE_1.12.1/STM32CubeIDE/plugins/com.st.stm32cube.ide.mcu.externaltools.gnu-tools-for-stm32.11.3.rel1.win32_1.1.0.202305231506/tools/bin/../lib/gcc/arm-none-eabi/11.3.1/thumb/v7-m/nofp/crtbegin.o
 *(.bss*)
 .bss.cnt1      0x0000000020000154        0x4 ./Core/Src/main.o
                0x0000000020000154                cnt1
 .bss.cntupd    0x0000000020000158        0x1 ./Core/Src/main.o
                0x0000000020000158                cntupd
 .bss.str_cnt   0x0000000020000159        0x1 ./Core/Src/main.o
                0x0000000020000159                str_cnt
 .bss.LP_lock   0x000000002000015a        0x1 ./Core/Src/main.o
                0x000000002000015a                LP_lock
 *fill*         0x000000002000015b        0x1 
 .bss.LP_buffer
                0x000000002000015c       0x40 ./Core/Src/main.o
                0x000000002000015c                LP_buffer
 .bss.display_buffer
                0x000000002000019c       0x40 ./Core/Src/main.o
                0x000000002000019c                display_buffer
 .bss.uwTick    0x00000000200001dc        0x4 ./Drivers/STM32F1xx_HAL_Driver/Src/stm32f1xx_hal.o
                0x00000000200001dc                uwTick
 .bss.cfgidx.0  0x00000000200001e0        0x1 ./Middlewares/ST/STM32_USB_Device_Library/Core/Src/usbd_ctlreq.o
 *fill*         0x00000000200001e1        0x3 
 .bss.hUsbDeviceFS
                0x00000000200001e4      0x2c4 ./USB_DEVICE/App/usb_device.o
                0x00000000200001e4                hUsbDeviceFS
 .bss.USBD_StrDesc
                0x00000000200004a8      0x200 ./USB_DEVICE/App/usbd_desc.o
                0x00000000200004a8                USBD_StrDesc
 .bss.hpcd_USB_FS
                0x00000000200006a8      0x2f0 ./USB_DEVICE/Target/usbd_conf.o
                0x00000000200006a8                hpcd_USB_FS
 .bss.mem.0     0x0000000020000998      0x270 ./USB_DEVICE/Target/usbd_conf.o
 *(COMMON)
                0x0000000020000c08                . = ALIGN (0x4)
                0x0000000020000c08                _ebss = .
                0x0000000020000c08                __bss_end__ = _ebss

._user_heap_stack
                0x0000000020000c08      0x600 load address 0x00000000080162b4
                0x0000000020000c08                . = ALIGN (0x8)
                [!provide]                        PROVIDE (end = .)
                0x0000000020000c08                PROVIDE (_end = .)
                0x0000000020000e08                . = (. + _Min_Heap_Size)
 *fill*         0x0000000020000c08      0x200 
                0x0000000020001208                . = (. + _Min_Stack_Size)
 *fill*         0x0000000020000e08      0x400 
                0x0000000020001208                . = ALIGN (0x8)

/DISCARD/
 libc.a(*)
 libm.a(*)
 libgcc.a(*)

.ARM.attributes
                0x0000000000000000       0x29
 *(.ARM.attributes)
 .ARM.attributes
                0x0000000000000000       0x1d C:/ST/STM32CubeIDE_1.12.1/STM32CubeIDE/plugins/com.st.stm32cube.ide.mcu.externaltools.gnu-tools-for-stm32.11.3.rel1.win32_1.1.0.202305231506/tools/bin/../lib/gcc/arm-none-eabi/11.3.1/thumb/v7-m/nofp/crti.o
 .ARM.attributes
                0x000000000000001d       0x2d C:/ST/STM32CubeIDE_1.12.1/STM32CubeIDE/plugins/com.st.stm32cube.ide.mcu.externaltools.gnu-tools-for-stm32.11.3.rel1.win32_1.1.0.202305231506/tools/bin/../lib/gcc/arm-none-eabi/11.3.1/thumb/v7-m/nofp/crtbegin.o
 .ARM.attributes
                0x000000000000004a       0x2d ./Core/Src/font16.o
 .ARM.attributes
                0x0000000000000077       0x2d ./Core/Src/font8sans.o
 .ARM.attributes
                0x00000000000000a4       0x2d ./Core/Src/main.o
 .ARM.attributes
                0x00000000000000d1       0x2d ./Core/Src/stm32f1xx_hal_msp.o
 .ARM.attributes
                0x00000000000000fe       0x2d ./Core/Src/stm32f1xx_it.o
 .ARM.attributes
                0x000000000000012b       0x2d ./Core/Src/system_stm32f1xx.o
 .ARM.attributes
                0x0000000000000158       0x21 ./Core/Startup/startup_stm32f103rctx.o
 .ARM.attributes
                0x0000000000000179       0x2d ./Drivers/STM32F1xx_HAL_Driver/Src/stm32f1xx_hal.o
 .ARM.attributes
                0x00000000000001a6       0x2d ./Drivers/STM32F1xx_HAL_Driver/Src/stm32f1xx_hal_cortex.o
 .ARM.attributes
                0x00000000000001d3       0x2d ./Drivers/STM32F1xx_HAL_Driver/Src/stm32f1xx_hal_pcd.o
 .ARM.attributes
                0x0000000000000200       0x2d ./Drivers/STM32F1xx_HAL_Driver/Src/stm32f1xx_hal_pcd_ex.o
 .ARM.attributes
                0x000000000000022d       0x2d ./Drivers/STM32F1xx_HAL_Driver/Src/stm32f1xx_hal_pwr.o
 .ARM.attributes
                0x000000000000025a       0x2d ./Drivers/STM32F1xx_HAL_Driver/Src/stm32f1xx_ll_exti.o
 .ARM.attributes
                0x0000000000000287       0x2d ./Drivers/STM32F1xx_HAL_Driver/Src/stm32f1xx_ll_gpio.o
 .ARM.attributes
                0x00000000000002b4       0x2d ./Drivers/STM32F1xx_HAL_Driver/Src/stm32f1xx_ll_rtc.o
 .ARM.attributes
                0x00000000000002e1       0x2d ./Drivers/STM32F1xx_HAL_Driver/Src/stm32f1xx_ll_spi.o
 .ARM.attributes
                0x000000000000030e       0x2d ./Drivers/STM32F1xx_HAL_Driver/Src/stm32f1xx_ll_tim.o
 .ARM.attributes
                0x000000000000033b       0x2d ./Drivers/STM32F1xx_HAL_Driver/Src/stm32f1xx_ll_usb.o
 .ARM.attributes
                0x0000000000000368       0x2d ./Drivers/STM32F1xx_HAL_Driver/Src/stm32f1xx_ll_utils.o
 .ARM.attributes
                0x0000000000000395       0x2d ./Middlewares/ST/STM32_USB_Device_Library/Class/MSC/Src/usbd_msc.o
 .ARM.attributes
                0x00000000000003c2       0x2d ./Middlewares/ST/STM32_USB_Device_Library/Class/MSC/Src/usbd_msc_bot.o
 .ARM.attributes
                0x00000000000003ef       0x2d ./Middlewares/ST/STM32_USB_Device_Library/Class/MSC/Src/usbd_msc_data.o
 .ARM.attributes
                0x000000000000041c       0x2d ./Middlewares/ST/STM32_USB_Device_Library/Class/MSC/Src/usbd_msc_scsi.o
 .ARM.attributes
                0x0000000000000449       0x2d ./Middlewares/ST/STM32_USB_Device_Library/Core/Src/usbd_core.o
 .ARM.attributes
                0x0000000000000476       0x2d ./Middlewares/ST/STM32_USB_Device_Library/Core/Src/usbd_ctlreq.o
 .ARM.attributes
                0x00000000000004a3       0x2d ./Middlewares/ST/STM32_USB_Device_Library/Core/Src/usbd_ioreq.o
 .ARM.attributes
                0x00000000000004d0       0x2d ./USB_DEVICE/App/usb_device.o
 .ARM.attributes
                0x00000000000004fd       0x2d ./USB_DEVICE/App/usbd_desc.o
 .ARM.attributes
                0x000000000000052a       0x2d ./USB_DEVICE/App/usbd_storage_if.o
 .ARM.attributes
                0x0000000000000557       0x2d ./USB_DEVICE/Target/usbd_conf.o
 .ARM.attributes
                0x0000000000000584       0x2d C:/ST/STM32CubeIDE_1.12.1/STM32CubeIDE/plugins/com.st.stm32cube.ide.mcu.externaltools.gnu-tools-for-stm32.11.3.rel1.win32_1.1.0.202305231506/tools/bin/../lib/gcc/arm-none-eabi/11.3.1/../../../../arm-none-eabi/lib/thumb/v7-m/nofp\libc_nano.a(libc_a-memset.o)
 .ARM.attributes
                0x00000000000005b1       0x2d C:/ST/STM32CubeIDE_1.12.1/STM32CubeIDE/plugins/com.st.stm32cube.ide.mcu.externaltools.gnu-tools-for-stm32.11.3.rel1.win32_1.1.0.202305231506/tools/bin/../lib/gcc/arm-none-eabi/11.3.1/../../../../arm-none-eabi/lib/thumb/v7-m/nofp\libc_nano.a(libc_a-init.o)
 .ARM.attributes
                0x00000000000005de       0x17 C:/ST/STM32CubeIDE_1.12.1/STM32CubeIDE/plugins/com.st.stm32cube.ide.mcu.externaltools.gnu-tools-for-stm32.11.3.rel1.win32_1.1.0.202305231506/tools/bin/../lib/gcc/arm-none-eabi/11.3.1/../../../../arm-none-eabi/lib/thumb/v7-m/nofp\libc_nano.a(libc_a-strlen.o)
 .ARM.attributes
                0x00000000000005f5       0x1d C:/ST/STM32CubeIDE_1.12.1/STM32CubeIDE/plugins/com.st.stm32cube.ide.mcu.externaltools.gnu-tools-for-stm32.11.3.rel1.win32_1.1.0.202305231506/tools/bin/../lib/gcc/arm-none-eabi/11.3.1/thumb/v7-m/nofp/crtn.o
OUTPUT(application.elf elf32-littlearm)
LOAD linker stubs
LOAD C:/ST/STM32CubeIDE_1.12.1/STM32CubeIDE/plugins/com.st.stm32cube.ide.mcu.externaltools.gnu-tools-for-stm32.11.3.rel1.win32_1.1.0.202305231506/tools/bin/../lib/gcc/arm-none-eabi/11.3.1/../../../../arm-none-eabi/lib/thumb/v7-m/nofp\libc.a
LOAD C:/ST/STM32CubeIDE_1.12.1/STM32CubeIDE/plugins/com.st.stm32cube.ide.mcu.externaltools.gnu-tools-for-stm32.11.3.rel1.win32_1.1.0.202305231506/tools/bin/../lib/gcc/arm-none-eabi/11.3.1/../../../../arm-none-eabi/lib/thumb/v7-m/nofp\libm.a
LOAD C:/ST/STM32CubeIDE_1.12.1/STM32CubeIDE/plugins/com.st.stm32cube.ide.mcu.externaltools.gnu-tools-for-stm32.11.3.rel1.win32_1.1.0.202305231506/tools/bin/../lib/gcc/arm-none-eabi/11.3.1/thumb/v7-m/nofp\libgcc.a

.comment        0x0000000000000000       0x43
 .comment       0x0000000000000000       0x43 C:/ST/STM32CubeIDE_1.12.1/STM32CubeIDE/plugins/com.st.stm32cube.ide.mcu.externaltools.gnu-tools-for-stm32.11.3.rel1.win32_1.1.0.202305231506/tools/bin/../lib/gcc/arm-none-eabi/11.3.1/thumb/v7-m/nofp/crtbegin.o
                                         0x44 (size before relaxing)
 .comment       0x0000000000000043       0x44 ./Core/Src/font16.o
 .comment       0x0000000000000043       0x44 ./Core/Src/font8sans.o
 .comment       0x0000000000000043       0x44 ./Core/Src/main.o
 .comment       0x0000000000000043       0x44 ./Core/Src/stm32f1xx_hal_msp.o
 .comment       0x0000000000000043       0x44 ./Core/Src/stm32f1xx_it.o
 .comment       0x0000000000000043       0x44 ./Core/Src/system_stm32f1xx.o
 .comment       0x0000000000000043       0x44 ./Drivers/STM32F1xx_HAL_Driver/Src/stm32f1xx_hal.o
 .comment       0x0000000000000043       0x44 ./Drivers/STM32F1xx_HAL_Driver/Src/stm32f1xx_hal_cortex.o
 .comment       0x0000000000000043       0x44 ./Drivers/STM32F1xx_HAL_Driver/Src/stm32f1xx_hal_pcd.o
 .comment       0x0000000000000043       0x44 ./Drivers/STM32F1xx_HAL_Driver/Src/stm32f1xx_hal_pcd_ex.o
 .comment       0x0000000000000043       0x44 ./Drivers/STM32F1xx_HAL_Driver/Src/stm32f1xx_hal_pwr.o
 .comment       0x0000000000000043       0x44 ./Drivers/STM32F1xx_HAL_Driver/Src/stm32f1xx_ll_exti.o
 .comment       0x0000000000000043       0x44 ./Drivers/STM32F1xx_HAL_Driver/Src/stm32f1xx_ll_gpio.o
 .comment       0x0000000000000043       0x44 ./Drivers/STM32F1xx_HAL_Driver/Src/stm32f1xx_ll_rtc.o
 .comment       0x0000000000000043       0x44 ./Drivers/STM32F1xx_HAL_Driver/Src/stm32f1xx_ll_spi.o
 .comment       0x0000000000000043       0x44 ./Drivers/STM32F1xx_HAL_Driver/Src/stm32f1xx_ll_tim.o
 .comment       0x0000000000000043       0x44 ./Drivers/STM32F1xx_HAL_Driver/Src/stm32f1xx_ll_usb.o
 .comment       0x0000000000000043       0x44 ./Drivers/STM32F1xx_HAL_Driver/Src/stm32f1xx_ll_utils.o
 .comment       0x0000000000000043       0x44 ./Middlewares/ST/STM32_USB_Device_Library/Class/MSC/Src/usbd_msc.o
 .comment       0x0000000000000043       0x44 ./Middlewares/ST/STM32_USB_Device_Library/Class/MSC/Src/usbd_msc_bot.o
 .comment       0x0000000000000043       0x44 ./Middlewares/ST/STM32_USB_Device_Library/Class/MSC/Src/usbd_msc_data.o
 .comment       0x0000000000000043       0x44 ./Middlewares/ST/STM32_USB_Device_Library/Class/MSC/Src/usbd_msc_scsi.o
 .comment       0x0000000000000043       0x44 ./Middlewares/ST/STM32_USB_Device_Library/Core/Src/usbd_core.o
 .comment       0x0000000000000043       0x44 ./Middlewares/ST/STM32_USB_Device_Library/Core/Src/usbd_ctlreq.o
 .comment       0x0000000000000043       0x44 ./Middlewares/ST/STM32_USB_Device_Library/Core/Src/usbd_ioreq.o
 .comment       0x0000000000000043       0x44 ./USB_DEVICE/App/usb_device.o
 .comment       0x0000000000000043       0x44 ./USB_DEVICE/App/usbd_desc.o
 .comment       0x0000000000000043       0x44 ./USB_DEVICE/App/usbd_storage_if.o
 .comment       0x0000000000000043       0x44 ./USB_DEVICE/Target/usbd_conf.o

.debug_info     0x0000000000000000    0x127de
 .debug_info    0x0000000000000000      0x196 ./Core/Src/font16.o
 .debug_info    0x0000000000000196      0x196 ./Core/Src/font8sans.o
 .debug_info    0x000000000000032c     0x2253 ./Core/Src/main.o
 .debug_info    0x000000000000257f      0x47a ./Core/Src/stm32f1xx_hal_msp.o
 .debug_info    0x00000000000029f9      0xdce ./Core/Src/stm32f1xx_it.o
 .debug_info    0x00000000000037c7      0x3ed ./Core/Src/system_stm32f1xx.o
 .debug_info    0x0000000000003bb4       0x23 ./Core/Startup/startup_stm32f103rctx.o
 .debug_info    0x0000000000003bd7      0x76a ./Drivers/STM32F1xx_HAL_Driver/Src/stm32f1xx_hal.o
 .debug_info    0x0000000000004341      0xaed ./Drivers/STM32F1xx_HAL_Driver/Src/stm32f1xx_hal_cortex.o
 .debug_info    0x0000000000004e2e     0x16cf ./Drivers/STM32F1xx_HAL_Driver/Src/stm32f1xx_hal_pcd.o
 .debug_info    0x00000000000064fd      0x6b6 ./Drivers/STM32F1xx_HAL_Driver/Src/stm32f1xx_hal_pcd_ex.o
 .debug_info    0x0000000000006bb3      0x628 ./Drivers/STM32F1xx_HAL_Driver/Src/stm32f1xx_hal_pwr.o
 .debug_info    0x00000000000071db      0x337 ./Drivers/STM32F1xx_HAL_Driver/Src/stm32f1xx_ll_exti.o
 .debug_info    0x0000000000007512      0x5a1 ./Drivers/STM32F1xx_HAL_Driver/Src/stm32f1xx_ll_gpio.o
 .debug_info    0x0000000000007ab3      0xa6e ./Drivers/STM32F1xx_HAL_Driver/Src/stm32f1xx_ll_rtc.o
 .debug_info    0x0000000000008521      0x659 ./Drivers/STM32F1xx_HAL_Driver/Src/stm32f1xx_ll_spi.o
 .debug_info    0x0000000000008b7a      0xe23 ./Drivers/STM32F1xx_HAL_Driver/Src/stm32f1xx_ll_tim.o
 .debug_info    0x000000000000999d     0x17a2 ./Drivers/STM32F1xx_HAL_Driver/Src/stm32f1xx_ll_usb.o
 .debug_info    0x000000000000b13f      0x7e8 ./Drivers/STM32F1xx_HAL_Driver/Src/stm32f1xx_ll_utils.o
 .debug_info    0x000000000000b927      0xcc9 ./Middlewares/ST/STM32_USB_Device_Library/Class/MSC/Src/usbd_msc.o
 .debug_info    0x000000000000c5f0      0xc33 ./Middlewares/ST/STM32_USB_Device_Library/Class/MSC/Src/usbd_msc_bot.o
 .debug_info    0x000000000000d223      0x182 ./Middlewares/ST/STM32_USB_Device_Library/Class/MSC/Src/usbd_msc_data.o
 .debug_info    0x000000000000d3a5      0xf62 ./Middlewares/ST/STM32_USB_Device_Library/Class/MSC/Src/usbd_msc_scsi.o
 .debug_info    0x000000000000e307      0xad1 ./Middlewares/ST/STM32_USB_Device_Library/Core/Src/usbd_core.o
 .debug_info    0x000000000000edd8      0x9a2 ./Middlewares/ST/STM32_USB_Device_Library/Core/Src/usbd_ctlreq.o
 .debug_info    0x000000000000f77a      0x720 ./Middlewares/ST/STM32_USB_Device_Library/Core/Src/usbd_ioreq.o
 .debug_info    0x000000000000fe9a      0x714 ./USB_DEVICE/App/usb_device.o
 .debug_info    0x00000000000105ae      0x4ca ./USB_DEVICE/App/usbd_desc.o
 .debug_info    0x0000000000010a78      0x421 ./USB_DEVICE/App/usbd_storage_if.o
 .debug_info    0x0000000000010e99     0x1945 ./USB_DEVICE/Target/usbd_conf.o

.debug_abbrev   0x0000000000000000     0x3b41
 .debug_abbrev  0x0000000000000000       0xbc ./Core/Src/font16.o
 .debug_abbrev  0x00000000000000bc       0xbc ./Core/Src/font8sans.o
 .debug_abbrev  0x0000000000000178      0x421 ./Core/Src/main.o
 .debug_abbrev  0x0000000000000599      0x123 ./Core/Src/stm32f1xx_hal_msp.o
 .debug_abbrev  0x00000000000006bc      0x255 ./Core/Src/stm32f1xx_it.o
 .debug_abbrev  0x0000000000000911      0x13d ./Core/Src/system_stm32f1xx.o
 .debug_abbrev  0x0000000000000a4e       0x12 ./Core/Startup/startup_stm32f103rctx.o
 .debug_abbrev  0x0000000000000a60      0x201 ./Drivers/STM32F1xx_HAL_Driver/Src/stm32f1xx_hal.o
 .debug_abbrev  0x0000000000000c61      0x2f8 ./Drivers/STM32F1xx_HAL_Driver/Src/stm32f1xx_hal_cortex.o
 .debug_abbrev  0x0000000000000f59      0x2d6 ./Drivers/STM32F1xx_HAL_Driver/Src/stm32f1xx_hal_pcd.o
 .debug_abbrev  0x000000000000122f      0x189 ./Drivers/STM32F1xx_HAL_Driver/Src/stm32f1xx_hal_pcd_ex.o
 .debug_abbrev  0x00000000000013b8      0x1f6 ./Drivers/STM32F1xx_HAL_Driver/Src/stm32f1xx_hal_pwr.o
 .debug_abbrev  0x00000000000015ae      0x18a ./Drivers/STM32F1xx_HAL_Driver/Src/stm32f1xx_ll_exti.o
 .debug_abbrev  0x0000000000001738      0x20d ./Drivers/STM32F1xx_HAL_Driver/Src/stm32f1xx_ll_gpio.o
 .debug_abbrev  0x0000000000001945      0x22f ./Drivers/STM32F1xx_HAL_Driver/Src/stm32f1xx_ll_rtc.o
 .debug_abbrev  0x0000000000001b74      0x218 ./Drivers/STM32F1xx_HAL_Driver/Src/stm32f1xx_ll_spi.o
 .debug_abbrev  0x0000000000001d8c      0x20e ./Drivers/STM32F1xx_HAL_Driver/Src/stm32f1xx_ll_tim.o
 .debug_abbrev  0x0000000000001f9a      0x1de ./Drivers/STM32F1xx_HAL_Driver/Src/stm32f1xx_ll_usb.o
 .debug_abbrev  0x0000000000002178      0x24e ./Drivers/STM32F1xx_HAL_Driver/Src/stm32f1xx_ll_utils.o
 .debug_abbrev  0x00000000000023c6      0x296 ./Middlewares/ST/STM32_USB_Device_Library/Class/MSC/Src/usbd_msc.o
 .debug_abbrev  0x000000000000265c      0x2a6 ./Middlewares/ST/STM32_USB_Device_Library/Class/MSC/Src/usbd_msc_bot.o
 .debug_abbrev  0x0000000000002902       0x8f ./Middlewares/ST/STM32_USB_Device_Library/Class/MSC/Src/usbd_msc_data.o
 .debug_abbrev  0x0000000000002991      0x2fc ./Middlewares/ST/STM32_USB_Device_Library/Class/MSC/Src/usbd_msc_scsi.o
 .debug_abbrev  0x0000000000002c8d      0x252 ./Middlewares/ST/STM32_USB_Device_Library/Core/Src/usbd_core.o
 .debug_abbrev  0x0000000000002edf      0x272 ./Middlewares/ST/STM32_USB_Device_Library/Core/Src/usbd_ctlreq.o
 .debug_abbrev  0x0000000000003151      0x1ab ./Middlewares/ST/STM32_USB_Device_Library/Core/Src/usbd_ioreq.o
 .debug_abbrev  0x00000000000032fc      0x1a6 ./USB_DEVICE/App/usb_device.o
 .debug_abbrev  0x00000000000034a2      0x218 ./USB_DEVICE/App/usbd_desc.o
 .debug_abbrev  0x00000000000036ba      0x172 ./USB_DEVICE/App/usbd_storage_if.o
 .debug_abbrev  0x000000000000382c      0x315 ./USB_DEVICE/Target/usbd_conf.o

.debug_aranges  0x0000000000000000     0x1260
 .debug_aranges
                0x0000000000000000       0x18 ./Core/Src/font16.o
 .debug_aranges
                0x0000000000000018       0x18 ./Core/Src/font8sans.o
 .debug_aranges
                0x0000000000000030      0x258 ./Core/Src/main.o
 .debug_aranges
                0x0000000000000288       0x20 ./Core/Src/stm32f1xx_hal_msp.o
 .debug_aranges
                0x00000000000002a8      0x118 ./Core/Src/stm32f1xx_it.o
 .debug_aranges
                0x00000000000003c0       0x28 ./Core/Src/system_stm32f1xx.o
 .debug_aranges
                0x00000000000003e8       0x28 ./Core/Startup/startup_stm32f103rctx.o
 .debug_aranges
                0x0000000000000410       0xe0 ./Drivers/STM32F1xx_HAL_Driver/Src/stm32f1xx_hal.o
 .debug_aranges
                0x00000000000004f0      0x100 ./Drivers/STM32F1xx_HAL_Driver/Src/stm32f1xx_hal_cortex.o
 .debug_aranges
                0x00000000000005f0      0x140 ./Drivers/STM32F1xx_HAL_Driver/Src/stm32f1xx_hal_pcd.o
 .debug_aranges
                0x0000000000000730       0x38 ./Drivers/STM32F1xx_HAL_Driver/Src/stm32f1xx_hal_pcd_ex.o
 .debug_aranges
                0x0000000000000768       0xa8 ./Drivers/STM32F1xx_HAL_Driver/Src/stm32f1xx_hal_pwr.o
 .debug_aranges
                0x0000000000000810       0x70 ./Drivers/STM32F1xx_HAL_Driver/Src/stm32f1xx_ll_exti.o
 .debug_aranges
                0x0000000000000880       0x60 ./Drivers/STM32F1xx_HAL_Driver/Src/stm32f1xx_ll_gpio.o
 .debug_aranges
                0x00000000000008e0       0xe8 ./Drivers/STM32F1xx_HAL_Driver/Src/stm32f1xx_ll_rtc.o
 .debug_aranges
                0x00000000000009c8       0x88 ./Drivers/STM32F1xx_HAL_Driver/Src/stm32f1xx_ll_spi.o
 .debug_aranges
                0x0000000000000a50      0x128 ./Drivers/STM32F1xx_HAL_Driver/Src/stm32f1xx_ll_tim.o
 .debug_aranges
                0x0000000000000b78       0xf8 ./Drivers/STM32F1xx_HAL_Driver/Src/stm32f1xx_ll_usb.o
 .debug_aranges
                0x0000000000000c70       0xf8 ./Drivers/STM32F1xx_HAL_Driver/Src/stm32f1xx_ll_utils.o
 .debug_aranges
                0x0000000000000d68       0x68 ./Middlewares/ST/STM32_USB_Device_Library/Class/MSC/Src/usbd_msc.o
 .debug_aranges
                0x0000000000000dd0       0x68 ./Middlewares/ST/STM32_USB_Device_Library/Class/MSC/Src/usbd_msc_bot.o
 .debug_aranges
                0x0000000000000e38       0x18 ./Middlewares/ST/STM32_USB_Device_Library/Class/MSC/Src/usbd_msc_data.o
 .debug_aranges
                0x0000000000000e50       0x98 ./Middlewares/ST/STM32_USB_Device_Library/Class/MSC/Src/usbd_msc_scsi.o
 .debug_aranges
                0x0000000000000ee8       0xb8 ./Middlewares/ST/STM32_USB_Device_Library/Core/Src/usbd_core.o
 .debug_aranges
                0x0000000000000fa0       0x88 ./Middlewares/ST/STM32_USB_Device_Library/Core/Src/usbd_ctlreq.o
 .debug_aranges
                0x0000000000001028       0x50 ./Middlewares/ST/STM32_USB_Device_Library/Core/Src/usbd_ioreq.o
 .debug_aranges
                0x0000000000001078       0x20 ./USB_DEVICE/App/usb_device.o
 .debug_aranges
                0x0000000000001098       0x60 ./USB_DEVICE/App/usbd_desc.o
 .debug_aranges
                0x00000000000010f8       0x50 ./USB_DEVICE/App/usbd_storage_if.o
 .debug_aranges
                0x0000000000001148      0x118 ./USB_DEVICE/Target/usbd_conf.o

.debug_macro    0x0000000000000000    0x1ee4c
 .debug_macro   0x0000000000000000       0x83 ./Core/Src/font16.o
 .debug_macro   0x0000000000000083      0xaa2 ./Core/Src/font16.o
 .debug_macro   0x0000000000000b25       0x22 ./Core/Src/font16.o
 .debug_macro   0x0000000000000b47       0x8e ./Core/Src/font16.o
 .debug_macro   0x0000000000000bd5       0x51 ./Core/Src/font16.o
 .debug_macro   0x0000000000000c26      0x103 ./Core/Src/font16.o
 .debug_macro   0x0000000000000d29       0x6a ./Core/Src/font16.o
 .debug_macro   0x0000000000000d93      0x1df ./Core/Src/font16.o
 .debug_macro   0x0000000000000f72       0x82 ./Core/Src/font8sans.o
 .debug_macro   0x0000000000000ff4       0x16 ./Core/Src/font8sans.o
 .debug_macro   0x000000000000100a      0x3a8 ./Core/Src/main.o
 .debug_macro   0x00000000000013b2      0x20f ./Core/Src/main.o
 .debug_macro   0x00000000000015c1       0x2e ./Core/Src/main.o
 .debug_macro   0x00000000000015ef       0x22 ./Core/Src/main.o
 .debug_macro   0x0000000000001611       0x1c ./Core/Src/main.o
 .debug_macro   0x000000000000162d       0x22 ./Core/Src/main.o
 .debug_macro   0x000000000000164f       0xbd ./Core/Src/main.o
 .debug_macro   0x000000000000170c      0xd23 ./Core/Src/main.o
 .debug_macro   0x000000000000242f     0xfd8c ./Core/Src/main.o
 .debug_macro   0x00000000000121bb       0x6d ./Core/Src/main.o
 .debug_macro   0x0000000000012228     0x348d ./Core/Src/main.o
 .debug_macro   0x00000000000156b5      0x174 ./Core/Src/main.o
 .debug_macro   0x0000000000015829       0x5c ./Core/Src/main.o
 .debug_macro   0x0000000000015885      0x5bc ./Core/Src/main.o
 .debug_macro   0x0000000000015e41      0x4d5 ./Core/Src/main.o
 .debug_macro   0x0000000000016316      0x1cb ./Core/Src/main.o
 .debug_macro   0x00000000000164e1      0x114 ./Core/Src/main.o
 .debug_macro   0x00000000000165f5      0x1ea ./Core/Src/main.o
 .debug_macro   0x00000000000167df       0x27 ./Core/Src/main.o
 .debug_macro   0x0000000000016806      0x144 ./Core/Src/main.o
 .debug_macro   0x000000000001694a      0x1bc ./Core/Src/main.o
 .debug_macro   0x0000000000016b06       0x30 ./Core/Src/main.o
 .debug_macro   0x0000000000016b36       0x3c ./Core/Src/main.o
 .debug_macro   0x0000000000016b72       0x57 ./Core/Src/main.o