Archive member included to satisfy reference by file (symbol)

C:/ST/STM32CubeIDE_1.12.1/STM32CubeIDE/plugins/com.st.stm32cube.ide.mcu.externaltools.gnu-tools-for-stm32.11.3.rel1.win32_1.1.0.202305231506/tools/bin/../lib/gcc/arm-none-eabi/11.3.1/../../../../arm-none-eabi/lib/thumb/v7-m/nofp\libc_nano.a(libc_a-exit.o)
                              C:/ST/STM32CubeIDE_1.12.1/STM32CubeIDE/plugins/com.st.stm32cube.ide.mcu.externaltools.gnu-tools-for-stm32.11.3.rel1.win32_1.1.0.202305231506/tools/bin/../lib/gcc/arm-none-eabi/11.3.1/../../../../arm-none-eabi/lib/thumb/v7-m/nofp/crt0.o (exit)
C:/ST/STM32CubeIDE_1.12.1/STM32CubeIDE/plugins/com.st.stm32cube.ide.mcu.externaltools.gnu-tools-for-stm32.11.3.rel1.win32_1.1.0.202305231506/tools/bin/../lib/gcc/arm-none-eabi/11.3.1/../../../../arm-none-eabi/lib/thumb/v7-m/nofp\libc_nano.a(libc_a-findfp.o)
                              C:/ST/STM32CubeIDE_1.12.1/STM32CubeIDE/plugins/com.st.stm32cube.ide.mcu.externaltools.gnu-tools-for-stm32.11.3.rel1.win32_1.1.0.202305231506/tools/bin/../lib/gcc/arm-none-eabi/11.3.1/../../../../arm-none-eabi/lib/thumb/v7-m/nofp\libc_nano.a(libc_a-exit.o) (__stdio_exit_handler)
C:/ST/STM32CubeIDE_1.12.1/STM32CubeIDE/plugins/com.st.stm32cube.ide.mcu.externaltools.gnu-tools-for-stm32.11.3.rel1.win32_1.1.0.202305231506/tools/bin/../lib/gcc/arm-none-eabi/11.3.1/../../../../arm-none-eabi/lib/thumb/v7-m/nofp\libc_nano.a(libc_a-fwalk.o)
                              C:/ST/STM32CubeIDE_1.12.1/STM32CubeIDE/plugins/com.st.stm32cube.ide.mcu.externaltools.gnu-tools-for-stm32.11.3.rel1.win32_1.1.0.202305231506/tools/bin/../lib/gcc/arm-none-eabi/11.3.1/../../../../arm-none-eabi/lib/thumb/v7-m/nofp\libc_nano.a(libc_a-findfp.o) (_fwalk_sglue)
C:/ST/STM32CubeIDE_1.12.1/STM32CubeIDE/plugins/com.st.stm32cube.ide.mcu.externaltools.gnu-tools-for-stm32.11.3.rel1.win32_1.1.0.202305231506/tools/bin/../lib/gcc/arm-none-eabi/11.3.1/../../../../arm-none-eabi/lib/thumb/v7-m/nofp\libc_nano.a(libc_a-stdio.o)
                              C:/ST/STM32CubeIDE_1.12.1/STM32CubeIDE/plugins/com.st.stm32cube.ide.mcu.externaltools.gnu-tools-for-stm32.11.3.rel1.win32_1.1.0.202305231506/tools/bin/../lib/gcc/arm-none-eabi/11.3.1/../../../../arm-none-eabi/lib/thumb/v7-m/nofp\libc_nano.a(libc_a-findfp.o) (__sread)
C:/ST/STM32CubeIDE_1.12.1/STM32CubeIDE/plugins/com.st.stm32cube.ide.mcu.externaltools.gnu-tools-for-stm32.11.3.rel1.win32_1.1.0.202305231506/tools/bin/../lib/gcc/arm-none-eabi/11.3.1/../../../../arm-none-eabi/lib/thumb/v7-m/nofp\libc_nano.a(libc_a-memset.o)
                              C:/ST/STM32CubeIDE_1.12.1/STM32CubeIDE/plugins/com.st.stm32cube.ide.mcu.externaltools.gnu-tools-for-stm32.11.3.rel1.win32_1.1.0.202305231506/tools/bin/../lib/gcc/arm-none-eabi/11.3.1/../../../../arm-none-eabi/lib/thumb/v7-m/nofp/crt0.o (memset)
C:/ST/STM32CubeIDE_1.12.1/STM32CubeIDE/plugins/com.st.stm32cube.ide.mcu.externaltools.gnu-tools-for-stm32.11.3.rel1.win32_1.1.0.202305231506/tools/bin/../lib/gcc/arm-none-eabi/11.3.1/../../../../arm-none-eabi/lib/thumb/v7-m/nofp\libc_nano.a(libc_a-closer.o)
                              C:/ST/STM32CubeIDE_1.12.1/STM32CubeIDE/plugins/com.st.stm32cube.ide.mcu.externaltools.gnu-tools-for-stm32.11.3.rel1.win32_1.1.0.202305231506/tools/bin/../lib/gcc/arm-none-eabi/11.3.1/../../../../arm-none-eabi/lib/thumb/v7-m/nofp\libc_nano.a(libc_a-stdio.o) (_close_r)
C:/ST/STM32CubeIDE_1.12.1/STM32CubeIDE/plugins/com.st.stm32cube.ide.mcu.externaltools.gnu-tools-for-stm32.11.3.rel1.win32_1.1.0.202305231506/tools/bin/../lib/gcc/arm-none-eabi/11.3.1/../../../../arm-none-eabi/lib/thumb/v7-m/nofp\libc_nano.a(libc_a-reent.o)
                              C:/ST/STM32CubeIDE_1.12.1/STM32CubeIDE/plugins/com.st.stm32cube.ide.mcu.externaltools.gnu-tools-for-stm32.11.3.rel1.win32_1.1.0.202305231506/tools/bin/../lib/gcc/arm-none-eabi/11.3.1/../../../../arm-none-eabi/lib/thumb/v7-m/nofp\libc_nano.a(libc_a-closer.o) (errno)
C:/ST/STM32CubeIDE_1.12.1/STM32CubeIDE/plugins/com.st.stm32cube.ide.mcu.externaltools.gnu-tools-for-stm32.11.3.rel1.win32_1.1.0.202305231506/tools/bin/../lib/gcc/arm-none-eabi/11.3.1/../../../../arm-none-eabi/lib/thumb/v7-m/nofp\libc_nano.a(libc_a-impure.o)
                              C:/ST/STM32CubeIDE_1.12.1/STM32CubeIDE/plugins/com.st.stm32cube.ide.mcu.externaltools.gnu-tools-for-stm32.11.3.rel1.win32_1.1.0.202305231506/tools/bin/../lib/gcc/arm-none-eabi/11.3.1/../../../../arm-none-eabi/lib/thumb/v7-m/nofp\libc_nano.a(libc_a-reent.o) (_impure_ptr)
C:/ST/STM32CubeIDE_1.12.1/STM32CubeIDE/plugins/com.st.stm32cube.ide.mcu.externaltools.gnu-tools-for-stm32.11.3.rel1.win32_1.1.0.202305231506/tools/bin/../lib/gcc/arm-none-eabi/11.3.1/../../../../arm-none-eabi/lib/thumb/v7-m/nofp\libc_nano.a(libc_a-lseekr.o)
[...]
Memory Configuration

Name             Origin             Length             Attributes
RAM              0x0000000020000000 0x000000000000c000 xrw
FLASH            0x0000000008000000 0x000000000000c000 xr
*default*        0x0000000000000000 0xffffffffffffffff

Linker script and memory map

LOAD C:/ST/STM32CubeIDE_1.12.1/STM32CubeIDE/plugins/com.st.stm32cube.ide.mcu.externaltools.gnu-tools-for-stm32.11.3.rel1.win32_1.1.0.202305231506/tools/bin/../lib/gcc/arm-none-eabi/11.3.1/thumb/v7-m/nofp/crti.o
LOAD C:/ST/STM32CubeIDE_1.12.1/STM32CubeIDE/plugins/com.st.stm32cube.ide.mcu.externaltools.gnu-tools-for-stm32.11.3.rel1.win32_1.1.0.202305231506/tools/bin/../lib/gcc/arm-none-eabi/11.3.1/thumb/v7-m/nofp/crtbegin.o
LOAD C:/ST/STM32CubeIDE_1.12.1/STM32CubeIDE/plugins/com.st.stm32cube.ide.mcu.externaltools.gnu-tools-for-stm32.11.3.rel1.win32_1.1.0.202305231506/tools/bin/../lib/gcc/arm-none-eabi/11.3.1/../../../../arm-none-eabi/lib/thumb/v7-m/nofp/crt0.o
LOAD ./Core/Src/main.o
LOAD ./Core/Src/stm32f1xx_hal_msp.o
LOAD ./Core/Src/stm32f1xx_it.o
LOAD ./Core/Src/syscalls.o
LOAD ./Core/Src/sysmem.o
LOAD ./Core/Src/system_stm32f1xx.o
LOAD ./Core/Startup/startup_stm32f103rctx.o
LOAD ./Drivers/STM32F1xx_HAL_Driver/Src/stm32f1xx_hal.o
LOAD ./Drivers/STM32F1xx_HAL_Driver/Src/stm32f1xx_hal_cortex.o
LOAD ./Drivers/STM32F1xx_HAL_Driver/Src/stm32f1xx_hal_dma.o
LOAD ./Drivers/STM32F1xx_HAL_Driver/Src/stm32f1xx_hal_exti.o
LOAD ./Drivers/STM32F1xx_HAL_Driver/Src/stm32f1xx_hal_flash.o
LOAD ./Drivers/STM32F1xx_HAL_Driver/Src/stm32f1xx_hal_flash_ex.o
LOAD ./Drivers/STM32F1xx_HAL_Driver/Src/stm32f1xx_hal_gpio.o
LOAD ./Drivers/STM32F1xx_HAL_Driver/Src/stm32f1xx_hal_gpio_ex.o
LOAD ./Drivers/STM32F1xx_HAL_Driver/Src/stm32f1xx_hal_pcd.o
LOAD ./Drivers/STM32F1xx_HAL_Driver/Src/stm32f1xx_hal_pcd_ex.o
LOAD ./Drivers/STM32F1xx_HAL_Driver/Src/stm32f1xx_hal_pwr.o
LOAD ./Drivers/STM32F1xx_HAL_Driver/Src/stm32f1xx_hal_rcc.o
LOAD ./Drivers/STM32F1xx_HAL_Driver/Src/stm32f1xx_hal_rcc_ex.o
LOAD ./Drivers/STM32F1xx_HAL_Driver/Src/stm32f1xx_hal_tim.o
LOAD ./Drivers/STM32F1xx_HAL_Driver/Src/stm32f1xx_hal_tim_ex.o
LOAD ./Drivers/STM32F1xx_HAL_Driver/Src/stm32f1xx_ll_exti.o
LOAD ./Drivers/STM32F1xx_HAL_Driver/Src/stm32f1xx_ll_gpio.o
LOAD ./Drivers/STM32F1xx_HAL_Driver/Src/stm32f1xx_ll_rcc.o
LOAD ./Drivers/STM32F1xx_HAL_Driver/Src/stm32f1xx_ll_usb.o
LOAD ./Drivers/STM32F1xx_HAL_Driver/Src/stm32f1xx_ll_utils.o
LOAD ./Middlewares/ST/STM32_USB_Device_Library/Class/DFU/Src/usbd_dfu.o
LOAD ./Middlewares/ST/STM32_USB_Device_Library/Core/Src/usbd_core.o
LOAD ./Middlewares/ST/STM32_USB_Device_Library/Core/Src/usbd_ctlreq.o
LOAD ./Middlewares/ST/STM32_USB_Device_Library/Core/Src/usbd_ioreq.o
LOAD ./USB_DEVICE/App/usb_device.o
LOAD ./USB_DEVICE/App/usbd_desc.o
LOAD ./USB_DEVICE/App/usbd_dfu_if.o
LOAD ./USB_DEVICE/Target/usbd_conf.o
START GROUP
LOAD C:/ST/STM32CubeIDE_1.12.1/STM32CubeIDE/plugins/com.st.stm32cube.ide.mcu.externaltools.gnu-tools-for-stm32.11.3.rel1.win32_1.1.0.202305231506/tools/bin/../lib/gcc/arm-none-eabi/11.3.1/../../../../arm-none-eabi/lib/thumb/v7-m/nofp\libc_nano.a
LOAD C:/ST/STM32CubeIDE_1.12.1/STM32CubeIDE/plugins/com.st.stm32cube.ide.mcu.externaltools.gnu-tools-for-stm32.11.3.rel1.win32_1.1.0.202305231506/tools/bin/../lib/gcc/arm-none-eabi/11.3.1/../../../../arm-none-eabi/lib/thumb/v7-m/nofp\libm.a
END GROUP
START GROUP
LOAD C:/ST/STM32CubeIDE_1.12.1/STM32CubeIDE/plugins/com.st.stm32cube.ide.mcu.externaltools.gnu-tools-for-stm32.11.3.rel1.win32_1.1.0.202305231506/tools/bin/../lib/gcc/arm-none-eabi/11.3.1/thumb/v7-m/nofp\libgcc.a
LOAD C:/ST/STM32CubeIDE_1.12.1/STM32CubeIDE/plugins/com.st.stm32cube.ide.mcu.externaltools.gnu-tools-for-stm32.11.3.rel1.win32_1.1.0.202305231506/tools/bin/../lib/gcc/arm-none-eabi/11.3.1/../../../../arm-none-eabi/lib/thumb/v7-m/nofp\libc_nano.a
END GROUP
START GROUP
LOAD C:/ST/STM32CubeIDE_1.12.1/STM32CubeIDE/plugins/com.st.stm32cube.ide.mcu.externaltools.gnu-tools-for-stm32.11.3.rel1.win32_1.1.0.202305231506/tools/bin/../lib/gcc/arm-none-eabi/11.3.1/thumb/v7-m/nofp\libgcc.a
LOAD C:/ST/STM32CubeIDE_1.12.1/STM32CubeIDE/plugins/com.st.stm32cube.ide.mcu.externaltools.gnu-tools-for-stm32.11.3.rel1.win32_1.1.0.202305231506/tools/bin/../lib/gcc/arm-none-eabi/11.3.1/../../../../arm-none-eabi/lib/thumb/v7-m/nofp\libc_nano.a
LOAD C:/ST/STM32CubeIDE_1.12.1/STM32CubeIDE/plugins/com.st.stm32cube.ide.mcu.externaltools.gnu-tools-for-stm32.11.3.rel1.win32_1.1.0.202305231506/tools/bin/../lib/gcc/arm-none-eabi/11.3.1/../../../../arm-none-eabi/lib/thumb/v7-m/nofp\libnosys.a
END GROUP
START GROUP
LOAD C:/ST/STM32CubeIDE_1.12.1/STM32CubeIDE/plugins/com.st.stm32cube.ide.mcu.externaltools.gnu-tools-for-stm32.11.3.rel1.win32_1.1.0.202305231506/tools/bin/../lib/gcc/arm-none-eabi/11.3.1/thumb/v7-m/nofp\libgcc.a
LOAD C:/ST/STM32CubeIDE_1.12.1/STM32CubeIDE/plugins/com.st.stm32cube.ide.mcu.externaltools.gnu-tools-for-stm32.11.3.rel1.win32_1.1.0.202305231506/tools/bin/../lib/gcc/arm-none-eabi/11.3.1/../../../../arm-none-eabi/lib/thumb/v7-m/nofp\libc_nano.a
LOAD C:/ST/STM32CubeIDE_1.12.1/STM32CubeIDE/plugins/com.st.stm32cube.ide.mcu.externaltools.gnu-tools-for-stm32.11.3.rel1.win32_1.1.0.202305231506/tools/bin/../lib/gcc/arm-none-eabi/11.3.1/../../../../arm-none-eabi/lib/thumb/v7-m/nofp\libnosys.a
END GROUP
LOAD C:/ST/STM32CubeIDE_1.12.1/STM32CubeIDE/plugins/com.st.stm32cube.ide.mcu.externaltools.gnu-tools-for-stm32.11.3.rel1.win32_1.1.0.202305231506/tools/bin/../lib/gcc/arm-none-eabi/11.3.1/thumb/v7-m/nofp/crtend.o
LOAD C:/ST/STM32CubeIDE_1.12.1/STM32CubeIDE/plugins/com.st.stm32cube.ide.mcu.externaltools.gnu-tools-for-stm32.11.3.rel1.win32_1.1.0.202305231506/tools/bin/../lib/gcc/arm-none-eabi/11.3.1/thumb/v7-m/nofp/crtn.o
                0x000000002000c000                _estack = (ORIGIN (RAM) + LENGTH (RAM))
                0x0000000000000200                _Min_Heap_Size = 0x200
                0x0000000000000400                _Min_Stack_Size = 0x400

.isr_vector     0x0000000008000000      0x1e4
                0x0000000008000000                . = ALIGN (0x4)
 *(.isr_vector)
 .isr_vector    0x0000000008000000      0x1e4 ./Core/Startup/startup_stm32f103rctx.o
                0x0000000008000000                g_pfnVectors
                0x00000000080001e4                . = ALIGN (0x4)

.text           0x00000000080001e4     0x7648
                0x00000000080001e4                . = ALIGN (0x4)
 *(.text)
 .text          0x00000000080001e4       0x40 C:/ST/STM32CubeIDE_1.12.1/STM32CubeIDE/plugins/com.st.stm32cube.ide.mcu.externaltools.gnu-tools-for-stm32.11.3.rel1.win32_1.1.0.202305231506/tools/bin/../lib/gcc/arm-none-eabi/11.3.1/thumb/v7-m/nofp/crtbegin.o
 *(.text*)
 .text.LL_RCC_HSE_Enable
                0x0000000008000224       0x1c ./Core/Src/main.o
 .text.LL_RCC_HSE_IsReady
                0x0000000008000240       0x24 ./Core/Src/main.o
 .text.LL_RCC_SetSysClkSource
                0x0000000008000264       0x28 ./Core/Src/main.o
 .text.LL_RCC_GetSysClkSource
                0x000000000800028c       0x18 ./Core/Src/main.o
 .text.LL_RCC_SetAHBPrescaler
                0x00000000080002a4       0x28 ./Core/Src/main.o
 .text.LL_RCC_SetAPB1Prescaler
                0x00000000080002cc       0x28 ./Core/Src/main.o
 .text.LL_RCC_SetAPB2Prescaler
                0x00000000080002f4       0x28 ./Core/Src/main.o
 .text.LL_RCC_SetUSBClockSource
                0x000000000800031c       0x28 ./Core/Src/main.o
 .text.LL_RCC_PLL_Enable
                0x0000000008000344       0x1c ./Core/Src/main.o
 .text.LL_RCC_PLL_IsReady
                0x0000000008000360       0x24 ./Core/Src/main.o
 .text.LL_RCC_PLL_ConfigDomain_SYS
                0x0000000008000384       0x30 ./Core/Src/main.o
 .text.LL_APB2_GRP1_EnableClock
                0x00000000080003b4       0x30 ./Core/Src/main.o
 .text.LL_FLASH_SetLatency
                0x00000000080003e4       0x28 ./Core/Src/main.o
 .text.LL_FLASH_GetLatency
                0x000000000800040c       0x18 ./Core/Src/main.o
 .text.LL_GPIO_SetPinMode
                0x0000000008000424       0x64 ./Core/Src/main.o
 .text.LL_GPIO_SetPinSpeed
                0x0000000008000488       0x64 ./Core/Src/main.o
 .text.LL_GPIO_SetPinOutputType
                0x00000000080004ec       0x64 ./Core/Src/main.o
 .text.LL_GPIO_ResetOutputPin
                0x0000000008000550       0x1e ./Core/Src/main.o
 .text.LL_GPIO_TogglePin
                0x000000000800056e       0x38 ./Core/Src/main.o
 *fill*         0x00000000080005a6        0x2 
 .text.main     0x00000000080005a8       0xe4 ./Core/Src/main.o
                0x00000000080005a8                main
 .text.SystemClock_Config
                0x000000000800068c       0x8c ./Core/Src/main.o
                0x000000000800068c                SystemClock_Config
 .text.MX_GPIO_Init
                0x0000000008000718       0x58 ./Core/Src/main.o
 .text.Error_Handler
                0x0000000008000770        0xa ./Core/Src/main.o
                0x0000000008000770                Error_Handler
 *fill*         0x000000000800077a        0x2 
 .text.HAL_MspInit
                0x000000000800077c       0x64 ./Core/Src/stm32f1xx_hal_msp.o
                0x000000000800077c                HAL_MspInit
 .text.NMI_Handler
                0x00000000080007e0        0x6 ./Core/Src/stm32f1xx_it.o
                0x00000000080007e0                NMI_Handler
 .text.HardFault_Handler
                0x00000000080007e6        0x6 ./Core/Src/stm32f1xx_it.o
                0x00000000080007e6                HardFault_Handler
 .text.MemManage_Handler
                0x00000000080007ec        0x6 ./Core/Src/stm32f1xx_it.o
                0x00000000080007ec                MemManage_Handler
 .text.BusFault_Handler
                0x00000000080007f2        0x6 ./Core/Src/stm32f1xx_it.o
                0x00000000080007f2                BusFault_Handler
 .text.UsageFault_Handler
                0x00000000080007f8        0x6 ./Core/Src/stm32f1xx_it.o
                0x00000000080007f8                UsageFault_Handler
 .text.SVC_Handler
                0x00000000080007fe        0xc ./Core/Src/stm32f1xx_it.o
                0x00000000080007fe                SVC_Handler
 .text.DebugMon_Handler
                0x000000000800080a        0xc ./Core/Src/stm32f1xx_it.o
                0x000000000800080a                DebugMon_Handler
 .text.PendSV_Handler
                0x0000000008000816        0xc ./Core/Src/stm32f1xx_it.o
                0x0000000008000816                PendSV_Handler
 .text.SysTick_Handler
                0x0000000008000822        0xc ./Core/Src/stm32f1xx_it.o
                0x0000000008000822                SysTick_Handler
 *fill*         0x000000000800082e        0x2 
 .text.USB_LP_CAN1_RX0_IRQHandler
                0x0000000008000830       0x14 ./Core/Src/stm32f1xx_it.o
                0x0000000008000830                USB_LP_CAN1_RX0_IRQHandler
 .text.SystemInit
                0x0000000008000844        0xc ./Core/Src/system_stm32f1xx.o
                0x0000000008000844                SystemInit
 .text.Reset_Handler
                0x0000000008000850       0x48 ./Core/Startup/startup_stm32f103rctx.o
                0x0000000008000850                Reset_Handler
 .text.Default_Handler
                0x0000000008000898        0x2 ./Core/Startup/startup_stm32f103rctx.o
                0x0000000008000898                RTC_Alarm_IRQHandler
                0x0000000008000898                EXTI2_IRQHandler
                0x0000000008000898                TIM8_TRG_COM_IRQHandler
                0x0000000008000898                TIM8_CC_IRQHandler
                0x0000000008000898                TIM1_CC_IRQHandler
                0x0000000008000898                TIM6_IRQHandler
                0x0000000008000898                PVD_IRQHandler
                0x0000000008000898                SDIO_IRQHandler
                0x0000000008000898                EXTI3_IRQHandler
                0x0000000008000898                EXTI0_IRQHandler
                0x0000000008000898                I2C2_EV_IRQHandler
                0x0000000008000898                ADC1_2_IRQHandler
                0x0000000008000898                SPI1_IRQHandler
                0x0000000008000898                TAMPER_IRQHandler
                0x0000000008000898                TIM8_UP_IRQHandler
                0x0000000008000898                DMA2_Channel2_IRQHandler
                0x0000000008000898                DMA1_Channel4_IRQHandler
                0x0000000008000898                USART3_IRQHandler
                0x0000000008000898                RTC_IRQHandler
                0x0000000008000898                DMA1_Channel7_IRQHandler
                0x0000000008000898                CAN1_RX1_IRQHandler
                0x0000000008000898                UART5_IRQHandler
                0x0000000008000898                ADC3_IRQHandler
                0x0000000008000898                TIM4_IRQHandler
                0x0000000008000898                DMA2_Channel1_IRQHandler
                0x0000000008000898                I2C1_EV_IRQHandler
                0x0000000008000898                DMA1_Channel6_IRQHandler
                0x0000000008000898                UART4_IRQHandler
                0x0000000008000898                TIM3_IRQHandler
                0x0000000008000898                RCC_IRQHandler
                0x0000000008000898                TIM1_TRG_COM_IRQHandler
                0x0000000008000898                DMA1_Channel1_IRQHandler
                0x0000000008000898                Default_Handler
                0x0000000008000898                EXTI15_10_IRQHandler
                0x0000000008000898                TIM7_IRQHandler
                0x0000000008000898                TIM5_IRQHandler
                0x0000000008000898                EXTI9_5_IRQHandler
                0x0000000008000898                SPI2_IRQHandler
                0x0000000008000898                DMA1_Channel5_IRQHandler
                0x0000000008000898                EXTI4_IRQHandler
                0x0000000008000898                USB_HP_CAN1_TX_IRQHandler
                0x0000000008000898                DMA1_Channel3_IRQHandler
                0x0000000008000898                FSMC_IRQHandler
                0x0000000008000898                TIM1_UP_IRQHandler
                0x0000000008000898                WWDG_IRQHandler
                0x0000000008000898                TIM2_IRQHandler
                0x0000000008000898                TIM1_BRK_IRQHandler
                0x0000000008000898                EXTI1_IRQHandler
                0x0000000008000898                DMA2_Channel4_5_IRQHandler
                0x0000000008000898                USART2_IRQHandler
                0x0000000008000898                I2C2_ER_IRQHandler
                0x0000000008000898                DMA1_Channel2_IRQHandler
                0x0000000008000898                TIM8_BRK_IRQHandler
                0x0000000008000898                CAN1_SCE_IRQHandler
                0x0000000008000898                FLASH_IRQHandler
                0x0000000008000898                USART1_IRQHandler
                0x0000000008000898                SPI3_IRQHandler
                0x0000000008000898                I2C1_ER_IRQHandler
                0x0000000008000898                USBWakeUp_IRQHandler
                0x0000000008000898                DMA2_Channel3_IRQHandler
 *fill*         0x000000000800089a        0x2 
 .text.HAL_Init
                0x000000000800089c       0x2c ./Drivers/STM32F1xx_HAL_Driver/Src/stm32f1xx_hal.o
                0x000000000800089c                HAL_Init
 .text.HAL_DeInit
                0x00000000080008c8       0x30 ./Drivers/STM32F1xx_HAL_Driver/Src/stm32f1xx_hal.o
                0x00000000080008c8                HAL_DeInit
 .text.HAL_MspDeInit
                0x00000000080008f8        0xc ./Drivers/STM32F1xx_HAL_Driver/Src/stm32f1xx_hal.o
                0x00000000080008f8                HAL_MspDeInit
 .text.HAL_InitTick
                0x0000000008000904       0x60 ./Drivers/STM32F1xx_HAL_Driver/Src/stm32f1xx_hal.o
                0x0000000008000904                HAL_InitTick
 .text.HAL_IncTick
                0x0000000008000964       0x24 ./Drivers/STM32F1xx_HAL_Driver/Src/stm32f1xx_hal.o
                0x0000000008000964                HAL_IncTick
 .text.HAL_GetTick
                0x0000000008000988       0x14 ./Drivers/STM32F1xx_HAL_Driver/Src/stm32f1xx_hal.o
                0x0000000008000988                HAL_GetTick
 .text.HAL_Delay
                0x000000000800099c       0x48 ./Drivers/STM32F1xx_HAL_Driver/Src/stm32f1xx_hal.o
                0x000000000800099c                HAL_Delay
 .text.__NVIC_SetPriorityGrouping
                0x00000000080009e4       0x48 ./Drivers/STM32F1xx_HAL_Driver/Src/stm32f1xx_hal_cortex.o
 .text.__NVIC_GetPriorityGrouping
                0x0000000008000a2c       0x1c ./Drivers/STM32F1xx_HAL_Driver/Src/stm32f1xx_hal_cortex.o
 .text.__NVIC_EnableIRQ
                0x0000000008000a48       0x38 ./Drivers/STM32F1xx_HAL_Driver/Src/stm32f1xx_hal_cortex.o
 .text.__NVIC_SetPriority
                0x0000000008000a80       0x54 ./Drivers/STM32F1xx_HAL_Driver/Src/stm32f1xx_hal_cortex.o
 .text.NVIC_EncodePriority
                0x0000000008000ad4       0x64 ./Drivers/STM32F1xx_HAL_Driver/Src/stm32f1xx_hal_cortex.o
 .text.SysTick_Config
                0x0000000008000b38       0x44 ./Drivers/STM32F1xx_HAL_Driver/Src/stm32f1xx_hal_cortex.o
 .text.HAL_NVIC_SetPriorityGrouping
                0x0000000008000b7c       0x16 ./Drivers/STM32F1xx_HAL_Driver/Src/stm32f1xx_hal_cortex.o
                0x0000000008000b7c                HAL_NVIC_SetPriorityGrouping
 .text.HAL_NVIC_SetPriority
                0x0000000008000b92       0x38 ./Drivers/STM32F1xx_HAL_Driver/Src/stm32f1xx_hal_cortex.o
                0x0000000008000b92                HAL_NVIC_SetPriority
 .text.HAL_NVIC_EnableIRQ
                0x0000000008000bca       0x1c ./Drivers/STM32F1xx_HAL_Driver/Src/stm32f1xx_hal_cortex.o
                0x0000000008000bca                HAL_NVIC_EnableIRQ
 .text.HAL_SYSTICK_Config
                0x0000000008000be6       0x18 ./Drivers/STM32F1xx_HAL_Driver/Src/stm32f1xx_hal_cortex.o
                0x0000000008000be6                HAL_SYSTICK_Config
 *fill*         0x0000000008000bfe        0x2 
 .text.HAL_FLASH_Program
                0x0000000008000c00       0xe0 ./Drivers/STM32F1xx_HAL_Driver/Src/stm32f1xx_hal_flash.o
                0x0000000008000c00                HAL_FLASH_Program
 .text.HAL_FLASH_Unlock
                0x0000000008000ce0       0x4c ./Drivers/STM32F1xx_HAL_Driver/Src/stm32f1xx_hal_flash.o
                0x0000000008000ce0                HAL_FLASH_Unlock
 .text.HAL_FLASH_Lock
                0x0000000008000d2c       0x20 ./Drivers/STM32F1xx_HAL_Driver/Src/stm32f1xx_hal_flash.o
                0x0000000008000d2c                HAL_FLASH_Lock
 .text.FLASH_Program_HalfWord
                0x0000000008000d4c       0x38 ./Drivers/STM32F1xx_HAL_Driver/Src/stm32f1xx_hal_flash.o
 .text.FLASH_WaitForLastOperation
                0x0000000008000d84       0x8c ./Drivers/STM32F1xx_HAL_Driver/Src/stm32f1xx_hal_flash.o
                0x0000000008000d84                FLASH_WaitForLastOperation
 .text.FLASH_SetErrorCode
                0x0000000008000e10       0xa0 ./Drivers/STM32F1xx_HAL_Driver/Src/stm32f1xx_hal_flash.o
 .text.HAL_FLASHEx_Erase
                0x0000000008000eb0       0xd8 ./Drivers/STM32F1xx_HAL_Driver/Src/stm32f1xx_hal_flash_ex.o
                0x0000000008000eb0                HAL_FLASHEx_Erase
 .text.FLASH_MassErase
                0x0000000008000f88       0x38 ./Drivers/STM32F1xx_HAL_Driver/Src/stm32f1xx_hal_flash_ex.o
 .text.FLASH_PageErase
                0x0000000008000fc0       0x40 ./Drivers/STM32F1xx_HAL_Driver/Src/stm32f1xx_hal_flash_ex.o
                0x0000000008000fc0                FLASH_PageErase
 .text.HAL_PCD_Init
                0x0000000008001000      0x1fe ./Drivers/STM32F1xx_HAL_Driver/Src/stm32f1xx_hal_pcd.o
                0x0000000008001000                HAL_PCD_Init
 .text.HAL_PCD_Start
                0x00000000080011fe       0x4c ./Drivers/STM32F1xx_HAL_Driver/Src/stm32f1xx_hal_pcd.o
                0x00000000080011fe                HAL_PCD_Start
 .text.HAL_PCD_Stop
                0x000000000800124a       0x4c ./Drivers/STM32F1xx_HAL_Driver/Src/stm32f1xx_hal_pcd.o
                0x000000000800124a                HAL_PCD_Stop
 .text.HAL_PCD_IRQHandler
                0x0000000008001296      0x260 ./Drivers/STM32F1xx_HAL_Driver/Src/stm32f1xx_hal_pcd.o
                0x0000000008001296                HAL_PCD_IRQHandler
 .text.HAL_PCD_SetAddress
                0x00000000080014f6       0x4a ./Drivers/STM32F1xx_HAL_Driver/Src/stm32f1xx_hal_pcd.o
                0x00000000080014f6                HAL_PCD_SetAddress
 .text.HAL_PCD_EP_Open
                0x0000000008001540       0xba ./Drivers/STM32F1xx_HAL_Driver/Src/stm32f1xx_hal_pcd.o
                0x0000000008001540                HAL_PCD_EP_Open
 .text.HAL_PCD_EP_Receive
                0x00000000080015fa       0x62 ./Drivers/STM32F1xx_HAL_Driver/Src/stm32f1xx_hal_pcd.o
                0x00000000080015fa                HAL_PCD_EP_Receive
 .text.HAL_PCD_EP_Transmit
                0x000000000800165c       0x6e ./Drivers/STM32F1xx_HAL_Driver/Src/stm32f1xx_hal_pcd.o
                0x000000000800165c                HAL_PCD_EP_Transmit
 .text.HAL_PCD_EP_SetStall
                0x00000000080016ca       0xc0 ./Drivers/STM32F1xx_HAL_Driver/Src/stm32f1xx_hal_pcd.o
                0x00000000080016ca                HAL_PCD_EP_SetStall
 .text.HAL_PCD_EP_ClrStall
                0x000000000800178a       0xa8 ./Drivers/STM32F1xx_HAL_Driver/Src/stm32f1xx_hal_pcd.o
                0x000000000800178a                HAL_PCD_EP_ClrStall
 .text.PCD_EP_ISR_Handler
                0x0000000008001832      0x7a6 ./Drivers/STM32F1xx_HAL_Driver/Src/stm32f1xx_hal_pcd.o
 .text.HAL_PCD_EP_DB_Receive
                0x0000000008001fd8      0x21a ./Drivers/STM32F1xx_HAL_Driver/Src/stm32f1xx_hal_pcd.o
 .text.HAL_PCD_EP_DB_Transmit
                0x00000000080021f2      0x7f4 ./Drivers/STM32F1xx_HAL_Driver/Src/stm32f1xx_hal_pcd.o
 .text.HAL_PCDEx_PMAConfig
                0x00000000080029e6       0x84 ./Drivers/STM32F1xx_HAL_Driver/Src/stm32f1xx_hal_pcd_ex.o
                0x00000000080029e6                HAL_PCDEx_PMAConfig
 .text.LL_GPIO_SetPinMode
                0x0000000008002a6a       0x64 ./Drivers/STM32F1xx_HAL_Driver/Src/stm32f1xx_ll_gpio.o
 .text.LL_GPIO_SetPinSpeed
                0x0000000008002ace       0x64 ./Drivers/STM32F1xx_HAL_Driver/Src/stm32f1xx_ll_gpio.o
 .text.LL_GPIO_SetPinOutputType
                0x0000000008002b32       0x64 ./Drivers/STM32F1xx_HAL_Driver/Src/stm32f1xx_ll_gpio.o
 .text.LL_GPIO_SetPinPull
                0x0000000008002b96       0x44 ./Drivers/STM32F1xx_HAL_Driver/Src/stm32f1xx_ll_gpio.o
 .text.LL_GPIO_Init
                0x0000000008002bda       0xcc ./Drivers/STM32F1xx_HAL_Driver/Src/stm32f1xx_ll_gpio.o
                0x0000000008002bda                LL_GPIO_Init
 .text.USB_CoreInit
                0x0000000008002ca6       0x20 ./Drivers/STM32F1xx_HAL_Driver/Src/stm32f1xx_ll_usb.o
                0x0000000008002ca6                USB_CoreInit
 .text.USB_EnableGlobalInt
                0x0000000008002cc6       0x2c ./Drivers/STM32F1xx_HAL_Driver/Src/stm32f1xx_ll_usb.o
                0x0000000008002cc6                USB_EnableGlobalInt
 .text.USB_DisableGlobalInt
                0x0000000008002cf2       0x34 ./Drivers/STM32F1xx_HAL_Driver/Src/stm32f1xx_ll_usb.o
                0x0000000008002cf2                USB_DisableGlobalInt
 .text.USB_SetCurrentMode
                0x0000000008002d26       0x18 ./Drivers/STM32F1xx_HAL_Driver/Src/stm32f1xx_ll_usb.o
                0x0000000008002d26                USB_SetCurrentMode
 .text.USB_DevInit
                0x0000000008002d3e       0x40 ./Drivers/STM32F1xx_HAL_Driver/Src/stm32f1xx_ll_usb.o
                0x0000000008002d3e                USB_DevInit
 *fill*         0x0000000008002d7e        0x2 
 .text.USB_ActivateEndpoint
                0x0000000008002d80      0x780 ./Drivers/STM32F1xx_HAL_Driver/Src/stm32f1xx_ll_usb.o
                0x0000000008002d80                USB_ActivateEndpoint
 .text.USB_EPStartXfer
                0x0000000008003500     0x1762 ./Drivers/STM32F1xx_HAL_Driver/Src/stm32f1xx_ll_usb.o
                0x0000000008003500                USB_EPStartXfer
 .text.USB_EPSetStall
                0x0000000008004c62       0xa0 ./Drivers/STM32F1xx_HAL_Driver/Src/stm32f1xx_ll_usb.o
                0x0000000008004c62                USB_EPSetStall
 .text.USB_EPClearStall
                0x0000000008004d02      0x15a ./Drivers/STM32F1xx_HAL_Driver/Src/stm32f1xx_ll_usb.o
                0x0000000008004d02                USB_EPClearStall
 .text.USB_SetDevAddress
                0x0000000008004e5c       0x26 ./Drivers/STM32F1xx_HAL_Driver/Src/stm32f1xx_ll_usb.o
                0x0000000008004e5c                USB_SetDevAddress
 .text.USB_DevConnect
                0x0000000008004e82       0x14 ./Drivers/STM32F1xx_HAL_Driver/Src/stm32f1xx_ll_usb.o
                0x0000000008004e82                USB_DevConnect
 .text.USB_DevDisconnect
                0x0000000008004e96       0x14 ./Drivers/STM32F1xx_HAL_Driver/Src/stm32f1xx_ll_usb.o
                0x0000000008004e96                USB_DevDisconnect
 .text.USB_ReadInterrupts
                0x0000000008004eaa       0x1e ./Drivers/STM32F1xx_HAL_Driver/Src/stm32f1xx_ll_usb.o
                0x0000000008004eaa                USB_ReadInterrupts
 .text.USB_EP0_OutStart
                0x0000000008004ec8       0x16 ./Drivers/STM32F1xx_HAL_Driver/Src/stm32f1xx_ll_usb.o
                0x0000000008004ec8                USB_EP0_OutStart
 .text.USB_WritePMA
                0x0000000008004ede       0x8a ./Drivers/STM32F1xx_HAL_Driver/Src/stm32f1xx_ll_usb.o
                0x0000000008004ede                USB_WritePMA
 .text.USB_ReadPMA
                0x0000000008004f68       0x9e ./Drivers/STM32F1xx_HAL_Driver/Src/stm32f1xx_ll_usb.o
                0x0000000008004f68                USB_ReadPMA
 *fill*         0x0000000008005006        0x2 
 .text.LL_mDelay
                0x0000000008005008       0x48 ./Drivers/STM32F1xx_HAL_Driver/Src/stm32f1xx_ll_utils.o
                0x0000000008005008                LL_mDelay
 .text.LL_SetSystemCoreClock
                0x0000000008005050       0x1c ./Drivers/STM32F1xx_HAL_Driver/Src/stm32f1xx_ll_utils.o
                0x0000000008005050                LL_SetSystemCoreClock
 .text.__NVIC_SystemReset
                0x000000000800506c       0x2c ./Middlewares/ST/STM32_USB_Device_Library/Class/DFU/Src/usbd_dfu.o
 .text.USBD_DFU_Init
                0x0000000008005098       0xb2 ./Middlewares/ST/STM32_USB_Device_Library/Class/DFU/Src/usbd_dfu.o
 .text.USBD_DFU_DeInit
                0x000000000800514a       0x6e ./Middlewares/ST/STM32_USB_Device_Library/Class/DFU/Src/usbd_dfu.o
 .text.USBD_DFU_Setup
                0x00000000080051b8      0x1d4 ./Middlewares/ST/STM32_USB_Device_Library/Class/DFU/Src/usbd_dfu.o
 .text.USBD_DFU_GetCfgDesc
                0x000000000800538c       0x20 ./Middlewares/ST/STM32_USB_Device_Library/Class/DFU/Src/usbd_dfu.o
 .text.USBD_DFU_DataIn
                0x00000000080053ac       0x18 ./Middlewares/ST/STM32_USB_Device_Library/Class/DFU/Src/usbd_dfu.o
 .text.USBD_DFU_EP0_RxReady
                0x00000000080053c4       0x14 ./Middlewares/ST/STM32_USB_Device_Library/Class/DFU/Src/usbd_dfu.o
 .text.USBD_DFU_EP0_TxReady
                0x00000000080053d8      0x1ca ./Middlewares/ST/STM32_USB_Device_Library/Class/DFU/Src/usbd_dfu.o
 .text.USBD_DFU_SOF
                0x00000000080055a2       0x14 ./Middlewares/ST/STM32_USB_Device_Library/Class/DFU/Src/usbd_dfu.o
 .text.USBD_DFU_IsoINIncomplete
                0x00000000080055b6       0x18 ./Middlewares/ST/STM32_USB_Device_Library/Class/DFU/Src/usbd_dfu.o
 .text.USBD_DFU_IsoOutIncomplete
                0x00000000080055ce       0x18 ./Middlewares/ST/STM32_USB_Device_Library/Class/DFU/Src/usbd_dfu.o
 .text.USBD_DFU_DataOut
                0x00000000080055e6       0x18 ./Middlewares/ST/STM32_USB_Device_Library/Class/DFU/Src/usbd_dfu.o
 *fill*         0x00000000080055fe        0x2 
 .text.USBD_DFU_GetDeviceQualifierDesc
                0x0000000008005600       0x20 ./Middlewares/ST/STM32_USB_Device_Library/Class/DFU/Src/usbd_dfu.o
 .text.USBD_DFU_GetUsrStringDesc
                0x0000000008005620       0x38 ./Middlewares/ST/STM32_USB_Device_Library/Class/DFU/Src/usbd_dfu.o
 .text.USBD_DFU_RegisterMedia
                0x0000000008005658       0x24 ./Middlewares/ST/STM32_USB_Device_Library/Class/DFU/Src/usbd_dfu.o
                0x0000000008005658                USBD_DFU_RegisterMedia
 .text.DFU_Detach
                0x000000000800567c       0xc0 ./Middlewares/ST/STM32_USB_Device_Library/Class/DFU/Src/usbd_dfu.o
 .text.DFU_Download
                0x000000000800573c       0xd4 ./Middlewares/ST/STM32_USB_Device_Library/Class/DFU/Src/usbd_dfu.o
 .text.DFU_Upload
                0x0000000008005810      0x1b0 ./Middlewares/ST/STM32_USB_Device_Library/Class/DFU/Src/usbd_dfu.o
 .text.DFU_GetStatus
                0x00000000080059c0      0x164 ./Middlewares/ST/STM32_USB_Device_Library/Class/DFU/Src/usbd_dfu.o
 .text.DFU_ClearStatus
                0x0000000008005b24       0x9e ./Middlewares/ST/STM32_USB_Device_Library/Class/DFU/Src/usbd_dfu.o
 .text.DFU_GetState
                0x0000000008005bc2       0x28 ./Middlewares/ST/STM32_USB_Device_Library/Class/DFU/Src/usbd_dfu.o
 .text.DFU_Abort
                0x0000000008005bea       0x98 ./Middlewares/ST/STM32_USB_Device_Library/Class/DFU/Src/usbd_dfu.o
 *fill*         0x0000000008005c82        0x2 
 .text.DFU_Leave
                0x0000000008005c84       0x9c ./Middlewares/ST/STM32_USB_Device_Library/Class/DFU/Src/usbd_dfu.o
 .text.USBD_Init
                0x0000000008005d20       0x56 ./Middlewares/ST/STM32_USB_Device_Library/Core/Src/usbd_core.o
                0x0000000008005d20                USBD_Init
 .text.USBD_RegisterClass
                0x0000000008005d76       0x32 ./Middlewares/ST/STM32_USB_Device_Library/Core/Src/usbd_core.o
                0x0000000008005d76                USBD_RegisterClass
 .text.USBD_Start
                0x0000000008005da8       0x18 ./Middlewares/ST/STM32_USB_Device_Library/Core/Src/usbd_core.o
                0x0000000008005da8                USBD_Start
 .text.USBD_Stop
                0x0000000008005dc0       0x2c ./Middlewares/ST/STM32_USB_Device_Library/Core/Src/usbd_core.o
                0x0000000008005dc0                USBD_Stop
 .text.USBD_RunTestMode
                0x0000000008005dec       0x14 ./Middlewares/ST/STM32_USB_Device_Library/Core/Src/usbd_core.o
                0x0000000008005dec                USBD_RunTestMode
 .text.USBD_SetClassConfig
                0x0000000008005e00       0x3e ./Middlewares/ST/STM32_USB_Device_Library/Core/Src/usbd_core.o
                0x0000000008005e00                USBD_SetClassConfig
 .text.USBD_ClrClassConfig
                0x0000000008005e3e       0x26 ./Middlewares/ST/STM32_USB_Device_Library/Core/Src/usbd_core.o
                0x0000000008005e3e                USBD_ClrClassConfig
 .text.USBD_LL_SetupStage
                0x0000000008005e64       0x9a ./Middlewares/ST/STM32_USB_Device_Library/Core/Src/usbd_core.o
                0x0000000008005e64                USBD_LL_SetupStage
 .text.USBD_LL_DataOutStage
                0x0000000008005efe       0xe2 ./Middlewares/ST/STM32_USB_Device_Library/Core/Src/usbd_core.o
                0x0000000008005efe                USBD_LL_DataOutStage
 .text.USBD_LL_DataInStage
                0x0000000008005fe0      0x14a ./Middlewares/ST/STM32_USB_Device_Library/Core/Src/usbd_core.o
                0x0000000008005fe0                USBD_LL_DataInStage
 .text.USBD_LL_Reset
                0x000000000800612a       0x82 ./Middlewares/ST/STM32_USB_Device_Library/Core/Src/usbd_core.o
                0x000000000800612a                USBD_LL_Reset
 .text.USBD_LL_SetSpeed
                0x00000000080061ac       0x1e ./Middlewares/ST/STM32_USB_Device_Library/Core/Src/usbd_core.o
                0x00000000080061ac                USBD_LL_SetSpeed
 .text.USBD_LL_Suspend
                0x00000000080061ca       0x28 ./Middlewares/ST/STM32_USB_Device_Library/Core/Src/usbd_core.o
                0x00000000080061ca                USBD_LL_Suspend
 .text.USBD_LL_Resume
                0x00000000080061f2       0x2a ./Middlewares/ST/STM32_USB_Device_Library/Core/Src/usbd_core.o
                0x00000000080061f2                USBD_LL_Resume
 .text.USBD_LL_SOF
                0x000000000800621c       0x34 ./Middlewares/ST/STM32_USB_Device_Library/Core/Src/usbd_core.o
                0x000000000800621c                USBD_LL_SOF
 .text.USBD_StdDevReq
                0x0000000008006250       0xd4 ./Middlewares/ST/STM32_USB_Device_Library/Core/Src/usbd_ctlreq.o
                0x0000000008006250                USBD_StdDevReq
 .text.USBD_StdItfReq
                0x0000000008006324       0x90 ./Middlewares/ST/STM32_USB_Device_Library/Core/Src/usbd_ctlreq.o
                0x0000000008006324                USBD_StdItfReq
 .text.USBD_StdEPReq
                0x00000000080063b4      0x2c6 ./Middlewares/ST/STM32_USB_Device_Library/Core/Src/usbd_ctlreq.o
                0x00000000080063b4                USBD_StdEPReq
 *fill*         0x000000000800667a        0x2 
 .text.USBD_GetDescriptor
                0x000000000800667c      0x2f4 ./Middlewares/ST/STM32_USB_Device_Library/Core/Src/usbd_ctlreq.o
 .text.USBD_SetAddress
                0x0000000008006970       0x86 ./Middlewares/ST/STM32_USB_Device_Library/Core/Src/usbd_ctlreq.o
 *fill*         0x00000000080069f6        0x2 
 .text.USBD_SetConfig
                0x00000000080069f8      0x11c ./Middlewares/ST/STM32_USB_Device_Library/Core/Src/usbd_ctlreq.o
 .text.USBD_GetConfig
                0x0000000008006b14       0x6a ./Middlewares/ST/STM32_USB_Device_Library/Core/Src/usbd_ctlreq.o
 .text.USBD_GetStatus
                0x0000000008006b7e       0x66 ./Middlewares/ST/STM32_USB_Device_Library/Core/Src/usbd_ctlreq.o
 .text.USBD_SetFeature
                0x0000000008006be4       0x28 ./Middlewares/ST/STM32_USB_Device_Library/Core/Src/usbd_ctlreq.o
 .text.USBD_ClrFeature
                0x0000000008006c0c       0x42 ./Middlewares/ST/STM32_USB_Device_Library/Core/Src/usbd_ctlreq.o
 .text.USBD_ParseSetupRequest
                0x0000000008006c4e       0x78 ./Middlewares/ST/STM32_USB_Device_Library/Core/Src/usbd_ctlreq.o
                0x0000000008006c4e                USBD_ParseSetupRequest
 .text.USBD_CtlError
                0x0000000008006cc6       0x22 ./Middlewares/ST/STM32_USB_Device_Library/Core/Src/usbd_ctlreq.o
                0x0000000008006cc6                USBD_CtlError
 .text.USBD_GetString
                0x0000000008006ce8       0x84 ./Middlewares/ST/STM32_USB_Device_Library/Core/Src/usbd_ctlreq.o
                0x0000000008006ce8                USBD_GetString
 .text.USBD_GetLen
                0x0000000008006d6c       0x2e ./Middlewares/ST/STM32_USB_Device_Library/Core/Src/usbd_ctlreq.o
 .text.USBD_CtlSendData
                0x0000000008006d9a       0x38 ./Middlewares/ST/STM32_USB_Device_Library/Core/Src/usbd_ioreq.o
                0x0000000008006d9a                USBD_CtlSendData
 .text.USBD_CtlContinueSendData
                0x0000000008006dd2       0x24 ./Middlewares/ST/STM32_USB_Device_Library/Core/Src/usbd_ioreq.o
                0x0000000008006dd2                USBD_CtlContinueSendData
 .text.USBD_CtlPrepareRx
                0x0000000008006df6       0x3c ./Middlewares/ST/STM32_USB_Device_Library/Core/Src/usbd_ioreq.o
                0x0000000008006df6                USBD_CtlPrepareRx
 .text.USBD_CtlContinueRx
                0x0000000008006e32       0x24 ./Middlewares/ST/STM32_USB_Device_Library/Core/Src/usbd_ioreq.o
                0x0000000008006e32                USBD_CtlContinueRx
 .text.USBD_CtlSendStatus
                0x0000000008006e56       0x26 ./Middlewares/ST/STM32_USB_Device_Library/Core/Src/usbd_ioreq.o
                0x0000000008006e56                USBD_CtlSendStatus
 .text.USBD_CtlReceiveStatus
                0x0000000008006e7c       0x26 ./Middlewares/ST/STM32_USB_Device_Library/Core/Src/usbd_ioreq.o
                0x0000000008006e7c                USBD_CtlReceiveStatus
 *fill*         0x0000000008006ea2        0x2 
 .text.MX_USB_DEVICE_Init
                0x0000000008006ea4       0x60 ./USB_DEVICE/App/usb_device.o
                0x0000000008006ea4                MX_USB_DEVICE_Init
 .text.USBD_FS_DeviceDescriptor
                0x0000000008006f04       0x24 ./USB_DEVICE/App/usbd_desc.o
                0x0000000008006f04                USBD_FS_DeviceDescriptor
 .text.USBD_FS_LangIDStrDescriptor
                0x0000000008006f28       0x24 ./USB_DEVICE/App/usbd_desc.o
                0x0000000008006f28                USBD_FS_LangIDStrDescriptor
 .text.USBD_FS_ProductStrDescriptor
                0x0000000008006f4c       0x3c ./USB_DEVICE/App/usbd_desc.o
                0x0000000008006f4c                USBD_FS_ProductStrDescriptor
 .text.USBD_FS_ManufacturerStrDescriptor
                0x0000000008006f88       0x28 ./USB_DEVICE/App/usbd_desc.o
                0x0000000008006f88                USBD_FS_ManufacturerStrDescriptor
 .text.USBD_FS_SerialStrDescriptor
                0x0000000008006fb0       0x24 ./USB_DEVICE/App/usbd_desc.o
                0x0000000008006fb0                USBD_FS_SerialStrDescriptor
 .text.USBD_FS_ConfigStrDescriptor
                0x0000000008006fd4       0x3c ./USB_DEVICE/App/usbd_desc.o
                0x0000000008006fd4                USBD_FS_ConfigStrDescriptor
 .text.USBD_FS_InterfaceStrDescriptor
                0x0000000008007010       0x3c ./USB_DEVICE/App/usbd_desc.o
                0x0000000008007010                USBD_FS_InterfaceStrDescriptor
 .text.Get_SerialNum
                0x000000000800704c       0x58 ./USB_DEVICE/App/usbd_desc.o
 .text.IntToUnicode
                0x00000000080070a4       0x7c ./USB_DEVICE/App/usbd_desc.o
 .text.MEM_If_Init_FS
                0x0000000008007120       0x24 ./USB_DEVICE/App/usbd_dfu_if.o
 .text.MEM_If_DeInit_FS
                0x0000000008007144       0x28 ./USB_DEVICE/App/usbd_dfu_if.o
 .text.MEM_If_Erase_FS
                0x000000000800716c       0x64 ./USB_DEVICE/App/usbd_dfu_if.o
 .text.MEM_If_Write_FS
                0x00000000080071d0       0x70 ./USB_DEVICE/App/usbd_dfu_if.o
 .text.MEM_If_Read_FS
                0x0000000008007240       0x44 ./USB_DEVICE/App/usbd_dfu_if.o
 .text.MEM_If_GetStatus_FS
                0x0000000008007284       0x54 ./USB_DEVICE/App/usbd_dfu_if.o
 .text.HAL_PCD_MspInit
                0x00000000080072d8       0x4c ./USB_DEVICE/Target/usbd_conf.o
                0x00000000080072d8                HAL_PCD_MspInit
 .text.HAL_PCD_SetupStageCallback
                0x0000000008007324       0x24 ./USB_DEVICE/Target/usbd_conf.o
                0x0000000008007324                HAL_PCD_SetupStageCallback
 .text.HAL_PCD_DataOutStageCallback
                0x0000000008007348       0x36 ./USB_DEVICE/Target/usbd_conf.o
                0x0000000008007348                HAL_PCD_DataOutStageCallback
 .text.HAL_PCD_DataInStageCallback
                0x000000000800737e       0x34 ./USB_DEVICE/Target/usbd_conf.o
                0x000000000800737e                HAL_PCD_DataInStageCallback
 .text.HAL_PCD_SOFCallback
                0x00000000080073b2       0x1c ./USB_DEVICE/Target/usbd_conf.o
                0x00000000080073b2                HAL_PCD_SOFCallback
 .text.HAL_PCD_ResetCallback
                0x00000000080073ce       0x3c ./USB_DEVICE/Target/usbd_conf.o
                0x00000000080073ce                HAL_PCD_ResetCallback
 *fill*         0x000000000800740a        0x2 
 .text.HAL_PCD_SuspendCallback
                0x000000000800740c       0x34 ./USB_DEVICE/Target/usbd_conf.o
                0x000000000800740c                HAL_PCD_SuspendCallback
 .text.HAL_PCD_ResumeCallback
                0x0000000008007440       0x1c ./USB_DEVICE/Target/usbd_conf.o
                0x0000000008007440                HAL_PCD_ResumeCallback
 .text.USBD_LL_Init
                0x000000000800745c       0x80 ./USB_DEVICE/Target/usbd_conf.o
                0x000000000800745c                USBD_LL_Init
 .text.USBD_LL_Start
                0x00000000080074dc       0x36 ./USB_DEVICE/Target/usbd_conf.o
                0x00000000080074dc                USBD_LL_Start
 .text.USBD_LL_Stop
                0x0000000008007512       0x36 ./USB_DEVICE/Target/usbd_conf.o
                0x0000000008007512                USBD_LL_Stop
 .text.USBD_LL_OpenEP
                0x0000000008007548       0x4c ./USB_DEVICE/Target/usbd_conf.o
                0x0000000008007548                USBD_LL_OpenEP
 .text.USBD_LL_StallEP
                0x0000000008007594       0x3e ./USB_DEVICE/Target/usbd_conf.o
                0x0000000008007594                USBD_LL_StallEP
 .text.USBD_LL_ClearStallEP
                0x00000000080075d2       0x3e ./USB_DEVICE/Target/usbd_conf.o
                0x00000000080075d2                USBD_LL_ClearStallEP
 .text.USBD_LL_IsStallEP
                0x0000000008007610       0x58 ./USB_DEVICE/Target/usbd_conf.o
                0x0000000008007610                USBD_LL_IsStallEP
 .text.USBD_LL_SetUSBAddress
                0x0000000008007668       0x3e ./USB_DEVICE/Target/usbd_conf.o
                0x0000000008007668                USBD_LL_SetUSBAddress
 .text.USBD_LL_Transmit
                0x00000000080076a6       0x46 ./USB_DEVICE/Target/usbd_conf.o
                0x00000000080076a6                USBD_LL_Transmit
 .text.USBD_LL_PrepareReceive
                0x00000000080076ec       0x46 ./USB_DEVICE/Target/usbd_conf.o
                0x00000000080076ec                USBD_LL_PrepareReceive
 *fill*         0x0000000008007732        0x2 
 .text.USBD_static_malloc
                0x0000000008007734       0x18 ./USB_DEVICE/Target/usbd_conf.o
                0x0000000008007734                USBD_static_malloc
 .text.USBD_static_free
                0x000000000800774c       0x12 ./USB_DEVICE/Target/usbd_conf.o
                0x000000000800774c                USBD_static_free
 .text.HAL_PCDEx_SetConnectionState
                0x000000000800775e       0x16 ./USB_DEVICE/Target/usbd_conf.o
                0x000000000800775e                HAL_PCDEx_SetConnectionState
 .text.USBD_Get_USB_Status
                0x0000000008007774       0x58 ./USB_DEVICE/Target/usbd_conf.o
 .text.__libc_init_array
                0x00000000080077cc       0x48 C:/ST/STM32CubeIDE_1.12.1/STM32CubeIDE/plugins/com.st.stm32cube.ide.mcu.externaltools.gnu-tools-for-stm32.11.3.rel1.win32_1.1.0.202305231506/tools/bin/../lib/gcc/arm-none-eabi/11.3.1/../../../../arm-none-eabi/lib/thumb/v7-m/nofp\libc_nano.a(libc_a-init.o)
                0x00000000080077cc                __libc_init_array
 *(.glue_7)
 .glue_7        0x0000000008007814        0x0 linker stubs
 *(.glue_7t)
 .glue_7t       0x0000000008007814        0x0 linker stubs
 *(.eh_frame)
 .eh_frame      0x0000000008007814        0x0 C:/ST/STM32CubeIDE_1.12.1/STM32CubeIDE/plugins/com.st.stm32cube.ide.mcu.externaltools.gnu-tools-for-stm32.11.3.rel1.win32_1.1.0.202305231506/tools/bin/../lib/gcc/arm-none-eabi/11.3.1/thumb/v7-m/nofp/crtbegin.o
 *(.init)
 .init          0x0000000008007814        0x4 C:/ST/STM32CubeIDE_1.12.1/STM32CubeIDE/plugins/com.st.stm32cube.ide.mcu.externaltools.gnu-tools-for-stm32.11.3.rel1.win32_1.1.0.202305231506/tools/bin/../lib/gcc/arm-none-eabi/11.3.1/thumb/v7-m/nofp/crti.o
                0x0000000008007814                _init
 .init          0x0000000008007818        0x8 C:/ST/STM32CubeIDE_1.12.1/STM32CubeIDE/plugins/com.st.stm32cube.ide.mcu.externaltools.gnu-tools-for-stm32.11.3.rel1.win32_1.1.0.202305231506/tools/bin/../lib/gcc/arm-none-eabi/11.3.1/thumb/v7-m/nofp/crtn.o
 *(.fini)
 .fini          0x0000000008007820        0x4 C:/ST/STM32CubeIDE_1.12.1/STM32CubeIDE/plugins/com.st.stm32cube.ide.mcu.externaltools.gnu-tools-for-stm32.11.3.rel1.win32_1.1.0.202305231506/tools/bin/../lib/gcc/arm-none-eabi/11.3.1/thumb/v7-m/nofp/crti.o
                0x0000000008007820                _fini
 .fini          0x0000000008007824        0x8 C:/ST/STM32CubeIDE_1.12.1/STM32CubeIDE/plugins/com.st.stm32cube.ide.mcu.externaltools.gnu-tools-for-stm32.11.3.rel1.win32_1.1.0.202305231506/tools/bin/../lib/gcc/arm-none-eabi/11.3.1/thumb/v7-m/nofp/crtn.o
                0x000000000800782c                . = ALIGN (0x4)
                0x000000000800782c                _etext = .

.vfp11_veneer   0x000000000800782c        0x0
 .vfp11_veneer  0x000000000800782c        0x0 linker stubs

.v4_bx          0x000000000800782c        0x0
 .v4_bx         0x000000000800782c        0x0 linker stubs

.iplt           0x000000000800782c        0x0
 .iplt          0x000000000800782c        0x0 C:/ST/STM32CubeIDE_1.12.1/STM32CubeIDE/plugins/com.st.stm32cube.ide.mcu.externaltools.gnu-tools-for-stm32.11.3.rel1.win32_1.1.0.202305231506/tools/bin/../lib/gcc/arm-none-eabi/11.3.1/thumb/v7-m/nofp/crtbegin.o

.rodata         0x000000000800782c       0x80
                0x000000000800782c                . = ALIGN (0x4)
 *(.rodata)
 .rodata        0x000000000800782c       0x4e ./USB_DEVICE/App/usbd_desc.o
 *fill*         0x000000000800787a        0x2 
 .rodata        0x000000000800787c       0x2e ./USB_DEVICE/App/usbd_dfu_if.o
 *(.rodata*)
                0x00000000080078ac                . = ALIGN (0x4)
 *fill*         0x00000000080078aa        0x2 

.rel.dyn        0x00000000080078ac        0x0
 .rel.iplt      0x00000000080078ac        0x0 C:/ST/STM32CubeIDE_1.12.1/STM32CubeIDE/plugins/com.st.stm32cube.ide.mcu.externaltools.gnu-tools-for-stm32.11.3.rel1.win32_1.1.0.202305231506/tools/bin/../lib/gcc/arm-none-eabi/11.3.1/thumb/v7-m/nofp/crtbegin.o

.ARM.extab      0x00000000080078ac        0x0
                0x00000000080078ac                . = ALIGN (0x4)
 *(.ARM.extab* .gnu.linkonce.armextab.*)
                0x00000000080078ac                . = ALIGN (0x4)

.ARM            0x00000000080078ac        0x0
                0x00000000080078ac                . = ALIGN (0x4)
                0x00000000080078ac                __exidx_start = .
 *(.ARM.exidx*)
                0x00000000080078ac                __exidx_end = .
                0x00000000080078ac                . = ALIGN (0x4)

.preinit_array  0x00000000080078ac        0x0
                0x00000000080078ac                . = ALIGN (0x4)
                0x00000000080078ac                PROVIDE (__preinit_array_start = .)
 *(.preinit_array*)
                0x00000000080078ac                PROVIDE (__preinit_array_end = .)
                0x00000000080078ac                . = ALIGN (0x4)

.init_array     0x00000000080078ac        0x4
                0x00000000080078ac                . = ALIGN (0x4)
                0x00000000080078ac                PROVIDE (__init_array_start = .)
 *(SORT_BY_NAME(.init_array.*))
 *(.init_array*)
 .init_array    0x00000000080078ac        0x4 C:/ST/STM32CubeIDE_1.12.1/STM32CubeIDE/plugins/com.st.stm32cube.ide.mcu.externaltools.gnu-tools-for-stm32.11.3.rel1.win32_1.1.0.202305231506/tools/bin/../lib/gcc/arm-none-eabi/11.3.1/thumb/v7-m/nofp/crtbegin.o
                0x00000000080078b0                PROVIDE (__init_array_end = .)
                0x00000000080078b0                . = ALIGN (0x4)

.fini_array     0x00000000080078b0        0x4
                0x00000000080078b0                . = ALIGN (0x4)
                [!provide]                        PROVIDE (__fini_array_start = .)
 *(SORT_BY_NAME(.fini_array.*))
 *(.fini_array*)
 .fini_array    0x00000000080078b0        0x4 C:/ST/STM32CubeIDE_1.12.1/STM32CubeIDE/plugins/com.st.stm32cube.ide.mcu.externaltools.gnu-tools-for-stm32.11.3.rel1.win32_1.1.0.202305231506/tools/bin/../lib/gcc/arm-none-eabi/11.3.1/thumb/v7-m/nofp/crtbegin.o
                [!provide]                        PROVIDE (__fini_array_end = .)
                0x00000000080078b4                . = ALIGN (0x4)
                0x00000000080078b4                _sidata = LOADADDR (.data)

.data           0x0000000020000000       0xdc load address 0x00000000080078b4
                0x0000000020000000                . = ALIGN (0x4)
                0x0000000020000000                _sdata = .
 *(.data)
 *(.data*)
 .data.SystemCoreClock
                0x0000000020000000        0x4 ./Core/Src/system_stm32f1xx.o
                0x0000000020000000                SystemCoreClock
 .data.uwTickPrio
                0x0000000020000004        0x4 ./Drivers/STM32F1xx_HAL_Driver/Src/stm32f1xx_hal.o
                0x0000000020000004                uwTickPrio
 .data.uwTickFreq
                0x0000000020000008        0x1 ./Drivers/STM32F1xx_HAL_Driver/Src/stm32f1xx_hal.o
                0x0000000020000008                uwTickFreq
 *fill*         0x0000000020000009        0x3 
 .data.USBD_DFU
                0x000000002000000c       0x3c ./Middlewares/ST/STM32_USB_Device_Library/Class/DFU/Src/usbd_dfu.o
                0x000000002000000c                USBD_DFU
 .data.USBD_DFU_CfgDesc
                0x0000000020000048       0x1b ./Middlewares/ST/STM32_USB_Device_Library/Class/DFU/Src/usbd_dfu.o
 *fill*         0x0000000020000063        0x1 
 .data.USBD_DFU_DeviceQualifierDesc
                0x0000000020000064        0xa ./Middlewares/ST/STM32_USB_Device_Library/Class/DFU/Src/usbd_dfu.o
 *fill*         0x000000002000006e        0x2 
 .data.FS_Desc  0x0000000020000070       0x1c ./USB_DEVICE/App/usbd_desc.o
                0x0000000020000070                FS_Desc
 .data.USBD_FS_DeviceDesc
                0x000000002000008c       0x12 ./USB_DEVICE/App/usbd_desc.o
                0x000000002000008c                USBD_FS_DeviceDesc
 *fill*         0x000000002000009e        0x2 
 .data.USBD_LangIDDesc
                0x00000000200000a0        0x4 ./USB_DEVICE/App/usbd_desc.o
                0x00000000200000a0                USBD_LangIDDesc
 .data.USBD_StringSerial
                0x00000000200000a4       0x1a ./USB_DEVICE/App/usbd_desc.o
                0x00000000200000a4                USBD_StringSerial
 *fill*         0x00000000200000be        0x2 
 .data.USBD_DFU_fops_FS
                0x00000000200000c0       0x1c ./USB_DEVICE/App/usbd_dfu_if.o
                0x00000000200000c0                USBD_DFU_fops_FS
 *(.RamFunc)
 *(.RamFunc*)
                0x00000000200000dc                . = ALIGN (0x4)
                0x00000000200000dc                _edata = .

.igot.plt       0x00000000200000dc        0x0 load address 0x0000000008007990
 .igot.plt      0x00000000200000dc        0x0 C:/ST/STM32CubeIDE_1.12.1/STM32CubeIDE/plugins/com.st.stm32cube.ide.mcu.externaltools.gnu-tools-for-stm32.11.3.rel1.win32_1.1.0.202305231506/tools/bin/../lib/gcc/arm-none-eabi/11.3.1/thumb/v7-m/nofp/crtbegin.o
                0x00000000200000dc                . = ALIGN (0x4)

.bss            0x00000000200000e0      0xd14 load address 0x0000000008007990
                0x00000000200000e0                _sbss = .
                0x00000000200000e0                __bss_start__ = _sbss
 *(.bss)
 .bss           0x00000000200000e0       0x1c C:/ST/STM32CubeIDE_1.12.1/STM32CubeIDE/plugins/com.st.stm32cube.ide.mcu.externaltools.gnu-tools-for-stm32.11.3.rel1.win32_1.1.0.202305231506/tools/bin/../lib/gcc/arm-none-eabi/11.3.1/thumb/v7-m/nofp/crtbegin.o
 *(.bss*)
 .bss.uwTick    0x00000000200000fc        0x4 ./Drivers/STM32F1xx_HAL_Driver/Src/stm32f1xx_hal.o
                0x00000000200000fc                uwTick
 .bss.pFlash    0x0000000020000100       0x20 ./Drivers/STM32F1xx_HAL_Driver/Src/stm32f1xx_hal_flash.o
                0x0000000020000100                pFlash
 .bss.USBD_StrDesc.0
                0x0000000020000120       0xff ./Middlewares/ST/STM32_USB_Device_Library/Class/DFU/Src/usbd_dfu.o
 .bss.cfgidx.0  0x000000002000021f        0x1 ./Middlewares/ST/STM32_USB_Device_Library/Core/Src/usbd_ctlreq.o
 .bss.hUsbDeviceFS
                0x0000000020000220      0x2c4 ./USB_DEVICE/App/usb_device.o
                0x0000000020000220                hUsbDeviceFS
 .bss.USBD_StrDesc
                0x00000000200004e4      0x200 ./USB_DEVICE/App/usbd_desc.o
                0x00000000200004e4                USBD_StrDesc
 .bss.hpcd_USB_FS
                0x00000000200006e4      0x2f0 ./USB_DEVICE/Target/usbd_conf.o
                0x00000000200006e4                hpcd_USB_FS
 .bss.mem.0     0x00000000200009d4      0x420 ./USB_DEVICE/Target/usbd_conf.o
 *(COMMON)
                0x0000000020000df4                . = ALIGN (0x4)
                0x0000000020000df4                _ebss = .
                0x0000000020000df4                __bss_end__ = _ebss

._user_heap_stack
                0x0000000020000df4      0x604 load address 0x0000000008007990
                0x0000000020000df8                . = ALIGN (0x8)
 *fill*         0x0000000020000df4        0x4 
                [!provide]                        PROVIDE (end = .)
                0x0000000020000df8                PROVIDE (_end = .)
                0x0000000020000ff8                . = (. + _Min_Heap_Size)
 *fill*         0x0000000020000df8      0x200 
                0x00000000200013f8                . = (. + _Min_Stack_Size)
 *fill*         0x0000000020000ff8      0x400 
                0x00000000200013f8                . = ALIGN (0x8)

/DISCARD/
 libc.a(*)
 libm.a(*)
 libgcc.a(*)

.ARM.attributes
                0x0000000000000000       0x29
 *(.ARM.attributes)
 .ARM.attributes
                0x0000000000000000       0x1d C:/ST/STM32CubeIDE_1.12.1/STM32CubeIDE/plugins/com.st.stm32cube.ide.mcu.externaltools.gnu-tools-for-stm32.11.3.rel1.win32_1.1.0.202305231506/tools/bin/../lib/gcc/arm-none-eabi/11.3.1/thumb/v7-m/nofp/crti.o
 .ARM.attributes
                0x000000000000001d       0x2d C:/ST/STM32CubeIDE_1.12.1/STM32CubeIDE/plugins/com.st.stm32cube.ide.mcu.externaltools.gnu-tools-for-stm32.11.3.rel1.win32_1.1.0.202305231506/tools/bin/../lib/gcc/arm-none-eabi/11.3.1/thumb/v7-m/nofp/crtbegin.o
 .ARM.attributes
                0x000000000000004a       0x2d ./Core/Src/main.o
 .ARM.attributes
                0x0000000000000077       0x2d ./Core/Src/stm32f1xx_hal_msp.o
 .ARM.attributes
                0x00000000000000a4       0x2d ./Core/Src/stm32f1xx_it.o
 .ARM.attributes
                0x00000000000000d1       0x2d ./Core/Src/system_stm32f1xx.o
 .ARM.attributes
                0x00000000000000fe       0x21 ./Core/Startup/startup_stm32f103rctx.o
 .ARM.attributes
                0x000000000000011f       0x2d ./Drivers/STM32F1xx_HAL_Driver/Src/stm32f1xx_hal.o
 .ARM.attributes
                0x000000000000014c       0x2d ./Drivers/STM32F1xx_HAL_Driver/Src/stm32f1xx_hal_cortex.o
 .ARM.attributes
                0x0000000000000179       0x2d ./Drivers/STM32F1xx_HAL_Driver/Src/stm32f1xx_hal_flash.o
 .ARM.attributes
                0x00000000000001a6       0x2d ./Drivers/STM32F1xx_HAL_Driver/Src/stm32f1xx_hal_flash_ex.o
 .ARM.attributes
                0x00000000000001d3       0x2d ./Drivers/STM32F1xx_HAL_Driver/Src/stm32f1xx_hal_pcd.o
 .ARM.attributes
                0x0000000000000200       0x2d ./Drivers/STM32F1xx_HAL_Driver/Src/stm32f1xx_hal_pcd_ex.o
 .ARM.attributes
                0x000000000000022d       0x2d ./Drivers/STM32F1xx_HAL_Driver/Src/stm32f1xx_ll_gpio.o
 .ARM.attributes
                0x000000000000025a       0x2d ./Drivers/STM32F1xx_HAL_Driver/Src/stm32f1xx_ll_usb.o
 .ARM.attributes
                0x0000000000000287       0x2d ./Drivers/STM32F1xx_HAL_Driver/Src/stm32f1xx_ll_utils.o
 .ARM.attributes
                0x00000000000002b4       0x2d ./Middlewares/ST/STM32_USB_Device_Library/Class/DFU/Src/usbd_dfu.o
 .ARM.attributes
                0x00000000000002e1       0x2d ./Middlewares/ST/STM32_USB_Device_Library/Core/Src/usbd_core.o
 .ARM.attributes
                0x000000000000030e       0x2d ./Middlewares/ST/STM32_USB_Device_Library/Core/Src/usbd_ctlreq.o
 .ARM.attributes
                0x000000000000033b       0x2d ./Middlewares/ST/STM32_USB_Device_Library/Core/Src/usbd_ioreq.o
 .ARM.attributes
                0x0000000000000368       0x2d ./USB_DEVICE/App/usb_device.o
 .ARM.attributes
                0x0000000000000395       0x2d ./USB_DEVICE/App/usbd_desc.o
 .ARM.attributes
                0x00000000000003c2       0x2d ./USB_DEVICE/App/usbd_dfu_if.o
 .ARM.attributes
                0x00000000000003ef       0x2d ./USB_DEVICE/Target/usbd_conf.o
 .ARM.attributes
                0x000000000000041c       0x2d C:/ST/STM32CubeIDE_1.12.1/STM32CubeIDE/plugins/com.st.stm32cube.ide.mcu.externaltools.gnu-tools-for-stm32.11.3.rel1.win32_1.1.0.202305231506/tools/bin/../lib/gcc/arm-none-eabi/11.3.1/../../../../arm-none-eabi/lib/thumb/v7-m/nofp\libc_nano.a(libc_a-init.o)
 .ARM.attributes
                0x0000000000000449       0x1d C:/ST/STM32CubeIDE_1.12.1/STM32CubeIDE/plugins/com.st.stm32cube.ide.mcu.externaltools.gnu-tools-for-stm32.11.3.rel1.win32_1.1.0.202305231506/tools/bin/../lib/gcc/arm-none-eabi/11.3.1/thumb/v7-m/nofp/crtn.o
OUTPUT(bootloader.elf elf32-littlearm)
LOAD linker stubs
LOAD C:/ST/STM32CubeIDE_1.12.1/STM32CubeIDE/plugins/com.st.stm32cube.ide.mcu.externaltools.gnu-tools-for-stm32.11.3.rel1.win32_1.1.0.202305231506/tools/bin/../lib/gcc/arm-none-eabi/11.3.1/../../../../arm-none-eabi/lib/thumb/v7-m/nofp\libc.a
LOAD C:/ST/STM32CubeIDE_1.12.1/STM32CubeIDE/plugins/com.st.stm32cube.ide.mcu.externaltools.gnu-tools-for-stm32.11.3.rel1.win32_1.1.0.202305231506/tools/bin/../lib/gcc/arm-none-eabi/11.3.1/../../../../arm-none-eabi/lib/thumb/v7-m/nofp\libm.a
LOAD C:/ST/STM32CubeIDE_1.12.1/STM32CubeIDE/plugins/com.st.stm32cube.ide.mcu.externaltools.gnu-tools-for-stm32.11.3.rel1.win32_1.1.0.202305231506/tools/bin/../lib/gcc/arm-none-eabi/11.3.1/thumb/v7-m/nofp\libgcc.a

.comment        0x0000000000000000       0x43
 .comment       0x0000000000000000       0x43 C:/ST/STM32CubeIDE_1.12.1/STM32CubeIDE/plugins/com.st.stm32cube.ide.mcu.externaltools.gnu-tools-for-stm32.11.3.rel1.win32_1.1.0.202305231506/tools/bin/../lib/gcc/arm-none-eabi/11.3.1/thumb/v7-m/nofp/crtbegin.o
                                         0x44 (size before relaxing)
 .comment       0x0000000000000043       0x44 ./Core/Src/main.o
 .comment       0x0000000000000043       0x44 ./Core/Src/stm32f1xx_hal_msp.o
 .comment       0x0000000000000043       0x44 ./Core/Src/stm32f1xx_it.o
 .comment       0x0000000000000043       0x44 ./Core/Src/system_stm32f1xx.o
 .comment       0x0000000000000043       0x44 ./Drivers/STM32F1xx_HAL_Driver/Src/stm32f1xx_hal.o
 .comment       0x0000000000000043       0x44 ./Drivers/STM32F1xx_HAL_Driver/Src/stm32f1xx_hal_cortex.o
 .comment       0x0000000000000043       0x44 ./Drivers/STM32F1xx_HAL_Driver/Src/stm32f1xx_hal_flash.o
 .comment       0x0000000000000043       0x44 ./Drivers/STM32F1xx_HAL_Driver/Src/stm32f1xx_hal_flash_ex.o
 .comment       0x0000000000000043       0x44 ./Drivers/STM32F1xx_HAL_Driver/Src/stm32f1xx_hal_pcd.o
 .comment       0x0000000000000043       0x44 ./Drivers/STM32F1xx_HAL_Driver/Src/stm32f1xx_hal_pcd_ex.o
 .comment       0x0000000000000043       0x44 ./Drivers/STM32F1xx_HAL_Driver/Src/stm32f1xx_ll_gpio.o
 .comment       0x0000000000000043       0x44 ./Drivers/STM32F1xx_HAL_Driver/Src/stm32f1xx_ll_usb.o
 .comment       0x0000000000000043       0x44 ./Drivers/STM32F1xx_HAL_Driver/Src/stm32f1xx_ll_utils.o
 .comment       0x0000000000000043       0x44 ./Middlewares/ST/STM32_USB_Device_Library/Class/DFU/Src/usbd_dfu.o
 .comment       0x0000000000000043       0x44 ./Middlewares/ST/STM32_USB_Device_Library/Core/Src/usbd_core.o
 .comment       0x0000000000000043       0x44 ./Middlewares/ST/STM32_USB_Device_Library/Core/Src/usbd_ctlreq.o
 .comment       0x0000000000000043       0x44 ./Middlewares/ST/STM32_USB_Device_Library/Core/Src/usbd_ioreq.o
 .comment       0x0000000000000043       0x44 ./USB_DEVICE/App/usb_device.o
 .comment       0x0000000000000043       0x44 ./USB_DEVICE/App/usbd_desc.o
 .comment       0x0000000000000043       0x44 ./USB_DEVICE/App/usbd_dfu_if.o
 .comment       0x0000000000000043       0x44 ./USB_DEVICE/Target/usbd_conf.o

.debug_info     0x0000000000000000     0xcc43
 .debug_info    0x0000000000000000      0xc02 ./Core/Src/main.o
 .debug_info    0x0000000000000c02      0x23b ./Core/Src/stm32f1xx_hal_msp.o
 .debug_info    0x0000000000000e3d      0x621 ./Core/Src/stm32f1xx_it.o
 .debug_info    0x000000000000145e      0x222 ./Core/Src/system_stm32f1xx.o
 .debug_info    0x0000000000001680       0x23 ./Core/Startup/startup_stm32f103rctx.o
 .debug_info    0x00000000000016a3      0x76a ./Drivers/STM32F1xx_HAL_Driver/Src/stm32f1xx_hal.o
 .debug_info    0x0000000000001e0d      0xaed ./Drivers/STM32F1xx_HAL_Driver/Src/stm32f1xx_hal_cortex.o
 .debug_info    0x00000000000028fa      0x4f8 ./Drivers/STM32F1xx_HAL_Driver/Src/stm32f1xx_hal_flash.o
 .debug_info    0x0000000000002df2      0x777 ./Drivers/STM32F1xx_HAL_Driver/Src/stm32f1xx_hal_flash_ex.o
 .debug_info    0x0000000000003569     0x16cf ./Drivers/STM32F1xx_HAL_Driver/Src/stm32f1xx_hal_pcd.o
 .debug_info    0x0000000000004c38      0x6b6 ./Drivers/STM32F1xx_HAL_Driver/Src/stm32f1xx_hal_pcd_ex.o
 .debug_info    0x00000000000052ee      0x5a1 ./Drivers/STM32F1xx_HAL_Driver/Src/stm32f1xx_ll_gpio.o
 .debug_info    0x000000000000588f     0x17a2 ./Drivers/STM32F1xx_HAL_Driver/Src/stm32f1xx_ll_usb.o
 .debug_info    0x0000000000007031      0x7e8 ./Drivers/STM32F1xx_HAL_Driver/Src/stm32f1xx_ll_utils.o
 .debug_info    0x0000000000007819      0xfe3 ./Middlewares/ST/STM32_USB_Device_Library/Class/DFU/Src/usbd_dfu.o
 .debug_info    0x00000000000087fc      0xaa6 ./Middlewares/ST/STM32_USB_Device_Library/Core/Src/usbd_core.o
 .debug_info    0x00000000000092a2      0x972 ./Middlewares/ST/STM32_USB_Device_Library/Core/Src/usbd_ctlreq.o
 .debug_info    0x0000000000009c14      0x6f6 ./Middlewares/ST/STM32_USB_Device_Library/Core/Src/usbd_ioreq.o
 .debug_info    0x000000000000a30a      0x6d5 ./USB_DEVICE/App/usb_device.o
 .debug_info    0x000000000000a9df      0x476 ./USB_DEVICE/App/usbd_desc.o
 .debug_info    0x000000000000ae55      0x4d7 ./USB_DEVICE/App/usbd_dfu_if.o
 .debug_info    0x000000000000b32c     0x1917 ./USB_DEVICE/Target/usbd_conf.o

.debug_abbrev   0x0000000000000000     0x2dcc
 .debug_abbrev  0x0000000000000000      0x35d ./Core/Src/main.o
 .debug_abbrev  0x000000000000035d       0xe0 ./Core/Src/stm32f1xx_hal_msp.o
 .debug_abbrev  0x000000000000043d      0x1aa ./Core/Src/stm32f1xx_it.o
 .debug_abbrev  0x00000000000005e7      0x13f ./Core/Src/system_stm32f1xx.o
 .debug_abbrev  0x0000000000000726       0x12 ./Core/Startup/startup_stm32f103rctx.o
 .debug_abbrev  0x0000000000000738      0x201 ./Drivers/STM32F1xx_HAL_Driver/Src/stm32f1xx_hal.o
 .debug_abbrev  0x0000000000000939      0x2f8 ./Drivers/STM32F1xx_HAL_Driver/Src/stm32f1xx_hal_cortex.o
 .debug_abbrev  0x0000000000000c31      0x250 ./Drivers/STM32F1xx_HAL_Driver/Src/stm32f1xx_hal_flash.o
 .debug_abbrev  0x0000000000000e81      0x247 ./Drivers/STM32F1xx_HAL_Driver/Src/stm32f1xx_hal_flash_ex.o
 .debug_abbrev  0x00000000000010c8      0x2d6 ./Drivers/STM32F1xx_HAL_Driver/Src/stm32f1xx_hal_pcd.o
 .debug_abbrev  0x000000000000139e      0x189 ./Drivers/STM32F1xx_HAL_Driver/Src/stm32f1xx_hal_pcd_ex.o
 .debug_abbrev  0x0000000000001527      0x20d ./Drivers/STM32F1xx_HAL_Driver/Src/stm32f1xx_ll_gpio.o
 .debug_abbrev  0x0000000000001734      0x1de ./Drivers/STM32F1xx_HAL_Driver/Src/stm32f1xx_ll_usb.o
 .debug_abbrev  0x0000000000001912      0x24e ./Drivers/STM32F1xx_HAL_Driver/Src/stm32f1xx_ll_utils.o
 .debug_abbrev  0x0000000000001b60      0x33d ./Middlewares/ST/STM32_USB_Device_Library/Class/DFU/Src/usbd_dfu.o
 .debug_abbrev  0x0000000000001e9d      0x252 ./Middlewares/ST/STM32_USB_Device_Library/Core/Src/usbd_core.o
 .debug_abbrev  0x00000000000020ef      0x272 ./Middlewares/ST/STM32_USB_Device_Library/Core/Src/usbd_ctlreq.o
 .debug_abbrev  0x0000000000002361      0x1aa ./Middlewares/ST/STM32_USB_Device_Library/Core/Src/usbd_ioreq.o
 .debug_abbrev  0x000000000000250b      0x1a5 ./USB_DEVICE/App/usb_device.o
 .debug_abbrev  0x00000000000026b0      0x217 ./USB_DEVICE/App/usbd_desc.o
 .debug_abbrev  0x00000000000028c7      0x1e7 ./USB_DEVICE/App/usbd_dfu_if.o
 .debug_abbrev  0x0000000000002aae      0x31e ./USB_DEVICE/Target/usbd_conf.o

.debug_aranges  0x0000000000000000      0xcb0
 .debug_aranges
                0x0000000000000000       0xd0 ./Core/Src/main.o
 .debug_aranges
                0x00000000000000d0       0x20 ./Core/Src/stm32f1xx_hal_msp.o
 .debug_aranges
                0x00000000000000f0       0x68 ./Core/Src/stm32f1xx_it.o
 .debug_aranges
                0x0000000000000158       0x28 ./Core/Src/system_stm32f1xx.o
 .debug_aranges
                0x0000000000000180       0x28 ./Core/Startup/startup_stm32f103rctx.o
 .debug_aranges
                0x00000000000001a8       0xe0 ./Drivers/STM32F1xx_HAL_Driver/Src/stm32f1xx_hal.o
 .debug_aranges
                0x0000000000000288      0x100 ./Drivers/STM32F1xx_HAL_Driver/Src/stm32f1xx_hal_cortex.o
 .debug_aranges
                0x0000000000000388       0x88 ./Drivers/STM32F1xx_HAL_Driver/Src/stm32f1xx_hal_flash.o
 .debug_aranges
                0x0000000000000410       0x98 ./Drivers/STM32F1xx_HAL_Driver/Src/stm32f1xx_hal_flash_ex.o
 .debug_aranges
                0x00000000000004a8      0x140 ./Drivers/STM32F1xx_HAL_Driver/Src/stm32f1xx_hal_pcd.o
 .debug_aranges
                0x00000000000005e8       0x38 ./Drivers/STM32F1xx_HAL_Driver/Src/stm32f1xx_hal_pcd_ex.o
 .debug_aranges
                0x0000000000000620       0x60 ./Drivers/STM32F1xx_HAL_Driver/Src/stm32f1xx_ll_gpio.o
 .debug_aranges
                0x0000000000000680       0xf8 ./Drivers/STM32F1xx_HAL_Driver/Src/stm32f1xx_ll_usb.o
 .debug_aranges
                0x0000000000000778       0xf8 ./Drivers/STM32F1xx_HAL_Driver/Src/stm32f1xx_ll_utils.o
 .debug_aranges
                0x0000000000000870       0xd0 ./Middlewares/ST/STM32_USB_Device_Library/Class/DFU/Src/usbd_dfu.o
 .debug_aranges
                0x0000000000000940       0xb8 ./Middlewares/ST/STM32_USB_Device_Library/Core/Src/usbd_core.o
 .debug_aranges
                0x00000000000009f8       0x88 ./Middlewares/ST/STM32_USB_Device_Library/Core/Src/usbd_ctlreq.o
 .debug_aranges
                0x0000000000000a80       0x50 ./Middlewares/ST/STM32_USB_Device_Library/Core/Src/usbd_ioreq.o
 .debug_aranges
                0x0000000000000ad0       0x20 ./USB_DEVICE/App/usb_device.o
 .debug_aranges
                0x0000000000000af0       0x60 ./USB_DEVICE/App/usbd_desc.o
 .debug_aranges
                0x0000000000000b50       0x48 ./USB_DEVICE/App/usbd_dfu_if.o
 .debug_aranges
                0x0000000000000b98      0x118 ./USB_DEVICE/Target/usbd_conf.o

.debug_rnglists
                0x0000000000000000      0x951
 .debug_rnglists
                0x0000000000000000       0x99 ./Core/Src/main.o
 .debug_rnglists
                0x0000000000000099       0x13 ./Core/Src/stm32f1xx_hal_msp.o
 .debug_rnglists
                0x00000000000000ac       0x49 ./Core/Src/stm32f1xx_it.o
 .debug_rnglists
                0x00000000000000f5       0x1a ./Core/Src/system_stm32f1xx.o
 .debug_rnglists
                0x000000000000010f       0x19 ./Core/Startup/startup_stm32f103rctx.o
 .debug_rnglists
                0x0000000000000128       0xa3 ./Drivers/STM32F1xx_HAL_Driver/Src/stm32f1xx_hal.o
 .debug_rnglists
                0x00000000000001cb       0xbb ./Drivers/STM32F1xx_HAL_Driver/Src/stm32f1xx_hal_cortex.o
 .debug_rnglists
                0x0000000000000286       0x66 ./Drivers/STM32F1xx_HAL_Driver/Src/stm32f1xx_hal_flash.o
 .debug_rnglists
                0x00000000000002ec       0x74 ./Drivers/STM32F1xx_HAL_Driver/Src/stm32f1xx_hal_flash_ex.o
 .debug_rnglists
                0x0000000000000360       0xf4 ./Drivers/STM32F1xx_HAL_Driver/Src/stm32f1xx_hal_pcd.o
 .debug_rnglists
                0x0000000000000454       0x26 ./Drivers/STM32F1xx_HAL_Driver/Src/stm32f1xx_hal_pcd_ex.o
 .debug_rnglists
                0x000000000000047a       0x45 ./Drivers/STM32F1xx_HAL_Driver/Src/stm32f1xx_ll_gpio.o
 .debug_rnglists
                0x00000000000004bf       0xbd ./Drivers/STM32F1xx_HAL_Driver/Src/stm32f1xx_ll_usb.o
 .debug_rnglists
                0x000000000000057c       0xb7 ./Drivers/STM32F1xx_HAL_Driver/Src/stm32f1xx_ll_utils.o
 .debug_rnglists
                0x0000000000000633       0xa1 ./Middlewares/ST/STM32_USB_Device_Library/Class/DFU/Src/usbd_dfu.o
 .debug_rnglists
                0x00000000000006d4       0x89 ./Middlewares/ST/STM32_USB_Device_Library/Core/Src/usbd_core.o
 .debug_rnglists
                0x000000000000075d       0x68 ./Middlewares/ST/STM32_USB_Device_Library/Core/Src/usbd_ctlreq.o
 .debug_rnglists
                0x00000000000007c5       0x37 ./Middlewares/ST/STM32_USB_Device_Library/Core/Src/usbd_ioreq.o
 .debug_rnglists
                0x00000000000007fc       0x13 ./USB_DEVICE/App/usb_device.o
 .debug_rnglists
                0x000000000000080f       0x43 ./USB_DEVICE/App/usbd_desc.o
 .debug_rnglists
                0x0000000000000852       0x31 ./USB_DEVICE/App/usbd_dfu_if.o
 .debug_rnglists
                0x0000000000000883       0xce ./USB_DEVICE/Target/usbd_conf.o

.debug_macro    0x0000000000000000    0x1c2d5
 .debug_macro   0x0000000000000000      0x372 ./Core/Src/main.o
 .debug_macro   0x0000000000000372      0xaa2 ./Core/Src/main.o
 .debug_macro   0x0000000000000e14      0x20f ./Core/Src/main.o
 .debug_macro   0x0000000000001023       0x2e ./Core/Src/main.o
 .debug_macro   0x0000000000001051       0x22 ./Core/Src/main.o
 .debug_macro   0x0000000000001073       0x22 ./Core/Src/main.o
 .debug_macro   0x0000000000001095       0x8e ./Core/Src/main.o
 .debug_macro   0x0000000000001123       0x51 ./Core/Src/main.o
 .debug_macro   0x0000000000001174      0x103 ./Core/Src/main.o
 .debug_macro   0x0000000000001277       0x6a ./Core/Src/main.o
 .debug_macro   0x00000000000012e1      0x1df ./Core/Src/main.o
 .debug_macro   0x00000000000014c0       0x1c ./Core/Src/main.o
 .debug_macro   0x00000000000014dc       0x22 ./Core/Src/main.o
 .debug_macro   0x00000000000014fe       0xbd ./Core/Src/main.o
 .debug_macro   0x00000000000015bb      0xd23 ./Core/Src/main.o
 .debug_macro   0x00000000000022de     0xfd8c ./Core/Src/main.o
 .debug_macro   0x000000000001206a       0x6d ./Core/Src/main.o
 .debug_macro   0x00000000000120d7     0x348d ./Core/Src/main.o
 .debug_macro   0x0000000000015564      0x174 ./Core/Src/main.o
 .debug_macro   0x00000000000156d8       0x5c ./Core/Src/main.o
 .debug_macro   0x0000000000015734      0x5bc ./Core/Src/main.o
 .debug_macro   0x0000000000015cf0      0x4d5 ./Core/Src/main.o
 .debug_macro   0x00000000000161c5      0x1cb ./Core/Src/main.o
 .debug_macro   0x0000000000016390      0x114 ./Core/Src/main.o
 .debug_macro   0x00000000000164a4      0x1ea ./Core/Src/main.o
 .debug_macro   0x000000000001668e       0x27 ./Core/Src/main.o
 .debug_macro   0x00000000000166b5      0x144 ./Core/Src/main.o
 .debug_macro   0x00000000000167f9      0x1bc ./Core/Src/main.o
 .debug_macro   0x00000000000169b5       0x30 ./Core/Src/main.o
 .debug_macro   0x00000000000169e5       0x3c ./Core/Src/main.o
 .debug_macro   0x0000000000016a21       0x57 ./Core/Src/main.o
 .debug_macro   0x0000000000016a78       0x87 ./Core/Src/main.o
 .debug_macro   0x0000000000016aff      0x24f ./Core/Src/main.o
 .debug_macro   0x0000000000016d4e      0x140 ./Core/Src/main.o
 .debug_macro   0x0000000000016e8e       0xab ./Core/Src/main.o
 .debug_macro   0x0000000000016f39      0x242 ./Core/Src/main.o
 .debug_macro   0x000000000001717b       0xb5 ./Core/Src/main.o
 .debug_macro   0x0000000000017230      0x2be ./Core/Src/main.o
 .debug_macro   0x00000000000174ee      0x134 ./Core/Src/main.o
 .debug_macro   0x0000000000017622       0x8d ./Core/Src/main.o
 .debug_macro   0x00000000000176af       0xd0 ./Core/Src/main.o
 .debug_macro   0x000000000001777f       0x28 ./Core/Src/main.o
 .debug_macro   0x00000000000177a7       0x2a ./Core/Src/main.o
 .debug_macro   0x00000000000177d1       0x90 ./Core/Src/main.o
 .debug_macro   0x0000000000017861      0x287 ./Core/Src/main.o
 .debug_macro   0x0000000000017ae8      0x229 ./Core/Src/main.o
 .debug_macro   0x0000000000017d11       0x10 ./Core/Src/main.o
 .debug_macro   0x0000000000017d21       0x61 ./Core/Src/main.o
 .debug_macro   0x0000000000017d82       0x24 ./Core/Src/main.o
 .debug_macro   0x0000000000017da6       0x43 ./Core/Src/main.o
 .debug_macro   0x0000000000017de9       0x34 ./Core/Src/main.o
 .debug_macro   0x0000000000017e1d       0x16 ./Core/Src/main.o
 .debug_macro   0x0000000000017e33       0x35 ./Core/Src/main.o
 .debug_macro   0x0000000000017e68      0x369 ./Core/Src/main.o
 .debug_macro   0x00000000000181d1       0x10 ./Core/Src/main.o
 .debug_macro   0x00000000000181e1       0x16 ./Core/Src/main.o
 .debug_macro   0x00000000000181f7       0x43 ./Core/Src/main.o
 .debug_macro   0x000000000001823a       0x34 ./Core/Src/main.o
 .debug_macro   0x000000000001826e       0x10 ./Core/Src/main.o
 .debug_macro   0x000000000001827e       0x58 ./Core/Src/main.o
 .debug_macro   0x00000000000182d6       0x8e ./Core/Src/main.o
 .debug_macro   0x0000000000018364       0x1c ./Core/Src/main.o
 .debug_macro   0x0000000000018380      0x177 ./Core/Src/main.o
 .debug_macro   0x00000000000184f7       0x16 ./Core/Src/main.o
 .debug_macro   0x000000000001850d       0x16 ./Core/Src/main.o
 .debug_macro   0x0000000000018523      0x147 ./Core/Src/main.o
 .debug_macro   0x000000000001866a       0x16 ./Core/Src/main.o
 .debug_macro   0x0000000000018680       0x16 ./Core/Src/main.o
 .debug_macro   0x0000000000018696       0x29 ./Core/Src/main.o
 .debug_macro   0x00000000000186bf       0x16 ./Core/Src/main.o
 .debug_macro   0x00000000000186d5       0x20 ./Core/Src/main.o
 .debug_macro   0x00000000000186f5       0x72 ./Core/Src/main.o
 .debug_macro   0x0000000000018767      0x1c2 ./Core/Src/main.o
 .debug_macro   0x0000000000018929      0x208 ./Core/Src/stm32f1xx_hal_msp.o
 .debug_macro   0x0000000000018b31      0x212 ./Core/Src/stm32f1xx_it.o
 .debug_macro   0x0000000000018d43      0x1a8 ./Core/Src/system_stm32f1xx.o
 .debug_macro   0x0000000000018eeb      0x1cc ./Drivers/STM32F1xx_HAL_Driver/Src/stm32f1xx_hal.o
 .debug_macro   0x00000000000190b7      0x1a8 ./Drivers/STM32F1xx_HAL_Driver/Src/stm32f1xx_hal_cortex.o
 .debug_macro   0x000000000001925f      0x1a8 ./Drivers/STM32F1xx_HAL_Driver/Src/stm32f1xx_hal_flash.o
 .debug_macro   0x0000000000019407      0x1ba ./Drivers/STM32F1xx_HAL_Driver/Src/stm32f1xx_hal_flash_ex.o
 .debug_macro   0x00000000000195c1      0x1b4 ./Drivers/STM32F1xx_HAL_Driver/Src/stm32f1xx_hal_pcd.o
 .debug_macro   0x0000000000019775      0x1a8 ./Drivers/STM32F1xx_HAL_Driver/Src/stm32f1xx_hal_pcd_ex.o
 .debug_macro   0x000000000001991d      0x1e4 ./Drivers/STM32F1xx_HAL_Driver/Src/stm32f1xx_ll_gpio.o
 .debug_macro   0x0000000000019b01      0x223 ./Drivers/STM32F1xx_HAL_Driver/Src/stm32f1xx_ll_gpio.o
 .debug_macro   0x0000000000019d24      0x1a8 ./Drivers/STM32F1xx_HAL_Driver/Src/stm32f1xx_ll_usb.o
 .debug_macro   0x0000000000019ecc      0x225 ./Drivers/STM32F1xx_HAL_Driver/Src/stm32f1xx_ll_utils.o
 .debug_macro   0x000000000001a0f1      0x397 ./Middlewares/ST/STM32_USB_Device_Library/Class/DFU/Src/usbd_dfu.o
 .debug_macro   0x000000000001a488       0x97 ./Middlewares/ST/STM32_USB_Device_Library/Class/DFU/Src/usbd_dfu.o
 .debug_macro   0x000000000001a51f       0xfd ./Middlewares/ST/STM32_USB_Device_Library/Class/DFU/Src/usbd_dfu.o
 .debug_macro   0x000000000001a61c       0x56 ./Middlewares/ST/STM32_USB_Device_Library/Class/DFU/Src/usbd_dfu.o
 .debug_macro   0x000000000001a672      0x10a ./Middlewares/ST/STM32_USB_Device_Library/Class/DFU/Src/usbd_dfu.o
 .debug_macro   0x000000000001a77c      0x37e ./Middlewares/ST/STM32_USB_Device_Library/Core/Src/usbd_core.o
 .debug_macro   0x000000000001aafa      0x1c8 ./Middlewares/ST/STM32_USB_Device_Library/Core/Src/usbd_core.o
 .debug_macro   0x000000000001acc2      0x388 ./Middlewares/ST/STM32_USB_Device_Library/Core/Src/usbd_ctlreq.o
 .debug_macro   0x000000000001b04a      0x384 ./Middlewares/ST/STM32_USB_Device_Library/Core/Src/usbd_ioreq.o
 .debug_macro   0x000000000001b3ce      0x3be ./USB_DEVICE/App/usb_device.o
 .debug_macro   0x000000000001b78c       0x22 ./USB_DEVICE/App/usb_device.o
 .debug_macro   0x000000000001b7ae      0x3bb ./USB_DEVICE/App/usbd_desc.o
 .debug_macro   0x000000000001bb69       0x1c ./USB_DEVICE/App/usbd_desc.o
 .debug_macro   0x000000000001bb85      0x3af ./USB_DEVICE/App/usbd_dfu_if.o
 .debug_macro   0x000000000001bf34      0x3a1 ./USB_DEVICE/Target/usbd_conf.o

.debug_line     0x0000000000000000     0xfdf5
 .debug_line    0x0000000000000000      0xdc5 ./Core/Src/main.o
 .debug_line    0x0000000000000dc5      0x7cc ./Core/Src/stm32f1xx_hal_msp.o
 .debug_line    0x0000000000001591      0x8a5 ./Core/Src/stm32f1xx_it.o
 .debug_line    0x0000000000001e36      0x779 ./Core/Src/system_stm32f1xx.o
 .debug_line    0x00000000000025af       0x79 ./Core/Startup/startup_stm32f103rctx.o
 .debug_line    0x0000000000002628      0x9a6 ./Drivers/STM32F1xx_HAL_Driver/Src/stm32f1xx_hal.o
 .debug_line    0x0000000000002fce      0xb8e ./Drivers/STM32F1xx_HAL_Driver/Src/stm32f1xx_hal_cortex.o
 .debug_line    0x0000000000003b5c      0xa83 ./Drivers/STM32F1xx_HAL_Driver/Src/stm32f1xx_hal_flash.o
 .debug_line    0x00000000000045df      0xb60 ./Drivers/STM32F1xx_HAL_Driver/Src/stm32f1xx_hal_flash_ex.o
 .debug_line    0x000000000000513f     0x13d4 ./Drivers/STM32F1xx_HAL_Driver/Src/stm32f1xx_hal_pcd.o
 .debug_line    0x0000000000006513      0x774 ./Drivers/STM32F1xx_HAL_Driver/Src/stm32f1xx_hal_pcd_ex.o
 .debug_line    0x0000000000006c87      0x969 ./Drivers/STM32F1xx_HAL_Driver/Src/stm32f1xx_ll_gpio.o
 .debug_line    0x00000000000075f0     0x105b ./Drivers/STM32F1xx_HAL_Driver/Src/stm32f1xx_ll_usb.o
 .debug_line    0x000000000000864b      0xb71 ./Drivers/STM32F1xx_HAL_Driver/Src/stm32f1xx_ll_utils.o
 .debug_line    0x00000000000091bc     0x123e ./Middlewares/ST/STM32_USB_Device_Library/Class/DFU/Src/usbd_dfu.o
 .debug_line    0x000000000000a3fa      0xe48 ./Middlewares/ST/STM32_USB_Device_Library/Core/Src/usbd_core.o
 .debug_line    0x000000000000b242     0x109d ./Middlewares/ST/STM32_USB_Device_Library/Core/Src/usbd_ctlreq.o
 .debug_line    0x000000000000c2df      0xade ./Middlewares/ST/STM32_USB_Device_Library/Core/Src/usbd_ioreq.o
 .debug_line    0x000000000000cdbd      0xa9e ./USB_DEVICE/App/usb_device.o
 .debug_line    0x000000000000d85b      0xb67 ./USB_DEVICE/App/usbd_desc.o
 .debug_line    0x000000000000e3c2      0xbc2 ./USB_DEVICE/App/usbd_dfu_if.o
 .debug_line    0x000000000000ef84      0xe71 ./USB_DEVICE/Target/usbd_conf.o

.debug_str      0x0000000000000000    0x98620
 .debug_str     0x0000000000000000    0x94700 ./Core/Src/main.o
                                      0x94cba (size before relaxing)
 .debug_str     0x0000000000094700       0x50 ./Core/Src/stm32f1xx_hal_msp.o
                                      0x9062b (size before relaxing)
 .debug_str     0x0000000000094750      0x3e1 ./Core/Src/stm32f1xx_it.o
                                      0x909ed (size before relaxing)
 .debug_str     0x0000000000094b31       0x6e ./Core/Src/system_stm32f1xx.o
                                      0x8b972 (size before relaxing)
 .debug_str     0x0000000000094b9f       0x34 ./Core/Startup/startup_stm32f103rctx.o
                                         0x6d (size before relaxing)
 .debug_str     0x0000000000094bd3      0x654 ./Drivers/STM32F1xx_HAL_Driver/Src/stm32f1xx_hal.o
                                      0x8c189 (size before relaxing)
 .debug_str     0x0000000000095227      0x218 ./Drivers/STM32F1xx_HAL_Driver/Src/stm32f1xx_hal_cortex.o
                                      0x8c0d5 (size before relaxing)
 .debug_str     0x000000000009543f      0x29e ./Drivers/STM32F1xx_HAL_Driver/Src/stm32f1xx_hal_flash.o
                                      0x8bc4d (size before relaxing)
 .debug_str     0x00000000000956dd      0x359 ./Drivers/STM32F1xx_HAL_Driver/Src/stm32f1xx_hal_flash_ex.o
                                      0x8bdfb (size before relaxing)
 .debug_str     0x0000000000095a36      0x5da ./Drivers/STM32F1xx_HAL_Driver/Src/stm32f1xx_hal_pcd.o
                                      0x8c284 (size before relaxing)
 .debug_str     0x0000000000096010      0x170 ./Drivers/STM32F1xx_HAL_Driver/Src/stm32f1xx_hal_pcd_ex.o
                                      0x8bde6 (size before relaxing)
 .debug_str     0x0000000000096180      0x385 ./Drivers/STM32F1xx_HAL_Driver/Src/stm32f1xx_ll_gpio.o
                                      0x8d501 (size before relaxing)
 .debug_str     0x0000000000096505      0x129 ./Drivers/STM32F1xx_HAL_Driver/Src/stm32f1xx_ll_usb.o
                                      0x8be38 (size before relaxing)
 .debug_str     0x000000000009662e      0xac6 ./Drivers/STM32F1xx_HAL_Driver/Src/stm32f1xx_ll_utils.o
                                      0x8dbeb (size before relaxing)
 .debug_str     0x00000000000970f4      0xc08 ./Middlewares/ST/STM32_USB_Device_Library/Class/DFU/Src/usbd_dfu.o
                                      0x9553c (size before relaxing)
 .debug_str     0x0000000000097cfc      0x292 ./Middlewares/ST/STM32_USB_Device_Library/Core/Src/usbd_core.o
                                      0x94ebf (size before relaxing)
 .debug_str     0x0000000000097f8e      0x10c ./Middlewares/ST/STM32_USB_Device_Library/Core/Src/usbd_ctlreq.o
                                      0x94dd9 (size before relaxing)
 .debug_str     0x000000000009809a       0x78 ./Middlewares/ST/STM32_USB_Device_Library/Core/Src/usbd_ioreq.o
                                      0x94d06 (size before relaxing)
 .debug_str     0x0000000000098112       0xd3 ./USB_DEVICE/App/usb_device.o
                                      0x95282 (size before relaxing)
 .debug_str     0x00000000000981e5      0x254 ./USB_DEVICE/App/usbd_desc.o
                                      0x94c37 (size before relaxing)
 .debug_str     0x0000000000098439      0x15f ./USB_DEVICE/App/usbd_dfu_if.o
                                      0x94ff8 (size before relaxing)
 .debug_str     0x0000000000098598       0x88 ./USB_DEVICE/Target/usbd_conf.o
                                      0x95e24 (size before relaxing)

.debug_frame    0x0000000000000000     0x31d4
 .debug_frame   0x0000000000000000      0x350 ./Core/Src/main.o
 .debug_frame   0x0000000000000350       0x38 ./Core/Src/stm32f1xx_hal_msp.o
 .debug_frame   0x0000000000000388      0x120 ./Core/Src/stm32f1xx_it.o
 .debug_frame   0x00000000000004a8       0x58 ./Core/Src/system_stm32f1xx.o
 .debug_frame   0x0000000000000500      0x334 ./Drivers/STM32F1xx_HAL_Driver/Src/stm32f1xx_hal.o
 .debug_frame   0x0000000000000834      0x428 ./Drivers/STM32F1xx_HAL_Driver/Src/stm32f1xx_hal_cortex.o
 .debug_frame   0x0000000000000c5c      0x20c ./Drivers/STM32F1xx_HAL_Driver/Src/stm32f1xx_hal_flash.o
 .debug_frame   0x0000000000000e68      0x258 ./Drivers/STM32F1xx_HAL_Driver/Src/stm32f1xx_hal_flash_ex.o
 .debug_frame   0x00000000000010c0      0x59c ./Drivers/STM32F1xx_HAL_Driver/Src/stm32f1xx_hal_pcd.o
 .debug_frame   0x000000000000165c       0xb0 ./Drivers/STM32F1xx_HAL_Driver/Src/stm32f1xx_hal_pcd_ex.o
 .debug_frame   0x000000000000170c      0x170 ./Drivers/STM32F1xx_HAL_Driver/Src/stm32f1xx_ll_gpio.o
 .debug_frame   0x000000000000187c      0x478 ./Drivers/STM32F1xx_HAL_Driver/Src/stm32f1xx_ll_usb.o
 .debug_frame   0x0000000000001cf4      0x400 ./Drivers/STM32F1xx_HAL_Driver/Src/stm32f1xx_ll_utils.o
 .debug_frame   0x00000000000020f4      0x36c ./Middlewares/ST/STM32_USB_Device_Library/Class/DFU/Src/usbd_dfu.o
 .debug_frame   0x0000000000002460      0x300 ./Middlewares/ST/STM32_USB_Device_Library/Core/Src/usbd_core.o
 .debug_frame   0x0000000000002760      0x218 ./Middlewares/ST/STM32_USB_Device_Library/Core/Src/usbd_ctlreq.o
 .debug_frame   0x0000000000002978      0x10c ./Middlewares/ST/STM32_USB_Device_Library/Core/Src/usbd_ioreq.o
 .debug_frame   0x0000000000002a84       0x2c ./USB_DEVICE/App/usb_device.o
 .debug_frame   0x0000000000002ab0      0x160 ./USB_DEVICE/App/usbd_desc.o
 .debug_frame   0x0000000000002c10       0xf4 ./USB_DEVICE/App/usbd_dfu_if.o
 .debug_frame   0x0000000000002d04      0x4a4 ./USB_DEVICE/Target/usbd_conf.o
 .debug_frame   0x00000000000031a8       0x2c C:/ST/STM32CubeIDE_1.12.1/STM32CubeIDE/plugins/com.st.stm32cube.ide.mcu.externaltools.gnu-tools-for-stm32.11.3.rel1.win32_1.1.0.202305231506/tools/bin/../lib/gcc/arm-none-eabi/11.3.1/../../../../arm-none-eabi/lib/thumb/v7-m/nofp\libc_nano.a(libc_a-init.o)

.debug_line_str
                0x0000000000000000       0x61
 .debug_line_str
                0x0000000000000000       0x61 ./Core/Startup/startup_stm32f103rctx.o
                                         0x79 (size before relaxing)
