../Drivers/CMSIS/Include/core_cm3.h:1499:26:__NVIC_GetPriorityGrouping	1
../Drivers/CMSIS/Include/core_cm3.h:1511:22:__NVIC_EnableIRQ	2
../Drivers/CMSIS/Include/core_cm3.h:1639:22:__NVIC_SetPriority	2
../Drivers/CMSIS/Include/core_cm3.h:1686:26:NVIC_EncodePriority	2
../Drivers/STM32F1xx_HAL_Driver/Inc/stm32f1xx_ll_dma.h:552:22:LL_DMA_SetDataTransferDirection	1
../Drivers/STM32F1xx_HAL_Driver/Inc/stm32f1xx_ll_dma.h:601:22:LL_DMA_SetMode	1
../Drivers/STM32F1xx_HAL_Driver/Inc/stm32f1xx_ll_dma.h:646:22:LL_DMA_SetPeriphIncMode	1
../Drivers/STM32F1xx_HAL_Driver/Inc/stm32f1xx_ll_dma.h:691:22:LL_DMA_SetMemoryIncMode	1
../Drivers/STM32F1xx_HAL_Driver/Inc/stm32f1xx_ll_dma.h:737:22:LL_DMA_SetPeriphSize	1
../Drivers/STM32F1xx_HAL_Driver/Inc/stm32f1xx_ll_dma.h:784:22:LL_DMA_SetMemorySize	1
../Drivers/STM32F1xx_HAL_Driver/Inc/stm32f1xx_ll_dma.h:832:22:LL_DMA_SetChannelPriorityLevel	1
../Drivers/STM32F1xx_HAL_Driver/Inc/stm32f1xx_ll_dma.h:930:22:LL_DMA_ConfigAddresses	2
../Drivers/STM32F1xx_HAL_Driver/Inc/stm32f1xx_ll_dma.h:1761:22:LL_DMA_EnableIT_TC	1
../Drivers/STM32F1xx_HAL_Driver/Inc/stm32f1xx_ll_rcc.h:772:22:LL_RCC_HSE_Enable	1
../Drivers/STM32F1xx_HAL_Driver/Inc/stm32f1xx_ll_rcc.h:792:26:LL_RCC_HSE_IsReady	1
../Drivers/STM32F1xx_HAL_Driver/Inc/stm32f1xx_ll_rcc.h:1012:22:LL_RCC_SetSysClkSource	1
../Drivers/STM32F1xx_HAL_Driver/Inc/stm32f1xx_ll_rcc.h:1025:26:LL_RCC_GetSysClkSource	1
../Drivers/STM32F1xx_HAL_Driver/Inc/stm32f1xx_ll_rcc.h:1045:22:LL_RCC_SetAHBPrescaler	1
../Drivers/STM32F1xx_HAL_Driver/Inc/stm32f1xx_ll_rcc.h:1061:22:LL_RCC_SetAPB1Prescaler	1
../Drivers/STM32F1xx_HAL_Driver/Inc/stm32f1xx_ll_rcc.h:1077:22:LL_RCC_SetAPB2Prescaler	1
../Drivers/STM32F1xx_HAL_Driver/Inc/stm32f1xx_ll_rcc.h:1201:22:LL_RCC_SetUSBClockSource	1
../Drivers/STM32F1xx_HAL_Driver/Inc/stm32f1xx_ll_rcc.h:1385:22:LL_RCC_PLL_Enable	1
../Drivers/STM32F1xx_HAL_Driver/Inc/stm32f1xx_ll_rcc.h:1406:26:LL_RCC_PLL_IsReady	1
../Drivers/STM32F1xx_HAL_Driver/Inc/stm32f1xx_ll_rcc.h:1475:22:LL_RCC_PLL_ConfigDomain_SYS	1
../Drivers/STM32F1xx_HAL_Driver/Inc/stm32f1xx_ll_bus.h:267:22:LL_AHB1_GRP1_EnableClock	1
../Drivers/STM32F1xx_HAL_Driver/Inc/stm32f1xx_ll_bus.h:445:22:LL_APB1_GRP1_EnableClock	1
../Drivers/STM32F1xx_HAL_Driver/Inc/stm32f1xx_ll_bus.h:761:22:LL_APB2_GRP1_EnableClock	1
../Drivers/STM32F1xx_HAL_Driver/Inc/stm32f1xx_ll_system.h:471:22:LL_FLASH_SetLatency	1
../Drivers/STM32F1xx_HAL_Driver/Inc/stm32f1xx_ll_system.h:484:26:LL_FLASH_GetLatency	1
../Drivers/STM32F1xx_HAL_Driver/Inc/stm32f1xx_ll_spi.h:289:22:LL_SPI_Enable	1
../Drivers/STM32F1xx_HAL_Driver/Inc/stm32f1xx_ll_spi.h:978:22:LL_SPI_EnableDMAReq_TX	1
../Drivers/STM32F1xx_HAL_Driver/Inc/stm32f1xx_ll_spi.h:1011:26:LL_SPI_DMA_GetRegAddr	1
../Drivers/STM32F1xx_HAL_Driver/Inc/stm32f1xx_ll_tim.h:1054:22:LL_TIM_EnableCounter	1
../Drivers/STM32F1xx_HAL_Driver/Inc/stm32f1xx_ll_tim.h:1234:22:LL_TIM_EnableARRPreload	1
../Drivers/STM32F1xx_HAL_Driver/Inc/stm32f1xx_ll_tim.h:1531:22:LL_TIM_CC_EnableChannel	1
../Drivers/STM32F1xx_HAL_Driver/Inc/stm32f1xx_ll_tim.h:1844:22:LL_TIM_OC_DisableFast	7
../Drivers/STM32F1xx_HAL_Driver/Inc/stm32f1xx_ll_tim.h:1888:22:LL_TIM_OC_EnablePreload	7
../Drivers/STM32F1xx_HAL_Driver/Inc/stm32f1xx_ll_tim.h:2078:22:LL_TIM_OC_SetCompareCH4	1
../Drivers/STM32F1xx_HAL_Driver/Inc/stm32f1xx_ll_tim.h:2572:22:LL_TIM_SetClockSource	1
../Drivers/STM32F1xx_HAL_Driver/Inc/stm32f1xx_ll_tim.h:2618:22:LL_TIM_SetTriggerOutput	1
../Drivers/STM32F1xx_HAL_Driver/Inc/stm32f1xx_ll_tim.h:2684:22:LL_TIM_DisableMasterSlaveMode	1
../Drivers/STM32F1xx_HAL_Driver/Inc/stm32f1xx_ll_tim.h:2979:22:LL_TIM_ClearFlag_UPDATE	1
../Drivers/STM32F1xx_HAL_Driver/Inc/stm32f1xx_ll_tim.h:3254:22:LL_TIM_EnableIT_UPDATE	1
../Drivers/STM32F1xx_HAL_Driver/Inc/stm32f1xx_ll_gpio.h:832:22:LL_GPIO_ResetOutputPin	1
../Drivers/STM32F1xx_HAL_Driver/Inc/stm32f1xx_ll_gpio.h:861:22:LL_GPIO_TogglePin	1
../Core/Src/main.c:96:5:main	1
../Core/Src/main.c:207:6:SystemClock_Config	6
../Core/Src/main.c:253:13:MX_SPI1_Init	1
../Core/Src/main.c:321:13:MX_TIM3_Init	1
../Core/Src/main.c:378:13:MX_DMA_Init	1
../Core/Src/main.c:397:13:MX_GPIO_Init	1
../Core/Src/main.c:425:6:cpToLPBuffer	2
../Core/Src/main.c:441:6:Error_Handler	1
