../Drivers/STM32F1xx_HAL_Driver/Inc/stm32f1xx_ll_dma.h:453:22:LL_DMA_EnableChannel	16	static
../Drivers/STM32F1xx_HAL_Driver/Inc/stm32f1xx_ll_dma.h:472:22:LL_DMA_DisableChannel	16	static
../Drivers/STM32F1xx_HAL_Driver/Inc/stm32f1xx_ll_dma.h:879:22:LL_DMA_SetDataLength	24	static
../Drivers/STM32F1xx_HAL_Driver/Inc/stm32f1xx_ll_dma.h:930:22:LL_DMA_ConfigAddresses	24	static
../Drivers/STM32F1xx_HAL_Driver/Inc/stm32f1xx_ll_dma.h:1228:26:LL_DMA_IsActiveFlag_TC3	16	static
../Drivers/STM32F1xx_HAL_Driver/Inc/stm32f1xx_ll_dma.h:1536:22:LL_DMA_ClearFlag_TC3	16	static
../Drivers/STM32F1xx_HAL_Driver/Inc/stm32f1xx_ll_spi.h:758:26:LL_SPI_IsActiveFlag_BSY	16	static
../Drivers/STM32F1xx_HAL_Driver/Inc/stm32f1xx_ll_spi.h:1011:26:LL_SPI_DMA_GetRegAddr	16	static
../Drivers/STM32F1xx_HAL_Driver/Inc/stm32f1xx_ll_tim.h:2979:22:LL_TIM_ClearFlag_UPDATE	16	static
../Drivers/STM32F1xx_HAL_Driver/Inc/stm32f1xx_ll_tim.h:2990:26:LL_TIM_IsActiveFlag_UPDATE	16	static
../Drivers/STM32F1xx_HAL_Driver/Inc/stm32f1xx_ll_tim.h:3067:22:LL_TIM_ClearFlag_CC4	16	static
../Drivers/STM32F1xx_HAL_Driver/Inc/stm32f1xx_ll_tim.h:3078:26:LL_TIM_IsActiveFlag_CC4	16	static
../Drivers/STM32F1xx_HAL_Driver/Inc/stm32f1xx_ll_gpio.h:803:22:LL_GPIO_SetOutputPin	16	static
../Drivers/STM32F1xx_HAL_Driver/Inc/stm32f1xx_ll_gpio.h:832:22:LL_GPIO_ResetOutputPin	16	static
../Core/Src/stm32f1xx_it.c:71:6:NMI_Handler	4	static
../Core/Src/stm32f1xx_it.c:86:6:HardFault_Handler	4	static
../Core/Src/stm32f1xx_it.c:101:6:MemManage_Handler	4	static
../Core/Src/stm32f1xx_it.c:116:6:BusFault_Handler	4	static
../Core/Src/stm32f1xx_it.c:131:6:UsageFault_Handler	4	static
../Core/Src/stm32f1xx_it.c:146:6:SVC_Handler	4	static
../Core/Src/stm32f1xx_it.c:159:6:DebugMon_Handler	4	static
../Core/Src/stm32f1xx_it.c:172:6:PendSV_Handler	4	static
../Core/Src/stm32f1xx_it.c:185:6:SysTick_Handler	8	static
../Core/Src/stm32f1xx_it.c:206:6:DMA1_Channel3_IRQHandler	8	static
../Core/Src/stm32f1xx_it.c:227:6:USB_LP_CAN1_RX0_IRQHandler	8	static
../Core/Src/stm32f1xx_it.c:241:6:TIM3_IRQHandler	24	static
../Core/Src/stm32f1xx_it.c:282:6:TIM6_IRQHandler	4	static
